Archive member included to satisfy reference by file (symbol)

/opt/devkitpro/devkitARM/lib/gcc/arm-none-eabi/8.1.0/../../../../arm-none-eabi/lib/thumb/libg.a(lib_a-init.o)
                              /opt/devkitpro/devkitARM/lib/gcc/arm-none-eabi/8.1.0/../../../../arm-none-eabi/lib/thumb/gba_crt0.o (__libc_init_array)
/opt/devkitpro/devkitARM/lib/gcc/arm-none-eabi/8.1.0/../../../../arm-none-eabi/lib/thumb/libg.a(lib_a-memset.o)
                              text.o (memset)
/opt/devkitpro/devkitARM/lib/gcc/arm-none-eabi/8.1.0/../../../../arm-none-eabi/lib/thumb/libg.a(lib_a-vsnprintf.o)
                              text.o (vsnprintf)
/opt/devkitpro/devkitARM/lib/gcc/arm-none-eabi/8.1.0/../../../../arm-none-eabi/lib/thumb/libg.a(lib_a-svfprintf.o)
                              /opt/devkitpro/devkitARM/lib/gcc/arm-none-eabi/8.1.0/../../../../arm-none-eabi/lib/thumb/libg.a(lib_a-vsnprintf.o) (_svfprintf_r)
/opt/devkitpro/devkitARM/lib/gcc/arm-none-eabi/8.1.0/../../../../arm-none-eabi/lib/thumb/libg.a(lib_a-wcrtomb.o)
                              /opt/devkitpro/devkitARM/lib/gcc/arm-none-eabi/8.1.0/../../../../arm-none-eabi/lib/thumb/libg.a(lib_a-svfprintf.o) (_wcrtomb_r)
/opt/devkitpro/devkitARM/lib/gcc/arm-none-eabi/8.1.0/../../../../arm-none-eabi/lib/thumb/libg.a(lib_a-wcsrtombs.o)
                              /opt/devkitpro/devkitARM/lib/gcc/arm-none-eabi/8.1.0/../../../../arm-none-eabi/lib/thumb/libg.a(lib_a-svfprintf.o) (_wcsrtombs_r)
/opt/devkitpro/devkitARM/lib/gcc/arm-none-eabi/8.1.0/../../../../arm-none-eabi/lib/thumb/libg.a(lib_a-dtoa.o)
                              /opt/devkitpro/devkitARM/lib/gcc/arm-none-eabi/8.1.0/../../../../arm-none-eabi/lib/thumb/libg.a(lib_a-svfprintf.o) (_dtoa_r)
/opt/devkitpro/devkitARM/lib/gcc/arm-none-eabi/8.1.0/../../../../arm-none-eabi/lib/thumb/libg.a(lib_a-freer.o)
                              /opt/devkitpro/devkitARM/lib/gcc/arm-none-eabi/8.1.0/../../../../arm-none-eabi/lib/thumb/libg.a(lib_a-svfprintf.o) (_free_r)
/opt/devkitpro/devkitARM/lib/gcc/arm-none-eabi/8.1.0/../../../../arm-none-eabi/lib/thumb/libg.a(lib_a-localeconv.o)
                              /opt/devkitpro/devkitARM/lib/gcc/arm-none-eabi/8.1.0/../../../../arm-none-eabi/lib/thumb/libg.a(lib_a-svfprintf.o) (_localeconv_r)
/opt/devkitpro/devkitARM/lib/gcc/arm-none-eabi/8.1.0/../../../../arm-none-eabi/lib/thumb/libg.a(lib_a-locale.o)
                              /opt/devkitpro/devkitARM/lib/gcc/arm-none-eabi/8.1.0/../../../../arm-none-eabi/lib/thumb/libg.a(lib_a-svfprintf.o) (__global_locale)
/opt/devkitpro/devkitARM/lib/gcc/arm-none-eabi/8.1.0/../../../../arm-none-eabi/lib/thumb/libg.a(lib_a-mallocr.o)
                              /opt/devkitpro/devkitARM/lib/gcc/arm-none-eabi/8.1.0/../../../../arm-none-eabi/lib/thumb/libg.a(lib_a-svfprintf.o) (_malloc_r)
/opt/devkitpro/devkitARM/lib/gcc/arm-none-eabi/8.1.0/../../../../arm-none-eabi/lib/thumb/libg.a(lib_a-mbtowc_r.o)
                              /opt/devkitpro/devkitARM/lib/gcc/arm-none-eabi/8.1.0/../../../../arm-none-eabi/lib/thumb/libg.a(lib_a-locale.o) (__ascii_mbtowc)
/opt/devkitpro/devkitARM/lib/gcc/arm-none-eabi/8.1.0/../../../../arm-none-eabi/lib/thumb/libg.a(lib_a-memchr-stub.o)
                              /opt/devkitpro/devkitARM/lib/gcc/arm-none-eabi/8.1.0/../../../../arm-none-eabi/lib/thumb/libg.a(lib_a-svfprintf.o) (memchr)
/opt/devkitpro/devkitARM/lib/gcc/arm-none-eabi/8.1.0/../../../../arm-none-eabi/lib/thumb/libg.a(lib_a-memcpy-stub.o)
                              /opt/devkitpro/devkitARM/lib/gcc/arm-none-eabi/8.1.0/../../../../arm-none-eabi/lib/thumb/libg.a(lib_a-dtoa.o) (memcpy)
/opt/devkitpro/devkitARM/lib/gcc/arm-none-eabi/8.1.0/../../../../arm-none-eabi/lib/thumb/libg.a(lib_a-mlock.o)
                              /opt/devkitpro/devkitARM/lib/gcc/arm-none-eabi/8.1.0/../../../../arm-none-eabi/lib/thumb/libg.a(lib_a-freer.o) (__malloc_lock)
/opt/devkitpro/devkitARM/lib/gcc/arm-none-eabi/8.1.0/../../../../arm-none-eabi/lib/thumb/libg.a(lib_a-mprec.o)
                              /opt/devkitpro/devkitARM/lib/gcc/arm-none-eabi/8.1.0/../../../../arm-none-eabi/lib/thumb/libg.a(lib_a-dtoa.o) (_Balloc)
/opt/devkitpro/devkitARM/lib/gcc/arm-none-eabi/8.1.0/../../../../arm-none-eabi/lib/thumb/libg.a(lib_a-s_frexp.o)
                              /opt/devkitpro/devkitARM/lib/gcc/arm-none-eabi/8.1.0/../../../../arm-none-eabi/lib/thumb/libg.a(lib_a-svfprintf.o) (frexp)
/opt/devkitpro/devkitARM/lib/gcc/arm-none-eabi/8.1.0/../../../../arm-none-eabi/lib/thumb/libg.a(lib_a-strcasecmp.o)
                              /opt/devkitpro/devkitARM/lib/gcc/arm-none-eabi/8.1.0/../../../../arm-none-eabi/lib/thumb/libg.a(lib_a-locale.o) (strcasecmp)
/opt/devkitpro/devkitARM/lib/gcc/arm-none-eabi/8.1.0/../../../../arm-none-eabi/lib/thumb/libg.a(lib_a-strcat.o)
                              /opt/devkitpro/devkitARM/lib/gcc/arm-none-eabi/8.1.0/../../../../arm-none-eabi/lib/thumb/libg.a(lib_a-locale.o) (strcat)
[...]
Memory Configuration

Name             Origin             Length             Attributes
rom              0x0000000008000000 0x0000000002000000
iwram            0x0000000003000000 0x0000000000008000
ewram            0x0000000002000000 0x0000000000040000
*default*        0x0000000000000000 0xffffffffffffffff

Linker script and memory map

                0x0000000008000000                __text_start = ORIGIN (rom)
                0x0000000002040000                __eheap_end = (ORIGIN (ewram) + LENGTH (ewram))
                0x0000000003000000                __iwram_start = ORIGIN (iwram)
                0x0000000003008000                __iwram_top = (ORIGIN (iwram) + LENGTH (iwram))
                0x0000000003007fa0                __sp_irq = (__iwram_top - 0x60)
                0x0000000003007f00                __sp_usr = (__sp_irq - 0xa0)
                0x0000000003007ff8                __irq_flags = 0x3007ff8
                0x0000000008000000                . = __text_start

.crt0           0x0000000008000000      0x210
 *(.crt0)
 .crt0          0x0000000008000000      0x210 /opt/devkitpro/devkitARM/lib/gcc/arm-none-eabi/8.1.0/../../../../arm-none-eabi/lib/thumb/gba_crt0.o
                0x0000000008000000                _start
                0x00000000080000c4                __boot_method
                0x00000000080000c5                __slave_number
                0x00000000080000e0                start_vector
                0x0000000008000210                . = ALIGN (0x4)

.init           0x0000000008000210        0xc
 *(SORT_NONE(.init))
 .init          0x0000000008000210        0x4 /opt/devkitpro/devkitARM/lib/gcc/arm-none-eabi/8.1.0/thumb/crti.o
                0x0000000008000210                _init
 .init          0x0000000008000214        0x8 /opt/devkitpro/devkitARM/lib/gcc/arm-none-eabi/8.1.0/thumb/crtn.o

.plt            0x000000000800021c        0x0
 *(.plt)
                0x000000000800021c                . = ALIGN (0x4)

.text           0x0000000008000220     0x71c8
 *(EXCLUDE_FILE(*.iwram*) .text)
 .text          0x0000000008000220      0x3e4 text.o
                0x0000000008000236                TextClear
                0x000000000800027c                TextInit
                0x0000000008000360                TextSetCursor
                0x0000000008000380                printAscii
                0x00000000080003c8                TextPut
                0x00000000080004f4                TextPrintf
                0x0000000008000550                TextHide
                0x0000000008000570                TextShow
                0x000000000800058e                TextToggle
                0x00000000080005ac                TextHideBackGround
                0x00000000080005c0                TextShowBackGround
                0x00000000080005dc                TextToggleBackGround
 .text          0x0000000008000604       0xe0 main.o
                0x0000000008000604                WaitForVsync
                0x0000000008000628                Init
                0x0000000008000662                Update
                0x00000000080006d0                IrqTimer
                0x00000000080006d4                main
 .text          0x00000000080006e4      0x218 input.o
                0x00000000080006e4                InputUpdate
                0x0000000008000708                InputGetKeyState
                0x00000000080007ac                InputIsKeyNotPushed
                0x00000000080007d6                InputIsKeyPressed
                0x0000000008000802                InputIsKeyReleased
                0x000000000800082e                InputIsKeyRepeat
                0x000000000800085a                InputGetDirection
 .text          0x00000000080008fc      0x1d4 timer.o
                0x00000000080008fc                TimerStart
                0x0000000008000940                TimerStop
                0x0000000008000984                TimerCascade
                0x00000000080009c8                TimerSetup
                0x0000000008000a00                TimerGet
                0x0000000008000a20                TimerSetCount
                0x0000000008000a5c                TimerReset
                0x0000000008000a94                TimerUpdate
 .text          0x0000000008000ad0       0x14 /opt/devkitpro/devkitARM/lib/gcc/arm-none-eabi/8.1.0/thumb/libgcc.a(_thumb1_case_uqi.o)
                0x0000000008000ad0                __gnu_thumb1_case_uqi
 .text          0x0000000008000ae4       0x14 /opt/devkitpro/devkitARM/lib/gcc/arm-none-eabi/8.1.0/thumb/libgcc.a(_thumb1_case_uhi.o)
                0x0000000008000ae4                __gnu_thumb1_case_uhi
 .text          0x0000000008000af8      0x11c /opt/devkitpro/devkitARM/lib/gcc/arm-none-eabi/8.1.0/thumb/libgcc.a(_udivsi3.o)
                0x0000000008000af8                __udivsi3
                0x0000000008000af8                __aeabi_uidiv
                0x0000000008000bf4                __aeabi_uidivmod
 .text          0x0000000008000c14      0x150 /opt/devkitpro/devkitARM/lib/gcc/arm-none-eabi/8.1.0/thumb/libgcc.a(_divsi3.o)
                0x0000000008000c14                __aeabi_idiv
                0x0000000008000c14                __divsi3
                0x0000000008000d44                __aeabi_idivmod
 .text          0x0000000008000d64        0x4 /opt/devkitpro/devkitARM/lib/gcc/arm-none-eabi/8.1.0/thumb/libgcc.a(_dvmd_tls.o)
                0x0000000008000d64                __aeabi_ldiv0
                0x0000000008000d64                __aeabi_idiv0
 .text          0x0000000008000d68      0x424 /opt/devkitpro/devkitARM/lib/gcc/arm-none-eabi/8.1.0/thumb/libgcc.a(_arm_addsubdf3.o)
                0x0000000008000d68                __aeabi_drsub
                0x0000000008000d70                __aeabi_dsub
                0x0000000008000d70                __subdf3
                0x0000000008000d74                __adddf3
                0x0000000008000d74                __aeabi_dadd
                0x0000000008001084                __aeabi_ui2d
                0x0000000008001084                __floatunsidf
                0x00000000080010a8                __floatsidf
                0x00000000080010a8                __aeabi_i2d
                0x00000000080010d0                __extendsfdf2
                0x00000000080010d0                __aeabi_f2d
                0x0000000008001118                __aeabi_ul2d
                0x0000000008001118                __floatundidf
                0x000000000800112c                __floatdidf
                0x000000000800112c                __aeabi_l2d
 .text          0x000000000800118c      0x49c /opt/devkitpro/devkitARM/lib/gcc/arm-none-eabi/8.1.0/thumb/libgcc.a(_arm_muldivdf3.o)
                0x000000000800118c                __aeabi_dmul
                0x000000000800118c                __muldf3
                0x000000000800141c                __aeabi_ddiv
                0x000000000800141c                __divdf3
 .text          0x0000000008001628      0x144 /opt/devkitpro/devkitARM/lib/gcc/arm-none-eabi/8.1.0/thumb/libgcc.a(_arm_cmpdf2.o)
                0x0000000008001628                __gtdf2
                0x0000000008001628                __gedf2
                0x0000000008001630                __ltdf2
                0x0000000008001630                __ledf2
                0x0000000008001638                __cmpdf2
                0x0000000008001638                __eqdf2
                0x0000000008001638                __nedf2
                0x00000000080016c0                __aeabi_cdrcmple
                0x00000000080016dc                __aeabi_cdcmple
                0x00000000080016dc                __aeabi_cdcmpeq
                0x00000000080016f4                __aeabi_dcmpeq
                0x000000000800170c                __aeabi_dcmplt
                0x0000000008001724                __aeabi_dcmple
                0x000000000800173c                __aeabi_dcmpge
                0x0000000008001754                __aeabi_dcmpgt
 .text          0x000000000800176c       0x38 /opt/devkitpro/devkitARM/lib/gcc/arm-none-eabi/8.1.0/thumb/libgcc.a(_arm_unorddf2.o)
                0x000000000800176c                __aeabi_dcmpun
                0x000000000800176c                __unorddf2
 .text          0x00000000080017a4       0x5c /opt/devkitpro/devkitARM/lib/gcc/arm-none-eabi/8.1.0/thumb/libgcc.a(_arm_fixdfsi.o)
                0x00000000080017a4                __fixdfsi
                0x00000000080017a4                __aeabi_d2iz
 .text          0x0000000008001800       0x3c /opt/devkitpro/devkitARM/lib/gcc/arm-none-eabi/8.1.0/thumb/libgcc.a(_aeabi_uldivmod.o)
                0x0000000008001800                __aeabi_uldivmod
 .text          0x000000000800183c       0x28 /opt/devkitpro/devkitARM/lib/gcc/arm-none-eabi/8.1.0/thumb/libgcc.a(_clzdi2.o)
                0x000000000800183c                __clzdi2
 .text          0x0000000008001864       0x48 /opt/devkitpro/devkitARM/lib/gcc/arm-none-eabi/8.1.0/thumb/libgcc.a(_clzsi2.o)
                0x0000000008001864                __clzsi2
 *(.text .stub .text.* .gnu.linkonce.t.*)
 .text.deregister_tm_clones
                0x00000000080018ac       0x2c /opt/devkitpro/devkitARM/lib/gcc/arm-none-eabi/8.1.0/thumb/crtbegin.o
 .text.register_tm_clones
                0x00000000080018d8       0x34 /opt/devkitpro/devkitARM/lib/gcc/arm-none-eabi/8.1.0/thumb/crtbegin.o
 .text.__do_global_dtors_aux
                0x000000000800190c       0x30 /opt/devkitpro/devkitARM/lib/gcc/arm-none-eabi/8.1.0/thumb/crtbegin.o
 .text.frame_dummy
                0x000000000800193c       0x28 /opt/devkitpro/devkitARM/lib/gcc/arm-none-eabi/8.1.0/thumb/crtbegin.o
 .text.__libc_init_array
                0x0000000008001964       0x50 /opt/devkitpro/devkitARM/lib/gcc/arm-none-eabi/8.1.0/../../../../arm-none-eabi/lib/thumb/libg.a(lib_a-init.o)
                0x0000000008001964                __libc_init_array
 .text.memset   0x00000000080019b4       0xb0 /opt/devkitpro/devkitARM/lib/gcc/arm-none-eabi/8.1.0/../../../../arm-none-eabi/lib/thumb/libg.a(lib_a-memset.o)
                0x00000000080019b4                memset
 .text._vsnprintf_r
                0x0000000008001a64       0x74 /opt/devkitpro/devkitARM/lib/gcc/arm-none-eabi/8.1.0/../../../../arm-none-eabi/lib/thumb/libg.a(lib_a-vsnprintf.o)
                0x0000000008001a64                _vsnprintf_r
 .text.vsnprintf
                0x0000000008001ad8       0x24 /opt/devkitpro/devkitARM/lib/gcc/arm-none-eabi/8.1.0/../../../../arm-none-eabi/lib/thumb/libg.a(lib_a-vsnprintf.o)
                0x0000000008001ad8                vsnprintf
 .text.get_arg  0x0000000008001afc      0x3c8 /opt/devkitpro/devkitARM/lib/gcc/arm-none-eabi/8.1.0/../../../../arm-none-eabi/lib/thumb/libg.a(lib_a-svfprintf.o)
 .text._svfprintf_r
                0x0000000008001ec4     0x2430 /opt/devkitpro/devkitARM/lib/gcc/arm-none-eabi/8.1.0/../../../../arm-none-eabi/lib/thumb/libg.a(lib_a-svfprintf.o)
                0x0000000008001ec4                _svfprintf_r
 .text._wcrtomb_r
                0x00000000080042f4       0x84 /opt/devkitpro/devkitARM/lib/gcc/arm-none-eabi/8.1.0/../../../../arm-none-eabi/lib/thumb/libg.a(lib_a-wcrtomb.o)
                0x00000000080042f4                _wcrtomb_r
 .text._wcsrtombs_r
                0x0000000008004378       0x1c /opt/devkitpro/devkitARM/lib/gcc/arm-none-eabi/8.1.0/../../../../arm-none-eabi/lib/thumb/libg.a(lib_a-wcsrtombs.o)
                0x0000000008004378                _wcsrtombs_r
 .text.quorem   0x0000000008004394      0x15c /opt/devkitpro/devkitARM/lib/gcc/arm-none-eabi/8.1.0/../../../../arm-none-eabi/lib/thumb/libg.a(lib_a-dtoa.o)
 .text._dtoa_r  0x00000000080044f0      0xfd8 /opt/devkitpro/devkitARM/lib/gcc/arm-none-eabi/8.1.0/../../../../arm-none-eabi/lib/thumb/libg.a(lib_a-dtoa.o)
                0x00000000080044f0                _dtoa_r
 .text._malloc_trim_r
                0x00000000080054c8       0xa4 /opt/devkitpro/devkitARM/lib/gcc/arm-none-eabi/8.1.0/../../../../arm-none-eabi/lib/thumb/libg.a(lib_a-freer.o)
                0x00000000080054c8                _malloc_trim_r
 .text._free_r  0x000000000800556c      0x1e0 /opt/devkitpro/devkitARM/lib/gcc/arm-none-eabi/8.1.0/../../../../arm-none-eabi/lib/thumb/libg.a(lib_a-freer.o)
                0x000000000800556c                _free_r
 .text._localeconv_r
                0x000000000800574c       0x1c /opt/devkitpro/devkitARM/lib/gcc/arm-none-eabi/8.1.0/../../../../arm-none-eabi/lib/thumb/libg.a(lib_a-localeconv.o)
                0x000000000800574c                _localeconv_r
 .text.__locale_mb_cur_max
                0x0000000008005768       0x20 /opt/devkitpro/devkitARM/lib/gcc/arm-none-eabi/8.1.0/../../../../arm-none-eabi/lib/thumb/libg.a(lib_a-locale.o)
                0x0000000008005768                __locale_mb_cur_max
 .text._malloc_r
                0x0000000008005788      0x560 /opt/devkitpro/devkitARM/lib/gcc/arm-none-eabi/8.1.0/../../../../arm-none-eabi/lib/thumb/libg.a(lib_a-mallocr.o)
                0x0000000008005788                _malloc_r
 .text.__utf8_mbtowc
                0x0000000008005ce8      0x294 /opt/devkitpro/devkitARM/lib/gcc/arm-none-eabi/8.1.0/../../../../arm-none-eabi/lib/thumb/libg.a(lib_a-mbtowc_r.o)
                0x0000000008005ce8                __utf8_mbtowc
 .text.memchr   0x0000000008005f7c       0x84 /opt/devkitpro/devkitARM/lib/gcc/arm-none-eabi/8.1.0/../../../../arm-none-eabi/lib/thumb/libg.a(lib_a-memchr-stub.o)
                0x0000000008005f7c                memchr
 .text.memcpy   0x0000000008006000       0x9c /opt/devkitpro/devkitARM/lib/gcc/arm-none-eabi/8.1.0/../../../../arm-none-eabi/lib/thumb/libg.a(lib_a-memcpy-stub.o)
                0x0000000008006000                memcpy
 .text.__malloc_lock
                0x000000000800609c       0x14 /opt/devkitpro/devkitARM/lib/gcc/arm-none-eabi/8.1.0/../../../../arm-none-eabi/lib/thumb/libg.a(lib_a-mlock.o)
                0x000000000800609c                __malloc_lock
 .text.__malloc_unlock
                0x00000000080060b0       0x14 /opt/devkitpro/devkitARM/lib/gcc/arm-none-eabi/8.1.0/../../../../arm-none-eabi/lib/thumb/libg.a(lib_a-mlock.o)
                0x00000000080060b0                __malloc_unlock
 .text._Balloc  0x00000000080060c4       0x54 /opt/devkitpro/devkitARM/lib/gcc/arm-none-eabi/8.1.0/../../../../arm-none-eabi/lib/thumb/libg.a(lib_a-mprec.o)
                0x00000000080060c4                _Balloc
 .text._Bfree   0x0000000008006118       0x14 /opt/devkitpro/devkitARM/lib/gcc/arm-none-eabi/8.1.0/../../../../arm-none-eabi/lib/thumb/libg.a(lib_a-mprec.o)
                0x0000000008006118                _Bfree
 .text.__multadd
                0x000000000800612c       0xa0 /opt/devkitpro/devkitARM/lib/gcc/arm-none-eabi/8.1.0/../../../../arm-none-eabi/lib/thumb/libg.a(lib_a-mprec.o)
                0x000000000800612c                __multadd
 .text.__hi0bits
                0x00000000080061cc       0x38 /opt/devkitpro/devkitARM/lib/gcc/arm-none-eabi/8.1.0/../../../../arm-none-eabi/lib/thumb/libg.a(lib_a-mprec.o)
                0x00000000080061cc                __hi0bits
 .text.__lo0bits
                0x0000000008006204       0x5c /opt/devkitpro/devkitARM/lib/gcc/arm-none-eabi/8.1.0/../../../../arm-none-eabi/lib/thumb/libg.a(lib_a-mprec.o)
                0x0000000008006204                __lo0bits
 .text.__i2b    0x0000000008006260       0x18 /opt/devkitpro/devkitARM/lib/gcc/arm-none-eabi/8.1.0/../../../../arm-none-eabi/lib/thumb/libg.a(lib_a-mprec.o)
                0x0000000008006260                __i2b
 .text.__multiply
                0x0000000008006278      0x17c /opt/devkitpro/devkitARM/lib/gcc/arm-none-eabi/8.1.0/../../../../arm-none-eabi/lib/thumb/libg.a(lib_a-mprec.o)
                0x0000000008006278                __multiply
 .text.__pow5mult
                0x00000000080063f4       0xc0 /opt/devkitpro/devkitARM/lib/gcc/arm-none-eabi/8.1.0/../../../../arm-none-eabi/lib/thumb/libg.a(lib_a-mprec.o)
                0x00000000080063f4                __pow5mult
 .text.__lshift
                0x00000000080064b4       0xd0 /opt/devkitpro/devkitARM/lib/gcc/arm-none-eabi/8.1.0/../../../../arm-none-eabi/lib/thumb/libg.a(lib_a-mprec.o)
                0x00000000080064b4                __lshift
 .text.__mcmp   0x0000000008006584       0x38 /opt/devkitpro/devkitARM/lib/gcc/arm-none-eabi/8.1.0/../../../../arm-none-eabi/lib/thumb/libg.a(lib_a-mprec.o)
                0x0000000008006584                __mcmp
 .text.__mdiff  0x00000000080065bc      0x11c /opt/devkitpro/devkitARM/lib/gcc/arm-none-eabi/8.1.0/../../../../arm-none-eabi/lib/thumb/libg.a(lib_a-mprec.o)
                0x00000000080065bc                __mdiff
 .text.__d2b    0x00000000080066d8       0xc0 /opt/devkitpro/devkitARM/lib/gcc/arm-none-eabi/8.1.0/../../../../arm-none-eabi/lib/thumb/libg.a(lib_a-mprec.o)
                0x00000000080066d8                __d2b
 .text.frexp    0x0000000008006798       0x68 /opt/devkitpro/devkitARM/lib/gcc/arm-none-eabi/8.1.0/../../../../arm-none-eabi/lib/thumb/libg.a(lib_a-s_frexp.o)
                0x0000000008006798                frexp
 .text.strlen   0x0000000008006800       0x6c /opt/devkitpro/devkitARM/lib/gcc/arm-none-eabi/8.1.0/../../../../arm-none-eabi/lib/thumb/libg.a(lib_a-strlen-stub.o)
                0x0000000008006800                strlen
 .text.strncpy  0x000000000800686c       0x84 /opt/devkitpro/devkitARM/lib/gcc/arm-none-eabi/8.1.0/../../../../arm-none-eabi/lib/thumb/libg.a(lib_a-strncpy.o)
                0x000000000800686c                strncpy
 .text.__ssprint_r
                0x00000000080068f0      0x124 /opt/devkitpro/devkitARM/lib/gcc/arm-none-eabi/8.1.0/../../../../arm-none-eabi/lib/thumb/libg.a(lib_a-svfiprintf.o)
                0x00000000080068f0                __ssprint_r
 .text._wcsnrtombs_l
                0x0000000008006a14      0x134 /opt/devkitpro/devkitARM/lib/gcc/arm-none-eabi/8.1.0/../../../../arm-none-eabi/lib/thumb/libg.a(lib_a-wcsnrtombs.o)
                0x0000000008006a14                _wcsnrtombs_l
 .text._wcsnrtombs_r
                0x0000000008006b48       0x40 /opt/devkitpro/devkitARM/lib/gcc/arm-none-eabi/8.1.0/../../../../arm-none-eabi/lib/thumb/libg.a(lib_a-wcsnrtombs.o)
                0x0000000008006b48                _wcsnrtombs_r
 .text.__utf8_wctomb
                0x0000000008006b88       0xbc /opt/devkitpro/devkitARM/lib/gcc/arm-none-eabi/8.1.0/../../../../arm-none-eabi/lib/thumb/libg.a(lib_a-wctomb_r.o)
                0x0000000008006b88                __utf8_wctomb
 .text._calloc_r
                0x0000000008006c44       0x64 /opt/devkitpro/devkitARM/lib/gcc/arm-none-eabi/8.1.0/../../../../arm-none-eabi/lib/thumb/libg.a(lib_a-callocr.o)
                0x0000000008006c44                _calloc_r
 .text.memmove  0x0000000008006ca8       0xb0 /opt/devkitpro/devkitARM/lib/gcc/arm-none-eabi/8.1.0/../../../../arm-none-eabi/lib/thumb/libg.a(lib_a-memmove.o)
                0x0000000008006ca8                memmove
 .text._realloc_r
                0x0000000008006d58      0x370 /opt/devkitpro/devkitARM/lib/gcc/arm-none-eabi/8.1.0/../../../../arm-none-eabi/lib/thumb/libg.a(lib_a-reallocr.o)
                0x0000000008006d58                _realloc_r
 .text._sbrk_r  0x00000000080070c8       0x54 /opt/devkitpro/devkitARM/lib/gcc/arm-none-eabi/8.1.0/../../../../arm-none-eabi/lib/thumb/libsysbase.a(sbrk.o)
                0x00000000080070c8                _sbrk_r
 .text.__libc_lock_acquire_recursive
                0x000000000800711c       0x1c /opt/devkitpro/devkitARM/lib/gcc/arm-none-eabi/8.1.0/../../../../arm-none-eabi/lib/thumb/libsysbase.a(syscall_support.o)
                0x000000000800711c                __libc_lock_acquire_recursive
 .text.__libc_lock_release_recursive
                0x0000000008007138       0x1c /opt/devkitpro/devkitARM/lib/gcc/arm-none-eabi/8.1.0/../../../../arm-none-eabi/lib/thumb/libsysbase.a(syscall_support.o)
                0x0000000008007138                __libc_lock_release_recursive
 .text.__getreent
                0x0000000008007154       0x28 /opt/devkitpro/devkitARM/lib/gcc/arm-none-eabi/8.1.0/../../../../arm-none-eabi/lib/thumb/libsysbase.a(getreent.o)
                0x0000000008007154                __getreent
 .text.__udivmoddi4
                0x000000000800717c      0x1a8 /opt/devkitpro/devkitARM/lib/gcc/arm-none-eabi/8.1.0/thumb/libgcc.a(_udivmoddi4.o)
                0x000000000800717c                __udivmoddi4
 *fill*         0x0000000008007324        0x4 ff
 .text.__udivmoddi4.__stub
                0x0000000008007328       0xb4 linker stubs
 *(.text.*personality*)
 *(.gnu.warning)
 *(.glue_7t)
 .glue_7t       0x00000000080073e8        0x0 linker stubs
 *(.glue_7)
 .glue_7        0x00000000080073e8        0x0 linker stubs
 *(.vfp11_veneer)
 .vfp11_veneer  0x00000000080073e8        0x0 linker stubs
                0x00000000080073e8                . = ALIGN (0x4)
                0x00000000080073e8                __text_end = .

.v4_bx          0x00000000080073e8        0x0
 .v4_bx         0x00000000080073e8        0x0 linker stubs

.iplt           0x00000000080073e8        0x0
 .iplt          0x00000000080073e8        0x0 /opt/devkitpro/devkitARM/lib/gcc/arm-none-eabi/8.1.0/../../../../arm-none-eabi/lib/thumb/gba_crt0.o

.fini           0x00000000080073e8        0xc
 *(.fini)
 .fini          0x00000000080073e8        0x4 /opt/devkitpro/devkitARM/lib/gcc/arm-none-eabi/8.1.0/thumb/crti.o
                0x00000000080073e8                _fini
 .fini          0x00000000080073ec        0x8 /opt/devkitpro/devkitARM/lib/gcc/arm-none-eabi/8.1.0/thumb/crtn.o
                0x00000000080073f4                . = ALIGN (0x4)

.rodata         0x00000000080073f8     0x84d0
 *(.rodata)
 .rodata        0x00000000080073f8     0x8020 font.o
                0x00000000080073f8                fontTiles
                0x000000000800f3f8                fontPal
 .rodata        0x000000000800f418       0x1e main.o
 *all.rodata*(*)
 *(.roda)
 *(.rodata.*)
 .rodata._svfprintf_r.str1.1
                0x000000000800f436       0x3b /opt/devkitpro/devkitARM/lib/gcc/arm-none-eabi/8.1.0/../../../../arm-none-eabi/lib/thumb/libg.a(lib_a-svfprintf.o)
 *fill*         0x000000000800f471        0x3 ff
 .rodata.blanks.7398
                0x000000000800f474       0x10 /opt/devkitpro/devkitARM/lib/gcc/arm-none-eabi/8.1.0/../../../../arm-none-eabi/lib/thumb/libg.a(lib_a-svfprintf.o)
 .rodata.zeroes.7399
                0x000000000800f484       0x10 /opt/devkitpro/devkitARM/lib/gcc/arm-none-eabi/8.1.0/../../../../arm-none-eabi/lib/thumb/libg.a(lib_a-svfprintf.o)
 .rodata._dtoa_r.str1.4
                0x000000000800f494       0x12 /opt/devkitpro/devkitARM/lib/gcc/arm-none-eabi/8.1.0/../../../../arm-none-eabi/lib/thumb/libg.a(lib_a-dtoa.o)
 *fill*         0x000000000800f4a6        0x2 ff
 .rodata.str1.4
                0x000000000800f4a8       0x48 /opt/devkitpro/devkitARM/lib/gcc/arm-none-eabi/8.1.0/../../../../arm-none-eabi/lib/thumb/libg.a(lib_a-locale.o)
                                         0x4c (size before relaxing)
 .rodata.__mprec_bigtens
                0x000000000800f4f0       0x28 /opt/devkitpro/devkitARM/lib/gcc/arm-none-eabi/8.1.0/../../../../arm-none-eabi/lib/thumb/libg.a(lib_a-mprec.o)
                0x000000000800f4f0                __mprec_bigtens
 .rodata.__mprec_tens
                0x000000000800f518       0xc8 /opt/devkitpro/devkitARM/lib/gcc/arm-none-eabi/8.1.0/../../../../arm-none-eabi/lib/thumb/libg.a(lib_a-mprec.o)
                0x000000000800f518                __mprec_tens
 .rodata.p05.6166
                0x000000000800f5e0        0xc /opt/devkitpro/devkitARM/lib/gcc/arm-none-eabi/8.1.0/../../../../arm-none-eabi/lib/thumb/libg.a(lib_a-mprec.o)
 .rodata.__action_table
                0x000000000800f5ec       0x6c /opt/devkitpro/devkitARM/lib/gcc/arm-none-eabi/8.1.0/../../../../arm-none-eabi/lib/thumb/libg.a(lib_a-svfiprintf.o)
                0x000000000800f5ec                __action_table
 .rodata.__chclass
                0x000000000800f658      0x100 /opt/devkitpro/devkitARM/lib/gcc/arm-none-eabi/8.1.0/../../../../arm-none-eabi/lib/thumb/libg.a(lib_a-svfiprintf.o)
                0x000000000800f658                __chclass
 .rodata.__state_table
                0x000000000800f758       0x6c /opt/devkitpro/devkitARM/lib/gcc/arm-none-eabi/8.1.0/../../../../arm-none-eabi/lib/thumb/libg.a(lib_a-svfiprintf.o)
                0x000000000800f758                __state_table
 .rodata._ctype_
                0x000000000800f7c4      0x101 /opt/devkitpro/devkitARM/lib/gcc/arm-none-eabi/8.1.0/../../../../arm-none-eabi/lib/thumb/libg.a(lib_a-ctype_.o)
                0x000000000800f7c4                _ctype_
 *(.gnu.linkonce.r*)
                0x000000000800f8c8                . = ALIGN (0x4)
 *fill*         0x000000000800f8c5        0x3 ff

.ARM.extab
 *(.ARM.extab* .gnu.linkonce.armextab.*)
                0x000000000800f8c8                __exidx_start = .

.ARM.exidx
 *(.ARM.exidx* .gnu.linkonce.armexidx.*)
                0x000000000800f8c8                __exidx_end = .

.ctors          0x000000000800f8c8        0x0
 *crtbegin.o(.ctors)
 *(EXCLUDE_FILE(*crtend.o) .ctors)
 *(SORT_BY_NAME(.ctors.*))
 *(.ctors)
                0x000000000800f8c8                . = ALIGN (0x4)

.dtors          0x000000000800f8c8        0x0
 *crtbegin.o(.dtors)
 *(EXCLUDE_FILE(*crtend.o) .dtors)
 *(SORT_BY_NAME(.dtors.*))
 *(.dtors)
                0x000000000800f8c8                . = ALIGN (0x4)

.eh_frame       0x000000000800f8c8        0x4
 *(.eh_frame)
 .eh_frame      0x000000000800f8c8        0x0 /opt/devkitpro/devkitARM/lib/gcc/arm-none-eabi/8.1.0/thumb/crtbegin.o
 .eh_frame      0x000000000800f8c8        0x4 /opt/devkitpro/devkitARM/lib/gcc/arm-none-eabi/8.1.0/thumb/crtend.o
                0x000000000800f8cc                . = ALIGN (0x4)

.rel.dyn        0x000000000800f8cc        0x0
 .rel.iplt      0x000000000800f8cc        0x0 /opt/devkitpro/devkitARM/lib/gcc/arm-none-eabi/8.1.0/../../../../arm-none-eabi/lib/thumb/gba_crt0.o

.gcc_except_table
                0x000000000800f8cc        0x0
 *(.gcc_except_table)
                0x000000000800f8cc                . = ALIGN (0x4)
                0x000000000800f8cc                __iwram_lma = .

.iwram          0x0000000003000000        0x0 load address 0x000000000800f8cc
                0x0000000003000000                __iwram_start__ = ABSOLUTE (.)
 *(.iwram)
 *iwram.*(.text)
                0x0000000003000000                . = ALIGN (0x4)
                0x0000000003000000                __iwram_end__ = ABSOLUTE (.)
                0x000000000800f8cc                __data_lma = (__iwram_lma + SIZEOF (.iwram))

.bss            0x0000000003000000       0xdc
                0x0000000003000000                __bss_start = ABSOLUTE (.)
                0x0000000003000000                __bss_start__ = ABSOLUTE (.)
 *(.dynbss)
 *(.gnu.linkonce.b*)
 *(.bss*)
 .bss.completed.9040
                0x0000000003000000        0x1 /opt/devkitpro/devkitARM/lib/gcc/arm-none-eabi/8.1.0/thumb/crtbegin.o
 *fill*         0x0000000003000001        0x3 
 .bss.object.9045
                0x0000000003000004       0x18 /opt/devkitpro/devkitARM/lib/gcc/arm-none-eabi/8.1.0/thumb/crtbegin.o
 .bss           0x000000000300001c        0xc text.o
                0x000000000300001c                screenBase
                0x0000000003000020                column
                0x0000000003000024                line
 .bss.__malloc_current_mallinfo
                0x0000000003000028       0x28 /opt/devkitpro/devkitARM/lib/gcc/arm-none-eabi/8.1.0/../../../../arm-none-eabi/lib/thumb/libg.a(lib_a-mallocr.o)
                0x0000000003000028                __malloc_current_mallinfo
 .bss.__malloc_max_sbrked_mem
                0x0000000003000050        0x4 /opt/devkitpro/devkitARM/lib/gcc/arm-none-eabi/8.1.0/../../../../arm-none-eabi/lib/thumb/libg.a(lib_a-mallocr.o)
                0x0000000003000050                __malloc_max_sbrked_mem
 .bss.__malloc_max_total_mem
                0x0000000003000054        0x4 /opt/devkitpro/devkitARM/lib/gcc/arm-none-eabi/8.1.0/../../../../arm-none-eabi/lib/thumb/libg.a(lib_a-mallocr.o)
                0x0000000003000054                __malloc_max_total_mem
 .bss.__malloc_top_pad
                0x0000000003000058        0x4 /opt/devkitpro/devkitARM/lib/gcc/arm-none-eabi/8.1.0/../../../../arm-none-eabi/lib/thumb/libg.a(lib_a-mallocr.o)
                0x0000000003000058                __malloc_top_pad
 .bss.heap_start.6085
                0x000000000300005c        0x4 /opt/devkitpro/devkitARM/lib/gcc/arm-none-eabi/8.1.0/../../../../arm-none-eabi/lib/thumb/libsysbase.a(sbrk.o)
 .bss.fake_heap_end
                0x0000000003000060        0x4 /opt/devkitpro/devkitARM/lib/gcc/arm-none-eabi/8.1.0/../../../../arm-none-eabi/lib/thumb/libsysbase.a(malloc_vars.o)
                0x0000000003000060                fake_heap_end
 .bss.fake_heap_start
                0x0000000003000064        0x4 /opt/devkitpro/devkitARM/lib/gcc/arm-none-eabi/8.1.0/../../../../arm-none-eabi/lib/thumb/libsysbase.a(malloc_vars.o)
                0x0000000003000064                fake_heap_start
 .bss.__syscalls
                0x0000000003000068       0x48 /opt/devkitpro/devkitARM/lib/gcc/arm-none-eabi/8.1.0/../../../../arm-none-eabi/lib/thumb/libsysbase.a(syscall_support.o)
                0x0000000003000068                __syscalls
 *(COMMON)
 COMMON         0x00000000030000b0        0x6 text.o
                0x00000000030000b0                map
                0x00000000030000b4                backGround
 COMMON         0x00000000030000b6        0x4 input.o
                0x00000000030000b6                previousInput
                0x00000000030000b8                currentInput
 *fill*         0x00000000030000ba        0x2 
 COMMON         0x00000000030000bc       0x20 timer.o
                0x00000000030000bc                DefaultTimerCount
                0x00000000030000cc                CurrentTimerCount
                0x00000000030000dc                . = ALIGN (0x4)
                0x00000000030000dc                __bss_end__ = ABSOLUTE (.)

.data           0x00000000030000dc      0x9f4 load address 0x000000000800f8cc
                0x00000000030000dc                __data_start__ = ABSOLUTE (.)
 *(.data)
 .data          0x00000000030000dc        0x4 text.o
                0x00000000030000dc                charBase
 *(.data.*)
 .data.__global_locale
                0x00000000030000e0      0x16c /opt/devkitpro/devkitARM/lib/gcc/arm-none-eabi/8.1.0/../../../../arm-none-eabi/lib/thumb/libg.a(lib_a-locale.o)
                0x00000000030000e0                __global_locale
 .data.__malloc_av_
                0x000000000300024c      0x408 /opt/devkitpro/devkitARM/lib/gcc/arm-none-eabi/8.1.0/../../../../arm-none-eabi/lib/thumb/libg.a(lib_a-mallocr.o)
                0x000000000300024c                __malloc_av_
 .data.__malloc_sbrk_base
                0x0000000003000654        0x4 /opt/devkitpro/devkitARM/lib/gcc/arm-none-eabi/8.1.0/../../../../arm-none-eabi/lib/thumb/libg.a(lib_a-mallocr.o)
                0x0000000003000654                __malloc_sbrk_base
 .data.__malloc_trim_threshold
                0x0000000003000658        0x4 /opt/devkitpro/devkitARM/lib/gcc/arm-none-eabi/8.1.0/../../../../arm-none-eabi/lib/thumb/libg.a(lib_a-mallocr.o)
                0x0000000003000658                __malloc_trim_threshold
 .data.__malloc_recursive_mutex
                0x000000000300065c        0xc /opt/devkitpro/devkitARM/lib/gcc/arm-none-eabi/8.1.0/../../../../arm-none-eabi/lib/thumb/libg.a(lib_a-mlock.o)
 .data._impure_ptr
                0x0000000003000668        0x4 /opt/devkitpro/devkitARM/lib/gcc/arm-none-eabi/8.1.0/../../../../arm-none-eabi/lib/thumb/libg.a(lib_a-impure.o)
                0x0000000003000668                _impure_ptr
 *fill*         0x000000000300066c        0x4 ff
 .data.impure_data
                0x0000000003000670      0x460 /opt/devkitpro/devkitARM/lib/gcc/arm-none-eabi/8.1.0/../../../../arm-none-eabi/lib/thumb/libg.a(lib_a-impure.o)
 *(.gnu.linkonce.d*)
                0x0000000003000ad0                . = ALIGN (0x4)
                0x00000000080102c0                __preinit_lma = (__data_lma + SIZEOF (.data))

.igot.plt       0x0000000003000ad0        0x0 load address 0x00000000080102c0
 .igot.plt      0x0000000003000ad0        0x0 /opt/devkitpro/devkitARM/lib/gcc/arm-none-eabi/8.1.0/../../../../arm-none-eabi/lib/thumb/gba_crt0.o

.tm_clone_table
                0x0000000003000ad0        0x0 load address 0x00000000080102c0
 .tm_clone_table
                0x0000000003000ad0        0x0 /opt/devkitpro/devkitARM/lib/gcc/arm-none-eabi/8.1.0/thumb/crtbegin.o
 .tm_clone_table
                0x0000000003000ad0        0x0 /opt/devkitpro/devkitARM/lib/gcc/arm-none-eabi/8.1.0/thumb/crtend.o

.preinit_array  0x0000000003000ad0        0x0 load address 0x00000000080102c0
                0x0000000003000ad0                __preinit_array_start = ABSOLUTE (.)
 *(.preinit_array)
                0x0000000003000ad0                __preinit_array_end = ABSOLUTE (.)
                0x00000000080102c0                __init_lma = (__preinit_lma + SIZEOF (.preinit_array))

.init_array     0x0000000003000ad0        0x4 load address 0x00000000080102c0
                0x0000000003000ad0                __init_array_start = ABSOLUTE (.)
 *(SORT_BY_NAME(.init_array.*))
 *(.init_array)
 .init_array    0x0000000003000ad0        0x4 /opt/devkitpro/devkitARM/lib/gcc/arm-none-eabi/8.1.0/thumb/crtbegin.o
                0x0000000003000ad4                __init_array_end = ABSOLUTE (.)
                0x00000000080102c4                __fini_lma = (__init_lma + SIZEOF (.init_array))

.fini_array     0x0000000003000ad4        0x4 load address 0x00000000080102c4
                0x0000000003000ad4                __fini_array_start = ABSOLUTE (.)
 *(SORT_BY_NAME(.fini_array.*))
 *(.fini_array)
 .fini_array    0x0000000003000ad4        0x4 /opt/devkitpro/devkitARM/lib/gcc/arm-none-eabi/8.1.0/thumb/crtbegin.o
                0x0000000003000ad8                __fini_array_end = ABSOLUTE (.)
                0x00000000080102c8                __jcr_lma = (__fini_lma + SIZEOF (.fini_array))

.jcr            0x0000000003000ad8        0x0 load address 0x00000000080102c8
 *(.jcr)
                0x0000000003000ad8                __data_end__ = ABSOLUTE (.)
                0x00000000080102c8                __iwram_overlay_lma = (__jcr_lma + SIZEOF (.jcr))
                0x0000000003000ad8                __iwram_overlay_start = .

.iwram0         0x0000000003000ad8        0x0 load address 0x00000000080102c8
 *(.iwram0)
                0x0000000003000ad8                . = ALIGN (0x4)
                0x00000000080102c8                PROVIDE (__load_start_iwram0 = LOADADDR (.iwram0))
                0x00000000080102c8                PROVIDE (__load_stop_iwram0 = (LOADADDR (.iwram0) + SIZEOF (.iwram0)))

.iwram1         0x0000000003000ad8        0x0
 *(.iwram1)
                0x0000000003000ad8                . = ALIGN (0x4)
                [!provide]                        PROVIDE (__load_start_iwram1 = LOADADDR (.iwram1))
                [!provide]                        PROVIDE (__load_stop_iwram1 = (LOADADDR (.iwram1) + SIZEOF (.iwram1)))

.iwram2         0x0000000003000ad8        0x0
 *(.iwram2)
                0x0000000003000ad8                . = ALIGN (0x4)
                [!provide]                        PROVIDE (__load_start_iwram2 = LOADADDR (.iwram2))
                [!provide]                        PROVIDE (__load_stop_iwram2 = (LOADADDR (.iwram2) + SIZEOF (.iwram2)))

.iwram3         0x0000000003000ad8        0x0
 *(.iwram3)
                0x0000000003000ad8                . = ALIGN (0x4)
                [!provide]                        PROVIDE (__load_start_iwram3 = LOADADDR (.iwram3))
                [!provide]                        PROVIDE (__load_stop_iwram3 = (LOADADDR (.iwram3) + SIZEOF (.iwram3)))

.iwram4         0x0000000003000ad8        0x0
 *(.iwram4)
                0x0000000003000ad8                . = ALIGN (0x4)
                [!provide]                        PROVIDE (__load_start_iwram4 = LOADADDR (.iwram4))
                [!provide]                        PROVIDE (__load_stop_iwram4 = (LOADADDR (.iwram4) + SIZEOF (.iwram4)))

.iwram5         0x0000000003000ad8        0x0
 *(.iwram5)
                0x0000000003000ad8                . = ALIGN (0x4)
                [!provide]                        PROVIDE (__load_start_iwram5 = LOADADDR (.iwram5))
                [!provide]                        PROVIDE (__load_stop_iwram5 = (LOADADDR (.iwram5) + SIZEOF (.iwram5)))

.iwram6         0x0000000003000ad8        0x0
 *(.iwram6)
                0x0000000003000ad8                . = ALIGN (0x4)
                [!provide]                        PROVIDE (__load_start_iwram6 = LOADADDR (.iwram6))
                [!provide]                        PROVIDE (__load_stop_iwram6 = (LOADADDR (.iwram6) + SIZEOF (.iwram6)))

.iwram7         0x0000000003000ad8        0x0
 *(.iwram7)
                0x0000000003000ad8                . = ALIGN (0x4)
                [!provide]                        PROVIDE (__load_start_iwram7 = LOADADDR (.iwram7))
                [!provide]                        PROVIDE (__load_stop_iwram7 = (LOADADDR (.iwram7) + SIZEOF (.iwram7)))

.iwram8         0x0000000003000ad8        0x0
 *(.iwram8)
                0x0000000003000ad8                . = ALIGN (0x4)
                [!provide]                        PROVIDE (__load_start_iwram8 = LOADADDR (.iwram8))
                [!provide]                        PROVIDE (__load_stop_iwram8 = (LOADADDR (.iwram8) + SIZEOF (.iwram8)))

.iwram9         0x0000000003000ad8        0x0
 *(.iwram9)
                0x0000000003000ad8                . = ALIGN (0x4)
                [!provide]                        PROVIDE (__load_start_iwram9 = LOADADDR (.iwram9))
                [!provide]                        PROVIDE (__load_stop_iwram9 = (LOADADDR (.iwram9) + SIZEOF (.iwram9)))
                0x0000000003000ad8                __iwram_overlay_end = .
                0x00000000080102c8                __ewram_lma = (__iwram_overlay_lma + (__iwram_overlay_end - __iwram_overlay_start))
                0x0000000003000ad8                __iheap_start = .
                0x0000000002000000                __ewram_start = ORIGIN (ewram)

.ewram          0x0000000002000000        0x0 load address 0x00000000080102c8
 *(.ewram)
                0x0000000002000000                . = ALIGN (0x4)
                0x0000000002000000                __ewram_end = ABSOLUTE (.)
                0x00000000080102c8                __pad_lma = (__ewram_lma + SIZEOF (.ewram))

.sbss           0x0000000002000000        0x0
                0x0000000002000000                __sbss_start__ = ABSOLUTE (.)
 *(.sbss)
                0x0000000002000000                . = ALIGN (0x4)
                0x0000000002000000                __sbss_end__ = ABSOLUTE (.)
                0x0000000002000000                __end__ = ABSOLUTE (.)
                0x0000000002000000                __eheap_start = ABSOLUTE (.)

.pad            0x0000000002000000        0x8 load address 0x00000000080102c8
                0x0000000002000000        0x4 LONG 0x52416b64
                0x0000000002000004        0x4 LONG 0x4d
                0x0000000002000008                . = ALIGN (0x4)
                0x00000000080102d0                __rom_end__ = (__pad_lma + SIZEOF (.pad))

.stab
 *(.stab)

.stabstr
 *(.stabstr)

.stab.excl
 *(.stab.excl)

.stab.exclstr
 *(.stab.exclstr)

.stab.index
 *(.stab.index)

.stab.indexstr
 *(.stab.indexstr)

.comment        0x0000000000000000       0x22
 *(.comment)
 .comment       0x0000000000000000       0x22 /opt/devkitpro/devkitARM/lib/gcc/arm-none-eabi/8.1.0/thumb/crtbegin.o
                                         0x23 (size before relaxing)
 .comment       0x0000000000000022       0x23 text.o
 .comment       0x0000000000000022       0x23 font.o
 .comment       0x0000000000000022       0x23 main.o
 .comment       0x0000000000000022       0x23 input.o
 .comment       0x0000000000000022       0x23 timer.o
 .comment       0x0000000000000022       0x23 /opt/devkitpro/devkitARM/lib/gcc/arm-none-eabi/8.1.0/../../../../arm-none-eabi/lib/thumb/libg.a(lib_a-init.o)
 .comment       0x0000000000000022       0x23 /opt/devkitpro/devkitARM/lib/gcc/arm-none-eabi/8.1.0/../../../../arm-none-eabi/lib/thumb/libg.a(lib_a-memset.o)
 .comment       0x0000000000000022       0x23 /opt/devkitpro/devkitARM/lib/gcc/arm-none-eabi/8.1.0/../../../../arm-none-eabi/lib/thumb/libg.a(lib_a-vsnprintf.o)
 .comment       0x0000000000000022       0x23 /opt/devkitpro/devkitARM/lib/gcc/arm-none-eabi/8.1.0/../../../../arm-none-eabi/lib/thumb/libg.a(lib_a-svfprintf.o)
 .comment       0x0000000000000022       0x23 /opt/devkitpro/devkitARM/lib/gcc/arm-none-eabi/8.1.0/../../../../arm-none-eabi/lib/thumb/libg.a(lib_a-wcrtomb.o)
 .comment       0x0000000000000022       0x23 /opt/devkitpro/devkitARM/lib/gcc/arm-none-eabi/8.1.0/../../../../arm-none-eabi/lib/thumb/libg.a(lib_a-wcsrtombs.o)
 .comment       0x0000000000000022       0x23 /opt/devkitpro/devkitARM/lib/gcc/arm-none-eabi/8.1.0/../../../../arm-none-eabi/lib/thumb/libg.a(lib_a-dtoa.o)
 .comment       0x0000000000000022       0x23 /opt/devkitpro/devkitARM/lib/gcc/arm-none-eabi/8.1.0/../../../../arm-none-eabi/lib/thumb/libg.a(lib_a-freer.o)
 .comment       0x0000000000000022       0x23 /opt/devkitpro/devkitARM/lib/gcc/arm-none-eabi/8.1.0/../../../../arm-none-eabi/lib/thumb/libg.a(lib_a-localeconv.o)
 .comment       0x0000000000000022       0x23 /opt/devkitpro/devkitARM/lib/gcc/arm-none-eabi/8.1.0/../../../../arm-none-eabi/lib/thumb/libg.a(lib_a-locale.o)
 .comment       0x0000000000000022       0x23 /opt/devkitpro/devkitARM/lib/gcc/arm-none-eabi/8.1.0/../../../../arm-none-eabi/lib/thumb/libg.a(lib_a-mallocr.o)
 .comment       0x0000000000000022       0x23 /opt/devkitpro/devkitARM/lib/gcc/arm-none-eabi/8.1.0/../../../../arm-none-eabi/lib/thumb/libg.a(lib_a-mbtowc_r.o)
 .comment       0x0000000000000022       0x23 /opt/devkitpro/devkitARM/lib/gcc/arm-none-eabi/8.1.0/../../../../arm-none-eabi/lib/thumb/libg.a(lib_a-memchr-stub.o)
 .comment       0x0000000000000022       0x23 /opt/devkitpro/devkitARM/lib/gcc/arm-none-eabi/8.1.0/../../../../arm-none-eabi/lib/thumb/libg.a(lib_a-memcpy-stub.o)
 .comment       0x0000000000000022       0x23 /opt/devkitpro/devkitARM/lib/gcc/arm-none-eabi/8.1.0/../../../../arm-none-eabi/lib/thumb/libg.a(lib_a-mlock.o)
 .comment       0x0000000000000022       0x23 /opt/devkitpro/devkitARM/lib/gcc/arm-none-eabi/8.1.0/../../../../arm-none-eabi/lib/thumb/libg.a(lib_a-mprec.o)
 .comment       0x0000000000000022       0x23 /opt/devkitpro/devkitARM/lib/gcc/arm-none-eabi/8.1.0/../../../../arm-none-eabi/lib/thumb/libg.a(lib_a-s_frexp.o)
 .comment       0x0000000000000022       0x23 /opt/devkitpro/devkitARM/lib/gcc/arm-none-eabi/8.1.0/../../../../arm-none-eabi/lib/thumb/libg.a(lib_a-strlen-stub.o)
 .comment       0x0000000000000022       0x23 /opt/devkitpro/devkitARM/lib/gcc/arm-none-eabi/8.1.0/../../../../arm-none-eabi/lib/thumb/libg.a(lib_a-strncpy.o)
 .comment       0x0000000000000022       0x23 /opt/devkitpro/devkitARM/lib/gcc/arm-none-eabi/8.1.0/../../../../arm-none-eabi/lib/thumb/libg.a(lib_a-svfiprintf.o)
 .comment       0x0000000000000022       0x23 /opt/devkitpro/devkitARM/lib/gcc/arm-none-eabi/8.1.0/../../../../arm-none-eabi/lib/thumb/libg.a(lib_a-wcsnrtombs.o)
 .comment       0x0000000000000022       0x23 /opt/devkitpro/devkitARM/lib/gcc/arm-none-eabi/8.1.0/../../../../arm-none-eabi/lib/thumb/libg.a(lib_a-wctomb_r.o)
 .comment       0x0000000000000022       0x23 /opt/devkitpro/devkitARM/lib/gcc/arm-none-eabi/8.1.0/../../../../arm-none-eabi/lib/thumb/libg.a(lib_a-callocr.o)
 .comment       0x0000000000000022       0x23 /opt/devkitpro/devkitARM/lib/gcc/arm-none-eabi/8.1.0/../../../../arm-none-eabi/lib/thumb/libg.a(lib_a-ctype_.o)
 .comment       0x0000000000000022       0x23 /opt/devkitpro/devkitARM/lib/gcc/arm-none-eabi/8.1.0/../../../../arm-none-eabi/lib/thumb/libg.a(lib_a-memmove.o)
 .comment       0x0000000000000022       0x23 /opt/devkitpro/devkitARM/lib/gcc/arm-none-eabi/8.1.0/../../../../arm-none-eabi/lib/thumb/libg.a(lib_a-reallocr.o)
 .comment       0x0000000000000022       0x23 /opt/devkitpro/devkitARM/lib/gcc/arm-none-eabi/8.1.0/../../../../arm-none-eabi/lib/thumb/libsysbase.a(sbrk.o)
 .comment       0x0000000000000022       0x23 /opt/devkitpro/devkitARM/lib/gcc/arm-none-eabi/8.1.0/../../../../arm-none-eabi/lib/thumb/libsysbase.a(malloc_vars.o)
 .comment       0x0000000000000022       0x23 /opt/devkitpro/devkitARM/lib/gcc/arm-none-eabi/8.1.0/../../../../arm-none-eabi/lib/thumb/libsysbase.a(syscall_support.o)
 .comment       0x0000000000000022       0x23 /opt/devkitpro/devkitARM/lib/gcc/arm-none-eabi/8.1.0/../../../../arm-none-eabi/lib/thumb/libsysbase.a(getreent.o)
 .comment       0x0000000000000022       0x23 /opt/devkitpro/devkitARM/lib/gcc/arm-none-eabi/8.1.0/thumb/libgcc.a(_udivmoddi4.o)
 .comment       0x0000000000000022       0x23 /opt/devkitpro/devkitARM/lib/gcc/arm-none-eabi/8.1.0/../../../../arm-none-eabi/lib/thumb/libg.a(lib_a-impure.o)
 .comment       0x0000000000000022       0x23 /opt/devkitpro/devkitARM/lib/gcc/arm-none-eabi/8.1.0/thumb/crtend.o

.debug
 *(.debug)

.line
 *(.line)

.debug_srcinfo
 *(.debug_srcinfo)

.debug_sfnames
 *(.debug_sfnames)

.debug_aranges  0x0000000000000000       0x98
 *(.debug_aranges)
 .debug_aranges
                0x0000000000000000       0x20 text.o
 .debug_aranges
                0x0000000000000020       0x18 font.o
 .debug_aranges
                0x0000000000000038       0x20 main.o
 .debug_aranges
                0x0000000000000058       0x20 input.o
 .debug_aranges
                0x0000000000000078       0x20 timer.o

.debug_pubnames
 *(.debug_pubnames)

.debug_info     0x0000000000000000     0x206d
 *(.debug_info)
 .debug_info    0x0000000000000000      0xe9c text.o
 .debug_info    0x0000000000000e9c       0x83 font.o
 .debug_info    0x0000000000000f1f      0xb0e main.o
 .debug_info    0x0000000000001a2d      0x379 input.o
 .debug_info    0x0000000000001da6      0x2c7 timer.o

.debug_abbrev   0x0000000000000000      0x8e9
 *(.debug_abbrev)
 .debug_abbrev  0x0000000000000000      0x34c text.o
 .debug_abbrev  0x000000000000034c       0x69 font.o
 .debug_abbrev  0x00000000000003b5      0x26e main.o
 .debug_abbrev  0x0000000000000623      0x17f input.o
 .debug_abbrev  0x00000000000007a2      0x147 timer.o

.debug_line     0x0000000000000000      0xa01
 *(.debug_line)
 .debug_line    0x0000000000000000      0x3fd text.o
 .debug_line    0x00000000000003fd       0x3a font.o
 .debug_line    0x0000000000000437      0x211 main.o
 .debug_line    0x0000000000000648      0x1e8 input.o
 .debug_line    0x0000000000000830      0x1d1 timer.o

.debug_frame    0x0000000000000000      0x2ec
 *(.debug_frame)
 .debug_frame   0x0000000000000000      0x11c text.o
 .debug_frame   0x000000000000011c       0x78 main.o
 .debug_frame   0x0000000000000194       0xa8 input.o
 .debug_frame   0x000000000000023c       0xb0 timer.o

.debug_str      0x0000000000000000      0xa5e
 *(.debug_str)
 .debug_str     0x0000000000000000      0x7bc text.o
                                        0x835 (size before relaxing)
 .debug_str     0x00000000000007bc       0x1a font.o
                                         0xdb (size before relaxing)
 .debug_str     0x00000000000007d6       0xb9 main.o
                                        0x66b (size before relaxing)
 .debug_str     0x000000000000088f      0x12a input.o
                                        0x314 (size before relaxing)
 .debug_str     0x00000000000009b9       0xa5 timer.o
                                        0x211 (size before relaxing)

.debug_loc
 *(.debug_loc)

.debug_macinfo
 *(.debug_macinfo)

.debug_weaknames
 *(.debug_weaknames)

.debug_funcnames
 *(.debug_funcnames)

.debug_typenames
 *(.debug_typenames)

.debug_varnames
 *(.debug_varnames)

.stack          0x0000000000080000        0x0
                0x0000000000080000                _stack = .
 *(.stack)

.note.gnu.arm.ident
 *(.note.gnu.arm.ident)

.ARM.attributes
                0x0000000000000000       0x2c
 *(.ARM.attributes)
 .ARM.attributes
                0x0000000000000000       0x20 /opt/devkitpro/devkitARM/lib/gcc/arm-none-eabi/8.1.0/../../../../arm-none-eabi/lib/thumb/gba_crt0.o
 .ARM.attributes
                0x0000000000000020       0x1c /opt/devkitpro/devkitARM/lib/gcc/arm-none-eabi/8.1.0/thumb/crti.o
 .ARM.attributes
                0x000000000000003c       0x2a /opt/devkitpro/devkitARM/lib/gcc/arm-none-eabi/8.1.0/thumb/crtbegin.o
 .ARM.attributes
                0x0000000000000066       0x26 text.o
 .ARM.attributes
                0x000000000000008c       0x2c font.o
 .ARM.attributes
                0x00000000000000b8       0x26 main.o
 .ARM.attributes
                0x00000000000000de       0x26 input.o
 .ARM.attributes
                0x0000000000000104       0x26 timer.o
 .ARM.attributes
                0x000000000000012a       0x2a /opt/devkitpro/devkitARM/lib/gcc/arm-none-eabi/8.1.0/../../../../arm-none-eabi/lib/thumb/libg.a(lib_a-init.o)
 .ARM.attributes
                0x0000000000000154       0x2a /opt/devkitpro/devkitARM/lib/gcc/arm-none-eabi/8.1.0/../../../../arm-none-eabi/lib/thumb/libg.a(lib_a-memset.o)
 .ARM.attributes
                0x000000000000017e       0x2a /opt/devkitpro/devkitARM/lib/gcc/arm-none-eabi/8.1.0/../../../../arm-none-eabi/lib/thumb/libg.a(lib_a-vsnprintf.o)
 .ARM.attributes
                0x00000000000001a8       0x2a /opt/devkitpro/devkitARM/lib/gcc/arm-none-eabi/8.1.0/../../../../arm-none-eabi/lib/thumb/libg.a(lib_a-svfprintf.o)
 .ARM.attributes
                0x00000000000001d2       0x2a /opt/devkitpro/devkitARM/lib/gcc/arm-none-eabi/8.1.0/../../../../arm-none-eabi/lib/thumb/libg.a(lib_a-wcrtomb.o)
 .ARM.attributes
                0x00000000000001fc       0x2a /opt/devkitpro/devkitARM/lib/gcc/arm-none-eabi/8.1.0/../../../../arm-none-eabi/lib/thumb/libg.a(lib_a-wcsrtombs.o)
 .ARM.attributes
                0x0000000000000226       0x2a /opt/devkitpro/devkitARM/lib/gcc/arm-none-eabi/8.1.0/../../../../arm-none-eabi/lib/thumb/libg.a(lib_a-dtoa.o)
 .ARM.attributes
                0x0000000000000250       0x2a /opt/devkitpro/devkitARM/lib/gcc/arm-none-eabi/8.1.0/../../../../arm-none-eabi/lib/thumb/libg.a(lib_a-freer.o)
 .ARM.attributes
                0x000000000000027a       0x2a /opt/devkitpro/devkitARM/lib/gcc/arm-none-eabi/8.1.0/../../../../arm-none-eabi/lib/thumb/libg.a(lib_a-localeconv.o)
 .ARM.attributes
                0x00000000000002a4       0x2a /opt/devkitpro/devkitARM/lib/gcc/arm-none-eabi/8.1.0/../../../../arm-none-eabi/lib/thumb/libg.a(lib_a-locale.o)
 .ARM.attributes
                0x00000000000002ce       0x2a /opt/devkitpro/devkitARM/lib/gcc/arm-none-eabi/8.1.0/../../../../arm-none-eabi/lib/thumb/libg.a(lib_a-mallocr.o)
 .ARM.attributes
                0x00000000000002f8       0x2a /opt/devkitpro/devkitARM/lib/gcc/arm-none-eabi/8.1.0/../../../../arm-none-eabi/lib/thumb/libg.a(lib_a-mbtowc_r.o)
 .ARM.attributes
                0x0000000000000322       0x2a /opt/devkitpro/devkitARM/lib/gcc/arm-none-eabi/8.1.0/../../../../arm-none-eabi/lib/thumb/libg.a(lib_a-memchr-stub.o)
 .ARM.attributes
                0x000000000000034c       0x2a /opt/devkitpro/devkitARM/lib/gcc/arm-none-eabi/8.1.0/../../../../arm-none-eabi/lib/thumb/libg.a(lib_a-memcpy-stub.o)
 .ARM.attributes
                0x0000000000000376       0x2a /opt/devkitpro/devkitARM/lib/gcc/arm-none-eabi/8.1.0/../../../../arm-none-eabi/lib/thumb/libg.a(lib_a-mlock.o)
 .ARM.attributes
                0x00000000000003a0       0x2a /opt/devkitpro/devkitARM/lib/gcc/arm-none-eabi/8.1.0/../../../../arm-none-eabi/lib/thumb/libg.a(lib_a-mprec.o)
 .ARM.attributes
                0x00000000000003ca       0x2a /opt/devkitpro/devkitARM/lib/gcc/arm-none-eabi/8.1.0/../../../../arm-none-eabi/lib/thumb/libg.a(lib_a-s_frexp.o)
 .ARM.attributes
                0x00000000000003f4       0x2a /opt/devkitpro/devkitARM/lib/gcc/arm-none-eabi/8.1.0/../../../../arm-none-eabi/lib/thumb/libg.a(lib_a-strcasecmp.o)
 .ARM.attributes
                0x000000000000041e       0x2a /opt/devkitpro/devkitARM/lib/gcc/arm-none-eabi/8.1.0/../../../../arm-none-eabi/lib/thumb/libg.a(lib_a-strcat.o)
 .ARM.attributes
                0x0000000000000448       0x2a /opt/devkitpro/devkitARM/lib/gcc/arm-none-eabi/8.1.0/../../../../arm-none-eabi/lib/thumb/libg.a(lib_a-strchr.o)
 .ARM.attributes
                0x0000000000000472       0x1a /opt/devkitpro/devkitARM/lib/gcc/arm-none-eabi/8.1.0/../../../../arm-none-eabi/lib/thumb/libg.a(lib_a-strcmp.o)
 .ARM.attributes
                0x000000000000048c       0x2a /opt/devkitpro/devkitARM/lib/gcc/arm-none-eabi/8.1.0/../../../../arm-none-eabi/lib/thumb/libg.a(lib_a-strcpy.o)
 .ARM.attributes
                0x00000000000004b6       0x2a /opt/devkitpro/devkitARM/lib/gcc/arm-none-eabi/8.1.0/../../../../arm-none-eabi/lib/thumb/libg.a(lib_a-strlcpy.o)
 .ARM.attributes
                0x00000000000004e0       0x2a /opt/devkitpro/devkitARM/lib/gcc/arm-none-eabi/8.1.0/../../../../arm-none-eabi/lib/thumb/libg.a(lib_a-strlen-stub.o)
 .ARM.attributes
                0x000000000000050a       0x2a /opt/devkitpro/devkitARM/lib/gcc/arm-none-eabi/8.1.0/../../../../arm-none-eabi/lib/thumb/libg.a(lib_a-strncasecmp.o)
 .ARM.attributes
                0x0000000000000534       0x2a /opt/devkitpro/devkitARM/lib/gcc/arm-none-eabi/8.1.0/../../../../arm-none-eabi/lib/thumb/libg.a(lib_a-strncmp.o)
 .ARM.attributes
                0x000000000000055e       0x2a /opt/devkitpro/devkitARM/lib/gcc/arm-none-eabi/8.1.0/../../../../arm-none-eabi/lib/thumb/libg.a(lib_a-strncpy.o)
 .ARM.attributes
                0x0000000000000588       0x2a /opt/devkitpro/devkitARM/lib/gcc/arm-none-eabi/8.1.0/../../../../arm-none-eabi/lib/thumb/libg.a(lib_a-strtol.o)
 .ARM.attributes
                0x00000000000005b2       0x2a /opt/devkitpro/devkitARM/lib/gcc/arm-none-eabi/8.1.0/../../../../arm-none-eabi/lib/thumb/libg.a(lib_a-svfiprintf.o)
 .ARM.attributes
                0x00000000000005dc       0x2a /opt/devkitpro/devkitARM/lib/gcc/arm-none-eabi/8.1.0/../../../../arm-none-eabi/lib/thumb/libg.a(lib_a-wcsnrtombs.o)
 .ARM.attributes
                0x0000000000000606       0x2a /opt/devkitpro/devkitARM/lib/gcc/arm-none-eabi/8.1.0/../../../../arm-none-eabi/lib/thumb/libg.a(lib_a-wctomb_r.o)
 .ARM.attributes
                0x0000000000000630       0x2a /opt/devkitpro/devkitARM/lib/gcc/arm-none-eabi/8.1.0/../../../../arm-none-eabi/lib/thumb/libg.a(lib_a-callocr.o)
 .ARM.attributes
                0x000000000000065a       0x2a /opt/devkitpro/devkitARM/lib/gcc/arm-none-eabi/8.1.0/../../../../arm-none-eabi/lib/thumb/libg.a(lib_a-ctype_.o)
 .ARM.attributes
                0x0000000000000684       0x2a /opt/devkitpro/devkitARM/lib/gcc/arm-none-eabi/8.1.0/../../../../arm-none-eabi/lib/thumb/libg.a(lib_a-getenv_r.o)
 .ARM.attributes
                0x00000000000006ae       0x2a /opt/devkitpro/devkitARM/lib/gcc/arm-none-eabi/8.1.0/../../../../arm-none-eabi/lib/thumb/libg.a(lib_a-memmove.o)
 .ARM.attributes
                0x00000000000006d8       0x2a /opt/devkitpro/devkitARM/lib/gcc/arm-none-eabi/8.1.0/../../../../arm-none-eabi/lib/thumb/libg.a(lib_a-reallocr.o)
 .ARM.attributes
                0x0000000000000702       0x30 /opt/devkitpro/devkitARM/lib/gcc/arm-none-eabi/8.1.0/../../../../arm-none-eabi/lib/thumb/libg.a(lib_a-environ.o)
 .ARM.attributes
                0x0000000000000732       0x2a /opt/devkitpro/devkitARM/lib/gcc/arm-none-eabi/8.1.0/../../../../arm-none-eabi/lib/thumb/libg.a(lib_a-envlock.o)
 .ARM.attributes
                0x000000000000075c       0x2a /opt/devkitpro/devkitARM/lib/gcc/arm-none-eabi/8.1.0/../../../../arm-none-eabi/lib/thumb/libsysbase.a(sbrk.o)
 .ARM.attributes
                0x0000000000000786       0x30 /opt/devkitpro/devkitARM/lib/gcc/arm-none-eabi/8.1.0/../../../../arm-none-eabi/lib/thumb/libsysbase.a(malloc_vars.o)
 .ARM.attributes
                0x00000000000007b6       0x2a /opt/devkitpro/devkitARM/lib/gcc/arm-none-eabi/8.1.0/../../../../arm-none-eabi/lib/thumb/libsysbase.a(syscall_support.o)
 .ARM.attributes
                0x00000000000007e0       0x2a /opt/devkitpro/devkitARM/lib/gcc/arm-none-eabi/8.1.0/../../../../arm-none-eabi/lib/thumb/libsysbase.a(getreent.o)
 .ARM.attributes
                0x000000000000080a       0x1c /opt/devkitpro/devkitARM/lib/gcc/arm-none-eabi/8.1.0/thumb/libgcc.a(_thumb1_case_uqi.o)
 .ARM.attributes
                0x0000000000000826       0x1c /opt/devkitpro/devkitARM/lib/gcc/arm-none-eabi/8.1.0/thumb/libgcc.a(_thumb1_case_uhi.o)
 .ARM.attributes
                0x0000000000000842       0x1c /opt/devkitpro/devkitARM/lib/gcc/arm-none-eabi/8.1.0/thumb/libgcc.a(_udivsi3.o)
 .ARM.attributes
                0x000000000000085e       0x1c /opt/devkitpro/devkitARM/lib/gcc/arm-none-eabi/8.1.0/thumb/libgcc.a(_divsi3.o)
 .ARM.attributes
                0x000000000000087a       0x1c /opt/devkitpro/devkitARM/lib/gcc/arm-none-eabi/8.1.0/thumb/libgcc.a(_dvmd_tls.o)
 .ARM.attributes
                0x0000000000000896       0x1c /opt/devkitpro/devkitARM/lib/gcc/arm-none-eabi/8.1.0/thumb/libgcc.a(_arm_addsubdf3.o)
 .ARM.attributes
                0x00000000000008b2       0x1c /opt/devkitpro/devkitARM/lib/gcc/arm-none-eabi/8.1.0/thumb/libgcc.a(_arm_muldivdf3.o)
 .ARM.attributes
                0x00000000000008ce       0x1c /opt/devkitpro/devkitARM/lib/gcc/arm-none-eabi/8.1.0/thumb/libgcc.a(_arm_cmpdf2.o)
 .ARM.attributes
                0x00000000000008ea       0x1c /opt/devkitpro/devkitARM/lib/gcc/arm-none-eabi/8.1.0/thumb/libgcc.a(_arm_unorddf2.o)
 .ARM.attributes
                0x0000000000000906       0x1c /opt/devkitpro/devkitARM/lib/gcc/arm-none-eabi/8.1.0/thumb/libgcc.a(_arm_fixdfsi.o)
 .ARM.attributes
                0x0000000000000922       0x1c /opt/devkitpro/devkitARM/lib/gcc/arm-none-eabi/8.1.0/thumb/libgcc.a(_aeabi_uldivmod.o)
 .ARM.attributes
                0x000000000000093e       0x2a /opt/devkitpro/devkitARM/lib/gcc/arm-none-eabi/8.1.0/thumb/libgcc.a(_udivmoddi4.o)
 .ARM.attributes
                0x0000000000000968       0x1c /opt/devkitpro/devkitARM/lib/gcc/arm-none-eabi/8.1.0/thumb/libgcc.a(_clzdi2.o)
 .ARM.attributes
                0x0000000000000984       0x1c /opt/devkitpro/devkitARM/lib/gcc/arm-none-eabi/8.1.0/thumb/libgcc.a(_clzsi2.o)
 .ARM.attributes
                0x00000000000009a0       0x30 /opt/devkitpro/devkitARM/lib/gcc/arm-none-eabi/8.1.0/../../../../arm-none-eabi/lib/thumb/libg.a(lib_a-impure.o)
 .ARM.attributes
                0x00000000000009d0       0x30 /opt/devkitpro/devkitARM/lib/gcc/arm-none-eabi/8.1.0/thumb/crtend.o
 .ARM.attributes
                0x0000000000000a00       0x1c /opt/devkitpro/devkitARM/lib/gcc/arm-none-eabi/8.1.0/thumb/crtn.o

/DISCARD/
 *(.note.GNU-stack)
LOAD /opt/devkitpro/devkitARM/lib/gcc/arm-none-eabi/8.1.0/../../../../arm-none-eabi/lib/thumb/gba_crt0.o
LOAD /opt/devkitpro/devkitARM/lib/gcc/arm-none-eabi/8.1.0/thumb/crti.o
LOAD /opt/devkitpro/devkitARM/lib/gcc/arm-none-eabi/8.1.0/thumb/crtbegin.o
LOAD text.o
LOAD font.o
LOAD main.o
LOAD input.o
LOAD timer.o
LOAD /opt/devkitpro/devkitARM/lib/gcc/arm-none-eabi/8.1.0/../../../../arm-none-eabi/lib/thumb/libm.a
LOAD /opt/devkitpro/libgba/lib/libgba.a
START GROUP
LOAD /opt/devkitpro/devkitARM/lib/gcc/arm-none-eabi/8.1.0/thumb/libgcc.a
LOAD /opt/devkitpro/devkitARM/lib/gcc/arm-none-eabi/8.1.0/../../../../arm-none-eabi/lib/thumb/libg.a
LOAD /opt/devkitpro/devkitARM/lib/gcc/arm-none-eabi/8.1.0/../../../../arm-none-eabi/lib/thumb/libc.a
LOAD /opt/devkitpro/devkitARM/lib/gcc/arm-none-eabi/8.1.0/../../../../arm-none-eabi/lib/thumb/libsysbase.a
END GROUP
LOAD /opt/devkitpro/devkitARM/lib/gcc/arm-none-eabi/8.1.0/thumb/crtend.o
LOAD /opt/devkitpro/devkitARM/lib/gcc/arm-none-eabi/8.1.0/thumb/crtn.o
OUTPUT(/home/timer/timer.elf elf32-littlearm)
