Archive member included to satisfy reference by file (symbol)

/opt/devkitpro/libgba/lib/libgba.a(interrupt.o)
                              main.arm.o (irqInit)
/opt/devkitpro/libgba/lib/libgba.a(InterruptDispatcher.o)
                              /opt/devkitpro/libgba/lib/libgba.a(interrupt.o) (IntrMain)
/opt/devkitpro/devkitARM/bin/../lib/gcc/arm-none-eabi/9.1.0/../../../../arm-none-eabi/lib/thumb/libg.a(lib_a-init.o)
                              /opt/devkitpro/devkitARM/bin/../lib/gcc/arm-none-eabi/9.1.0/../../../../arm-none-eabi/lib/thumb/gba_crt0.o (__libc_init_array)
/opt/devkitpro/devkitARM/bin/../lib/gcc/arm-none-eabi/9.1.0/../../../../arm-none-eabi/lib/thumb/libg.a(lib_a-memset.o)
                              text.o (memset)
/opt/devkitpro/devkitARM/bin/../lib/gcc/arm-none-eabi/9.1.0/../../../../arm-none-eabi/lib/thumb/libg.a(lib_a-vsnprintf.o)
                              text.o (vsnprintf)
/opt/devkitpro/devkitARM/bin/../lib/gcc/arm-none-eabi/9.1.0/../../../../arm-none-eabi/lib/thumb/libg.a(lib_a-svfprintf.o)
                              /opt/devkitpro/devkitARM/bin/../lib/gcc/arm-none-eabi/9.1.0/../../../../arm-none-eabi/lib/thumb/libg.a(lib_a-vsnprintf.o) (_svfprintf_r)
/opt/devkitpro/devkitARM/bin/../lib/gcc/arm-none-eabi/9.1.0/../../../../arm-none-eabi/lib/thumb/libg.a(lib_a-wcrtomb.o)
                              /opt/devkitpro/devkitARM/bin/../lib/gcc/arm-none-eabi/9.1.0/../../../../arm-none-eabi/lib/thumb/libg.a(lib_a-svfprintf.o) (_wcrtomb_r)
/opt/devkitpro/devkitARM/bin/../lib/gcc/arm-none-eabi/9.1.0/../../../../arm-none-eabi/lib/thumb/libg.a(lib_a-wcsrtombs.o)
                              /opt/devkitpro/devkitARM/bin/../lib/gcc/arm-none-eabi/9.1.0/../../../../arm-none-eabi/lib/thumb/libg.a(lib_a-svfprintf.o) (_wcsrtombs_r)
/opt/devkitpro/devkitARM/bin/../lib/gcc/arm-none-eabi/9.1.0/../../../../arm-none-eabi/lib/thumb/libg.a(lib_a-dtoa.o)
                              /opt/devkitpro/devkitARM/bin/../lib/gcc/arm-none-eabi/9.1.0/../../../../arm-none-eabi/lib/thumb/libg.a(lib_a-svfprintf.o) (_dtoa_r)
/opt/devkitpro/devkitARM/bin/../lib/gcc/arm-none-eabi/9.1.0/../../../../arm-none-eabi/lib/thumb/libg.a(lib_a-freer.o)
                              /opt/devkitpro/devkitARM/bin/../lib/gcc/arm-none-eabi/9.1.0/../../../../arm-none-eabi/lib/thumb/libg.a(lib_a-svfprintf.o) (_free_r)
/opt/devkitpro/devkitARM/bin/../lib/gcc/arm-none-eabi/9.1.0/../../../../arm-none-eabi/lib/thumb/libg.a(lib_a-localeconv.o)
                              /opt/devkitpro/devkitARM/bin/../lib/gcc/arm-none-eabi/9.1.0/../../../../arm-none-eabi/lib/thumb/libg.a(lib_a-svfprintf.o) (_localeconv_r)
/opt/devkitpro/devkitARM/bin/../lib/gcc/arm-none-eabi/9.1.0/../../../../arm-none-eabi/lib/thumb/libg.a(lib_a-locale.o)
                              /opt/devkitpro/devkitARM/bin/../lib/gcc/arm-none-eabi/9.1.0/../../../../arm-none-eabi/lib/thumb/libg.a(lib_a-svfprintf.o) (__global_locale)
/opt/devkitpro/devkitARM/bin/../lib/gcc/arm-none-eabi/9.1.0/../../../../arm-none-eabi/lib/thumb/libg.a(lib_a-mallocr.o)
                              /opt/devkitpro/devkitARM/bin/../lib/gcc/arm-none-eabi/9.1.0/../../../../arm-none-eabi/lib/thumb/libg.a(lib_a-svfprintf.o) (_malloc_r)
/opt/devkitpro/devkitARM/bin/../lib/gcc/arm-none-eabi/9.1.0/../../../../arm-none-eabi/lib/thumb/libg.a(lib_a-mbtowc_r.o)
                              /opt/devkitpro/devkitARM/bin/../lib/gcc/arm-none-eabi/9.1.0/../../../../arm-none-eabi/lib/thumb/libg.a(lib_a-locale.o) (__ascii_mbtowc)
/opt/devkitpro/devkitARM/bin/../lib/gcc/arm-none-eabi/9.1.0/../../../../arm-none-eabi/lib/thumb/libg.a(lib_a-memchr-stub.o)
                              /opt/devkitpro/devkitARM/bin/../lib/gcc/arm-none-eabi/9.1.0/../../../../arm-none-eabi/lib/thumb/libg.a(lib_a-svfprintf.o) (memchr)
/opt/devkitpro/devkitARM/bin/../lib/gcc/arm-none-eabi/9.1.0/../../../../arm-none-eabi/lib/thumb/libg.a(lib_a-memcpy-stub.o)
                              /opt/devkitpro/devkitARM/bin/../lib/gcc/arm-none-eabi/9.1.0/../../../../arm-none-eabi/lib/thumb/libg.a(lib_a-dtoa.o) (memcpy)
/opt/devkitpro/devkitARM/bin/../lib/gcc/arm-none-eabi/9.1.0/../../../../arm-none-eabi/lib/thumb/libg.a(lib_a-mlock.o)
                              /opt/devkitpro/devkitARM/bin/../lib/gcc/arm-none-eabi/9.1.0/../../../../arm-none-eabi/lib/thumb/libg.a(lib_a-freer.o) (__malloc_lock)
/opt/devkitpro/devkitARM/bin/../lib/gcc/arm-none-eabi/9.1.0/../../../../arm-none-eabi/lib/thumb/libg.a(lib_a-mprec.o)
                              /opt/devkitpro/devkitARM/bin/../lib/gcc/arm-none-eabi/9.1.0/../../../../arm-none-eabi/lib/thumb/libg.a(lib_a-dtoa.o) (_Balloc)
/opt/devkitpro/devkitARM/bin/../lib/gcc/arm-none-eabi/9.1.0/../../../../arm-none-eabi/lib/thumb/libg.a(lib_a-s_frexp.o)
                              /opt/devkitpro/devkitARM/bin/../lib/gcc/arm-none-eabi/9.1.0/../../../../arm-none-eabi/lib/thumb/libg.a(lib_a-svfprintf.o) (frexp)
[...]
Memory Configuration

Name             Origin             Length             Attributes
rom              0x0000000008000000 0x0000000002000000
iwram            0x0000000003000000 0x0000000000008000
ewram            0x0000000002000000 0x0000000000040000
*default*        0x0000000000000000 0xffffffffffffffff

Linker script and memory map

                0x0000000008000000                __text_start = ORIGIN (rom)
                0x0000000002040000                __eheap_end = (ORIGIN (ewram) + LENGTH (ewram))
                0x0000000003000000                __iwram_start = ORIGIN (iwram)
                0x0000000003008000                __iwram_top = (ORIGIN (iwram) + LENGTH (iwram))
                0x0000000003007fa0                __sp_irq = (__iwram_top - 0x60)
                0x0000000003007f00                __sp_usr = (__sp_irq - 0xa0)
                0x0000000003007ff8                __irq_flags = 0x3007ff8
                0x0000000008000000                . = __text_start

.crt0           0x0000000008000000      0x210
 *(.crt0)
 .crt0          0x0000000008000000      0x210 /opt/devkitpro/devkitARM/bin/../lib/gcc/arm-none-eabi/9.1.0/../../../../arm-none-eabi/lib/thumb/gba_crt0.o
                0x0000000008000000                _start
                0x00000000080000c4                __boot_method
                0x00000000080000c5                __slave_number
                0x00000000080000e0                start_vector
                0x0000000008000210                . = ALIGN (0x4)

.init           0x0000000008000210        0xc
 *(SORT_NONE(.init))
 .init          0x0000000008000210        0x4 /opt/devkitpro/devkitARM/bin/../lib/gcc/arm-none-eabi/9.1.0/thumb/crti.o
                0x0000000008000210                _init
 .init          0x0000000008000214        0x8 /opt/devkitpro/devkitARM/bin/../lib/gcc/arm-none-eabi/9.1.0/thumb/crtn.o

.plt            0x000000000800021c        0x0
 *(.plt)
                0x000000000800021c                . = ALIGN (0x4)

.text           0x0000000008000220     0x7470
 *(EXCLUDE_FILE(*.iwram*) .text*)
 .text.deregister_tm_clones
                0x0000000008000220       0x2c /opt/devkitpro/devkitARM/bin/../lib/gcc/arm-none-eabi/9.1.0/thumb/crtbegin.o
 .text.register_tm_clones
                0x000000000800024c       0x34 /opt/devkitpro/devkitARM/bin/../lib/gcc/arm-none-eabi/9.1.0/thumb/crtbegin.o
 .text.__do_global_dtors_aux
                0x0000000008000280       0x30 /opt/devkitpro/devkitARM/bin/../lib/gcc/arm-none-eabi/9.1.0/thumb/crtbegin.o
 .text.frame_dummy
                0x00000000080002b0       0x28 /opt/devkitpro/devkitARM/bin/../lib/gcc/arm-none-eabi/9.1.0/thumb/crtbegin.o
 .text          0x00000000080002d8      0x128 main.arm.o
                0x00000000080002d8                WaitForVsync
                0x0000000008000320                IrqTimer0
                0x0000000008000334                IrqVBLANK
                0x0000000008000380                Init
                0x00000000080003dc                main
 .text          0x0000000008000400      0x3e0 text.o
                0x0000000008000416                TextClear
                0x000000000800045c                TextInit
                0x0000000008000540                TextSetCursor
                0x0000000008000560                printAscii
                0x00000000080005a8                TextPut
                0x00000000080006d0                TextPrintf
                0x000000000800072c                TextHide
                0x000000000800074c                TextShow
                0x000000000800076a                TextToggle
                0x0000000008000788                TextHideBackGround
                0x000000000800079c                TextShowBackGround
                0x00000000080007b8                TextToggleBackGround
 .text          0x00000000080007e0      0x1d8 timer.o
                0x00000000080007e0                TimerStart
                0x0000000008000824                TimerStop
                0x0000000008000868                TimerCascade
                0x00000000080008ac                TimerSetup
                0x00000000080008e4                TimerGet
                0x0000000008000904                TimerSetCount
                0x0000000008000940                TimerReset
                0x0000000008000978                TimerUpdate
 .text          0x00000000080009b8      0x3b8 /opt/devkitpro/libgba/lib/libgba.a(interrupt.o)
                0x00000000080009b8                dummy
                0x00000000080009bc                InitInterrupt
                0x0000000008000a18                irqInit
                0x0000000008000a74                SetInterrupt
                0x0000000008000b58                irqSet
                0x0000000008000c3c                EnableInterrupt
                0x0000000008000c88                irqEnable
                0x0000000008000cd8                DisableInterrupt
                0x0000000008000d24                irqDisable
 .text.__libc_init_array
                0x0000000008000d70       0x50 /opt/devkitpro/devkitARM/bin/../lib/gcc/arm-none-eabi/9.1.0/../../../../arm-none-eabi/lib/thumb/libg.a(lib_a-init.o)
                0x0000000008000d70                __libc_init_array
 .text.memset   0x0000000008000dc0       0xb0 /opt/devkitpro/devkitARM/bin/../lib/gcc/arm-none-eabi/9.1.0/../../../../arm-none-eabi/lib/thumb/libg.a(lib_a-memset.o)
                0x0000000008000dc0                memset
 .text._vsnprintf_r
                0x0000000008000e70       0x74 /opt/devkitpro/devkitARM/bin/../lib/gcc/arm-none-eabi/9.1.0/../../../../arm-none-eabi/lib/thumb/libg.a(lib_a-vsnprintf.o)
                0x0000000008000e70                _vsnprintf_r
 .text.vsnprintf
                0x0000000008000ee4       0x24 /opt/devkitpro/devkitARM/bin/../lib/gcc/arm-none-eabi/9.1.0/../../../../arm-none-eabi/lib/thumb/libg.a(lib_a-vsnprintf.o)
                0x0000000008000ee4                vsnprintf
 .text.get_arg  0x0000000008000f08      0x3d8 /opt/devkitpro/devkitARM/bin/../lib/gcc/arm-none-eabi/9.1.0/../../../../arm-none-eabi/lib/thumb/libg.a(lib_a-svfprintf.o)
 .text._svfprintf_r
                0x00000000080012e0     0x2494 /opt/devkitpro/devkitARM/bin/../lib/gcc/arm-none-eabi/9.1.0/../../../../arm-none-eabi/lib/thumb/libg.a(lib_a-svfprintf.o)
                0x00000000080012e0                _svfprintf_r
 .text._wcrtomb_r
                0x0000000008003774       0x5c /opt/devkitpro/devkitARM/bin/../lib/gcc/arm-none-eabi/9.1.0/../../../../arm-none-eabi/lib/thumb/libg.a(lib_a-wcrtomb.o)
                0x0000000008003774                _wcrtomb_r
 .text._wcsrtombs_r
                0x00000000080037d0       0x1c /opt/devkitpro/devkitARM/bin/../lib/gcc/arm-none-eabi/9.1.0/../../../../arm-none-eabi/lib/thumb/libg.a(lib_a-wcsrtombs.o)
                0x00000000080037d0                _wcsrtombs_r
 .text.quorem   0x00000000080037ec      0x14c /opt/devkitpro/devkitARM/bin/../lib/gcc/arm-none-eabi/9.1.0/../../../../arm-none-eabi/lib/thumb/libg.a(lib_a-dtoa.o)
 .text._dtoa_r  0x0000000008003938      0xf70 /opt/devkitpro/devkitARM/bin/../lib/gcc/arm-none-eabi/9.1.0/../../../../arm-none-eabi/lib/thumb/libg.a(lib_a-dtoa.o)
                0x0000000008003938                _dtoa_r
 .text._malloc_trim_r
                0x00000000080048a8       0xa0 /opt/devkitpro/devkitARM/bin/../lib/gcc/arm-none-eabi/9.1.0/../../../../arm-none-eabi/lib/thumb/libg.a(lib_a-freer.o)
                0x00000000080048a8                _malloc_trim_r
 .text._free_r  0x0000000008004948      0x1e0 /opt/devkitpro/devkitARM/bin/../lib/gcc/arm-none-eabi/9.1.0/../../../../arm-none-eabi/lib/thumb/libg.a(lib_a-freer.o)
                0x0000000008004948                _free_r
 .text._localeconv_r
                0x0000000008004b28        0x8 /opt/devkitpro/devkitARM/bin/../lib/gcc/arm-none-eabi/9.1.0/../../../../arm-none-eabi/lib/thumb/libg.a(lib_a-localeconv.o)
                0x0000000008004b28                _localeconv_r
 .text.__locale_mb_cur_max
                0x0000000008004b30       0x10 /opt/devkitpro/devkitARM/bin/../lib/gcc/arm-none-eabi/9.1.0/../../../../arm-none-eabi/lib/thumb/libg.a(lib_a-locale.o)
                0x0000000008004b30                __locale_mb_cur_max
 .text._malloc_r
                0x0000000008004b40      0x59c /opt/devkitpro/devkitARM/bin/../lib/gcc/arm-none-eabi/9.1.0/../../../../arm-none-eabi/lib/thumb/libg.a(lib_a-mallocr.o)
                0x0000000008004b40                _malloc_r
 .text.__utf8_mbtowc
                0x00000000080050dc      0x280 /opt/devkitpro/devkitARM/bin/../lib/gcc/arm-none-eabi/9.1.0/../../../../arm-none-eabi/lib/thumb/libg.a(lib_a-mbtowc_r.o)
                0x00000000080050dc                __utf8_mbtowc
 .text.memchr   0x000000000800535c       0x78 /opt/devkitpro/devkitARM/bin/../lib/gcc/arm-none-eabi/9.1.0/../../../../arm-none-eabi/lib/thumb/libg.a(lib_a-memchr-stub.o)
                0x000000000800535c                memchr
 .text.memcpy   0x00000000080053d4       0xa8 /opt/devkitpro/devkitARM/bin/../lib/gcc/arm-none-eabi/9.1.0/../../../../arm-none-eabi/lib/thumb/libg.a(lib_a-memcpy-stub.o)
                0x00000000080053d4                memcpy
 .text.__malloc_lock
                0x000000000800547c       0x14 /opt/devkitpro/devkitARM/bin/../lib/gcc/arm-none-eabi/9.1.0/../../../../arm-none-eabi/lib/thumb/libg.a(lib_a-mlock.o)
                0x000000000800547c                __malloc_lock
 .text.__malloc_unlock
                0x0000000008005490       0x14 /opt/devkitpro/devkitARM/bin/../lib/gcc/arm-none-eabi/9.1.0/../../../../arm-none-eabi/lib/thumb/libg.a(lib_a-mlock.o)
                0x0000000008005490                __malloc_unlock
 .text._Balloc  0x00000000080054a4       0x54 /opt/devkitpro/devkitARM/bin/../lib/gcc/arm-none-eabi/9.1.0/../../../../arm-none-eabi/lib/thumb/libg.a(lib_a-mprec.o)
                0x00000000080054a4                _Balloc
 .text._Bfree   0x00000000080054f8       0x14 /opt/devkitpro/devkitARM/bin/../lib/gcc/arm-none-eabi/9.1.0/../../../../arm-none-eabi/lib/thumb/libg.a(lib_a-mprec.o)
                0x00000000080054f8                _Bfree
 .text.__multadd
                0x000000000800550c       0x88 /opt/devkitpro/devkitARM/bin/../lib/gcc/arm-none-eabi/9.1.0/../../../../arm-none-eabi/lib/thumb/libg.a(lib_a-mprec.o)
                0x000000000800550c                __multadd
 .text.__hi0bits
                0x0000000008005594       0x38 /opt/devkitpro/devkitARM/bin/../lib/gcc/arm-none-eabi/9.1.0/../../../../arm-none-eabi/lib/thumb/libg.a(lib_a-mprec.o)
                0x0000000008005594                __hi0bits
 .text.__lo0bits
                0x00000000080055cc       0x5c /opt/devkitpro/devkitARM/bin/../lib/gcc/arm-none-eabi/9.1.0/../../../../arm-none-eabi/lib/thumb/libg.a(lib_a-mprec.o)
                0x00000000080055cc                __lo0bits
 .text.__i2b    0x0000000008005628       0x18 /opt/devkitpro/devkitARM/bin/../lib/gcc/arm-none-eabi/9.1.0/../../../../arm-none-eabi/lib/thumb/libg.a(lib_a-mprec.o)
                0x0000000008005628                __i2b
 .text.__multiply
                0x0000000008005640      0x194 /opt/devkitpro/devkitARM/bin/../lib/gcc/arm-none-eabi/9.1.0/../../../../arm-none-eabi/lib/thumb/libg.a(lib_a-mprec.o)
                0x0000000008005640                __multiply
 .text.__pow5mult
                0x00000000080057d4       0xc4 /opt/devkitpro/devkitARM/bin/../lib/gcc/arm-none-eabi/9.1.0/../../../../arm-none-eabi/lib/thumb/libg.a(lib_a-mprec.o)
                0x00000000080057d4                __pow5mult
 .text.__lshift
                0x0000000008005898       0xf0 /opt/devkitpro/devkitARM/bin/../lib/gcc/arm-none-eabi/9.1.0/../../../../arm-none-eabi/lib/thumb/libg.a(lib_a-mprec.o)
                0x0000000008005898                __lshift
 .text.__mcmp   0x0000000008005988       0x3c /opt/devkitpro/devkitARM/bin/../lib/gcc/arm-none-eabi/9.1.0/../../../../arm-none-eabi/lib/thumb/libg.a(lib_a-mprec.o)
                0x0000000008005988                __mcmp
 .text.__mdiff  0x00000000080059c4      0x148 /opt/devkitpro/devkitARM/bin/../lib/gcc/arm-none-eabi/9.1.0/../../../../arm-none-eabi/lib/thumb/libg.a(lib_a-mprec.o)
                0x00000000080059c4                __mdiff
 .text.__d2b    0x0000000008005b0c       0xc0 /opt/devkitpro/devkitARM/bin/../lib/gcc/arm-none-eabi/9.1.0/../../../../arm-none-eabi/lib/thumb/libg.a(lib_a-mprec.o)
                0x0000000008005b0c                __d2b
 .text.frexp    0x0000000008005bcc       0x68 /opt/devkitpro/devkitARM/bin/../lib/gcc/arm-none-eabi/9.1.0/../../../../arm-none-eabi/lib/thumb/libg.a(lib_a-s_frexp.o)
                0x0000000008005bcc                frexp
 .text.strlen   0x0000000008005c34       0x60 /opt/devkitpro/devkitARM/bin/../lib/gcc/arm-none-eabi/9.1.0/../../../../arm-none-eabi/lib/thumb/libg.a(lib_a-strlen-stub.o)
                0x0000000008005c34                strlen
 .text.strncpy  0x0000000008005c94       0x74 /opt/devkitpro/devkitARM/bin/../lib/gcc/arm-none-eabi/9.1.0/../../../../arm-none-eabi/lib/thumb/libg.a(lib_a-strncpy.o)
                0x0000000008005c94                strncpy
 .text.__ssprint_r
                0x0000000008005d08      0x124 /opt/devkitpro/devkitARM/bin/../lib/gcc/arm-none-eabi/9.1.0/../../../../arm-none-eabi/lib/thumb/libg.a(lib_a-svfiprintf.o)
                0x0000000008005d08                __ssprint_r
 .text._wcsnrtombs_l
                0x0000000008005e2c      0x138 /opt/devkitpro/devkitARM/bin/../lib/gcc/arm-none-eabi/9.1.0/../../../../arm-none-eabi/lib/thumb/libg.a(lib_a-wcsnrtombs.o)
                0x0000000008005e2c                _wcsnrtombs_l
 .text._wcsnrtombs_r
                0x0000000008005f64       0x30 /opt/devkitpro/devkitARM/bin/../lib/gcc/arm-none-eabi/9.1.0/../../../../arm-none-eabi/lib/thumb/libg.a(lib_a-wcsnrtombs.o)
                0x0000000008005f64                _wcsnrtombs_r
 .text.__utf8_wctomb
                0x0000000008005f94       0xb4 /opt/devkitpro/devkitARM/bin/../lib/gcc/arm-none-eabi/9.1.0/../../../../arm-none-eabi/lib/thumb/libg.a(lib_a-wctomb_r.o)
                0x0000000008005f94                __utf8_wctomb
 .text._calloc_r
                0x0000000008006048       0x60 /opt/devkitpro/devkitARM/bin/../lib/gcc/arm-none-eabi/9.1.0/../../../../arm-none-eabi/lib/thumb/libg.a(lib_a-callocr.o)
                0x0000000008006048                _calloc_r
 .text.memmove  0x00000000080060a8       0xb0 /opt/devkitpro/devkitARM/bin/../lib/gcc/arm-none-eabi/9.1.0/../../../../arm-none-eabi/lib/thumb/libg.a(lib_a-memmove.o)
                0x00000000080060a8                memmove
 .text._realloc_r
                0x0000000008006158      0x38c /opt/devkitpro/devkitARM/bin/../lib/gcc/arm-none-eabi/9.1.0/../../../../arm-none-eabi/lib/thumb/libg.a(lib_a-reallocr.o)
                0x0000000008006158                _realloc_r
 .text._sbrk_r  0x00000000080064e4       0x54 /opt/devkitpro/devkitARM/bin/../lib/gcc/arm-none-eabi/9.1.0/../../../../arm-none-eabi/lib/thumb/libsysbase.a(sbrk.o)
                0x00000000080064e4                _sbrk_r
 .text.__libc_lock_acquire_recursive
                0x0000000008006538       0x1c /opt/devkitpro/devkitARM/bin/../lib/gcc/arm-none-eabi/9.1.0/../../../../arm-none-eabi/lib/thumb/libsysbase.a(syscall_support.o)
                0x0000000008006538                __libc_lock_acquire_recursive
 .text.__libc_lock_release_recursive
                0x0000000008006554       0x1c /opt/devkitpro/devkitARM/bin/../lib/gcc/arm-none-eabi/9.1.0/../../../../arm-none-eabi/lib/thumb/libsysbase.a(syscall_support.o)
                0x0000000008006554                __libc_lock_release_recursive
 .text.__getreent
                0x0000000008006570       0x28 /opt/devkitpro/devkitARM/bin/../lib/gcc/arm-none-eabi/9.1.0/../../../../arm-none-eabi/lib/thumb/libsysbase.a(getreent.o)
                0x0000000008006570                __getreent
 .text          0x0000000008006598       0x14 /opt/devkitpro/devkitARM/bin/../lib/gcc/arm-none-eabi/9.1.0/thumb/libgcc.a(_thumb1_case_uqi.o)
                0x0000000008006598                __gnu_thumb1_case_uqi
 .text          0x00000000080065ac       0x14 /opt/devkitpro/devkitARM/bin/../lib/gcc/arm-none-eabi/9.1.0/thumb/libgcc.a(_thumb1_case_uhi.o)
                0x00000000080065ac                __gnu_thumb1_case_uhi
 .text          0x00000000080065c0      0x11c /opt/devkitpro/devkitARM/bin/../lib/gcc/arm-none-eabi/9.1.0/thumb/libgcc.a(_udivsi3.o)
                0x00000000080065c0                __udivsi3
                0x00000000080065c0                __aeabi_uidiv
                0x00000000080066bc                __aeabi_uidivmod
 .text          0x00000000080066dc      0x150 /opt/devkitpro/devkitARM/bin/../lib/gcc/arm-none-eabi/9.1.0/thumb/libgcc.a(_divsi3.o)
                0x00000000080066dc                __aeabi_idiv
                0x00000000080066dc                __divsi3
                0x000000000800680c                __aeabi_idivmod
 .text          0x000000000800682c        0x4 /opt/devkitpro/devkitARM/bin/../lib/gcc/arm-none-eabi/9.1.0/thumb/libgcc.a(_dvmd_tls.o)
                0x000000000800682c                __aeabi_ldiv0
                0x000000000800682c                __aeabi_idiv0
 .text          0x0000000008006830      0x424 /opt/devkitpro/devkitARM/bin/../lib/gcc/arm-none-eabi/9.1.0/thumb/libgcc.a(_arm_addsubdf3.o)
                0x0000000008006830                __aeabi_drsub
                0x0000000008006838                __subdf3
                0x0000000008006838                __aeabi_dsub
                0x000000000800683c                __aeabi_dadd
                0x000000000800683c                __adddf3
                0x0000000008006b4c                __aeabi_ui2d
                0x0000000008006b4c                __floatunsidf
                0x0000000008006b70                __floatsidf
                0x0000000008006b70                __aeabi_i2d
                0x0000000008006b98                __extendsfdf2
                0x0000000008006b98                __aeabi_f2d
                0x0000000008006be0                __aeabi_ul2d
                0x0000000008006be0                __floatundidf
                0x0000000008006bf4                __aeabi_l2d
                0x0000000008006bf4                __floatdidf
 .text          0x0000000008006c54      0x49c /opt/devkitpro/devkitARM/bin/../lib/gcc/arm-none-eabi/9.1.0/thumb/libgcc.a(_arm_muldivdf3.o)
                0x0000000008006c54                __aeabi_dmul
                0x0000000008006c54                __muldf3
                0x0000000008006ee4                __aeabi_ddiv
                0x0000000008006ee4                __divdf3
 .text          0x00000000080070f0      0x144 /opt/devkitpro/devkitARM/bin/../lib/gcc/arm-none-eabi/9.1.0/thumb/libgcc.a(_arm_cmpdf2.o)
                0x00000000080070f0                __gedf2
                0x00000000080070f0                __gtdf2
                0x00000000080070f8                __ledf2
                0x00000000080070f8                __ltdf2
                0x0000000008007100                __cmpdf2
                0x0000000008007100                __eqdf2
                0x0000000008007100                __nedf2
                0x0000000008007188                __aeabi_cdrcmple
                0x00000000080071a4                __aeabi_cdcmple
                0x00000000080071a4                __aeabi_cdcmpeq
                0x00000000080071bc                __aeabi_dcmpeq
                0x00000000080071d4                __aeabi_dcmplt
                0x00000000080071ec                __aeabi_dcmple
                0x0000000008007204                __aeabi_dcmpge
                0x000000000800721c                __aeabi_dcmpgt
 .text          0x0000000008007234       0x38 /opt/devkitpro/devkitARM/bin/../lib/gcc/arm-none-eabi/9.1.0/thumb/libgcc.a(_arm_unorddf2.o)
                0x0000000008007234                __aeabi_dcmpun
                0x0000000008007234                __unorddf2
 .text          0x000000000800726c       0x5c /opt/devkitpro/devkitARM/bin/../lib/gcc/arm-none-eabi/9.1.0/thumb/libgcc.a(_arm_fixdfsi.o)
                0x000000000800726c                __fixdfsi
                0x000000000800726c                __aeabi_d2iz
 .text          0x00000000080072c8       0x3c /opt/devkitpro/devkitARM/bin/../lib/gcc/arm-none-eabi/9.1.0/thumb/libgcc.a(_aeabi_uldivmod.o)
                0x00000000080072c8                __aeabi_uldivmod
 .text.__udivmoddi4
                0x0000000008007304      0x19c /opt/devkitpro/devkitARM/bin/../lib/gcc/arm-none-eabi/9.1.0/thumb/libgcc.a(_udivmoddi4.o)
                0x0000000008007304                __udivmoddi4
 .text          0x00000000080074a0       0x28 /opt/devkitpro/devkitARM/bin/../lib/gcc/arm-none-eabi/9.1.0/thumb/libgcc.a(_clzdi2.o)
                0x00000000080074a0                __clzdi2
 .text          0x00000000080074c8       0x48 /opt/devkitpro/devkitARM/bin/../lib/gcc/arm-none-eabi/9.1.0/thumb/libgcc.a(_clzsi2.o)
                0x00000000080074c8                __clzsi2
 .text.__stub   0x0000000008007510      0x144 linker stubs
 *(.gnu.linkonce.t.*)
 *(.text.*personality*)
 *(.gnu.warning)
 *(.glue_7t)
 .glue_7t       0x0000000008007690        0x0 linker stubs
 *(.glue_7)
 .glue_7        0x0000000008007690        0x0 linker stubs
 *(.vfp11_veneer)
 .vfp11_veneer  0x0000000008007690        0x0 linker stubs
                0x0000000008007690                . = ALIGN (0x4)
                0x0000000008007690                __text_end = .

.v4_bx          0x0000000008007690        0x0
 .v4_bx         0x0000000008007690        0x0 linker stubs

.iplt           0x0000000008007690        0x0
 .iplt          0x0000000008007690        0x0 /opt/devkitpro/devkitARM/bin/../lib/gcc/arm-none-eabi/9.1.0/../../../../arm-none-eabi/lib/thumb/gba_crt0.o

.fini           0x0000000008007690        0xc
 *(.fini)
 .fini          0x0000000008007690        0x4 /opt/devkitpro/devkitARM/bin/../lib/gcc/arm-none-eabi/9.1.0/thumb/crti.o
                0x0000000008007690                _fini
 .fini          0x0000000008007694        0x8 /opt/devkitpro/devkitARM/bin/../lib/gcc/arm-none-eabi/9.1.0/thumb/crtn.o
                0x000000000800769c                . = ALIGN (0x4)

.rodata         0x00000000080076a0     0x84c8
 *(.rodata)
 .rodata        0x00000000080076a0     0x8020 font.o
                0x00000000080076a0                fontTiles
                0x000000000800f6a0                fontPal
 .rodata        0x000000000800f6c0       0x19 main.arm.o
 *all.rodata*(*)
 *(.roda)
 *(.rodata.*)
 .rodata._svfprintf_r.str1.1
                0x000000000800f6d9       0x3b /opt/devkitpro/devkitARM/bin/../lib/gcc/arm-none-eabi/9.1.0/../../../../arm-none-eabi/lib/thumb/libg.a(lib_a-svfprintf.o)
 .rodata.blanks.7413
                0x000000000800f714       0x10 /opt/devkitpro/devkitARM/bin/../lib/gcc/arm-none-eabi/9.1.0/../../../../arm-none-eabi/lib/thumb/libg.a(lib_a-svfprintf.o)
 .rodata.zeroes.7414
                0x000000000800f724       0x10 /opt/devkitpro/devkitARM/bin/../lib/gcc/arm-none-eabi/9.1.0/../../../../arm-none-eabi/lib/thumb/libg.a(lib_a-svfprintf.o)
 .rodata._dtoa_r.str1.4
                0x000000000800f734       0x12 /opt/devkitpro/devkitARM/bin/../lib/gcc/arm-none-eabi/9.1.0/../../../../arm-none-eabi/lib/thumb/libg.a(lib_a-dtoa.o)
 *fill*         0x000000000800f746        0x2 ff
 .rodata.str1.4
                0x000000000800f748       0x48 /opt/devkitpro/devkitARM/bin/../lib/gcc/arm-none-eabi/9.1.0/../../../../arm-none-eabi/lib/thumb/libg.a(lib_a-locale.o)
                                         0x4c (size before relaxing)
 .rodata.__mprec_bigtens
                0x000000000800f790       0x28 /opt/devkitpro/devkitARM/bin/../lib/gcc/arm-none-eabi/9.1.0/../../../../arm-none-eabi/lib/thumb/libg.a(lib_a-mprec.o)
                0x000000000800f790                __mprec_bigtens
 .rodata.__mprec_tens
                0x000000000800f7b8       0xc8 /opt/devkitpro/devkitARM/bin/../lib/gcc/arm-none-eabi/9.1.0/../../../../arm-none-eabi/lib/thumb/libg.a(lib_a-mprec.o)
                0x000000000800f7b8                __mprec_tens
 .rodata.p05.6147
                0x000000000800f880        0xc /opt/devkitpro/devkitARM/bin/../lib/gcc/arm-none-eabi/9.1.0/../../../../arm-none-eabi/lib/thumb/libg.a(lib_a-mprec.o)
 .rodata.__action_table
                0x000000000800f88c       0x6c /opt/devkitpro/devkitARM/bin/../lib/gcc/arm-none-eabi/9.1.0/../../../../arm-none-eabi/lib/thumb/libg.a(lib_a-svfiprintf.o)
                0x000000000800f88c                __action_table
 .rodata.__chclass
                0x000000000800f8f8      0x100 /opt/devkitpro/devkitARM/bin/../lib/gcc/arm-none-eabi/9.1.0/../../../../arm-none-eabi/lib/thumb/libg.a(lib_a-svfiprintf.o)
                0x000000000800f8f8                __chclass
 .rodata.__state_table
                0x000000000800f9f8       0x6c /opt/devkitpro/devkitARM/bin/../lib/gcc/arm-none-eabi/9.1.0/../../../../arm-none-eabi/lib/thumb/libg.a(lib_a-svfiprintf.o)
                0x000000000800f9f8                __state_table
 .rodata._ctype_
                0x000000000800fa64      0x101 /opt/devkitpro/devkitARM/bin/../lib/gcc/arm-none-eabi/9.1.0/../../../../arm-none-eabi/lib/thumb/libg.a(lib_a-ctype_.o)
                0x000000000800fa64                _ctype_
 *(.gnu.linkonce.r*)
                0x000000000800fb68                . = ALIGN (0x4)
 *fill*         0x000000000800fb65        0x3 ff

.ARM.extab
 *(.ARM.extab* .gnu.linkonce.armextab.*)
                0x000000000800fb68                __exidx_start = .

.ARM.exidx
 *(.ARM.exidx* .gnu.linkonce.armexidx.*)
                0x000000000800fb68                __exidx_end = .

.ctors          0x000000000800fb68        0x0
 *crtbegin.o(.ctors)
 *(EXCLUDE_FILE(*crtend.o) .ctors)
 *(SORT_BY_NAME(.ctors.*))
 *(.ctors)
                0x000000000800fb68                . = ALIGN (0x4)

.dtors          0x000000000800fb68        0x0
 *crtbegin.o(.dtors)
 *(EXCLUDE_FILE(*crtend.o) .dtors)
 *(SORT_BY_NAME(.dtors.*))
 *(.dtors)
                0x000000000800fb68                . = ALIGN (0x4)

.eh_frame       0x000000000800fb68        0x4
 *(.eh_frame)
 .eh_frame      0x000000000800fb68        0x0 /opt/devkitpro/devkitARM/bin/../lib/gcc/arm-none-eabi/9.1.0/thumb/crtbegin.o
 .eh_frame      0x000000000800fb68        0x4 /opt/devkitpro/devkitARM/bin/../lib/gcc/arm-none-eabi/9.1.0/thumb/crtend.o
                0x000000000800fb6c                . = ALIGN (0x4)

.gcc_except_table
                0x000000000800fb6c        0x0
 *(.gcc_except_table)
                0x000000000800fb6c                . = ALIGN (0x4)
                0x000000000800fb6c                __iwram_lma = .

.iwram          0x0000000003000000       0xb8 load address 0x000000000800fb6c
                0x0000000003000000                __iwram_start__ = ABSOLUTE (.)
 *(.iwram)
 .iwram         0x0000000003000000       0xb8 /opt/devkitpro/libgba/lib/libgba.a(InterruptDispatcher.o)
                0x0000000003000000                IntrMain
 *iwram.*(.text*)
                0x00000000030000b8                . = ALIGN (0x4)
                0x00000000030000b8                __iwram_end__ = ABSOLUTE (.)
                0x000000000800fc24                __data_lma = (__iwram_lma + SIZEOF (.iwram))

.rel.dyn        0x00000000030000b8        0x0 load address 0x000000000800fc24
 .rel.iplt      0x00000000030000b8        0x0 /opt/devkitpro/devkitARM/bin/../lib/gcc/arm-none-eabi/9.1.0/../../../../arm-none-eabi/lib/thumb/gba_crt0.o

.bss            0x00000000030000b8      0x154
                0x00000000030000b8                __bss_start = ABSOLUTE (.)
                0x00000000030000b8                __bss_start__ = ABSOLUTE (.)
 *(.dynbss)
 *(.gnu.linkonce.b*)
 *(.bss*)
 .bss.completed.9071
                0x00000000030000b8        0x1 /opt/devkitpro/devkitARM/bin/../lib/gcc/arm-none-eabi/9.1.0/thumb/crtbegin.o
 *fill*         0x00000000030000b9        0x3 
 .bss.object.9076
                0x00000000030000bc       0x18 /opt/devkitpro/devkitARM/bin/../lib/gcc/arm-none-eabi/9.1.0/thumb/crtbegin.o
 .bss           0x00000000030000d4        0x4 main.arm.o
 .bss           0x00000000030000d8        0xc text.o
                0x00000000030000d8                screenBase
                0x00000000030000dc                column
                0x00000000030000e0                line
 .bss.__malloc_current_mallinfo
                0x00000000030000e4       0x28 /opt/devkitpro/devkitARM/bin/../lib/gcc/arm-none-eabi/9.1.0/../../../../arm-none-eabi/lib/thumb/libg.a(lib_a-mallocr.o)
                0x00000000030000e4                __malloc_current_mallinfo
 .bss.__malloc_max_sbrked_mem
                0x000000000300010c        0x4 /opt/devkitpro/devkitARM/bin/../lib/gcc/arm-none-eabi/9.1.0/../../../../arm-none-eabi/lib/thumb/libg.a(lib_a-mallocr.o)
                0x000000000300010c                __malloc_max_sbrked_mem
 .bss.__malloc_max_total_mem
                0x0000000003000110        0x4 /opt/devkitpro/devkitARM/bin/../lib/gcc/arm-none-eabi/9.1.0/../../../../arm-none-eabi/lib/thumb/libg.a(lib_a-mallocr.o)
                0x0000000003000110                __malloc_max_total_mem
 .bss.__malloc_top_pad
                0x0000000003000114        0x4 /opt/devkitpro/devkitARM/bin/../lib/gcc/arm-none-eabi/9.1.0/../../../../arm-none-eabi/lib/thumb/libg.a(lib_a-mallocr.o)
                0x0000000003000114                __malloc_top_pad
 .bss.heap_start.6057
                0x0000000003000118        0x4 /opt/devkitpro/devkitARM/bin/../lib/gcc/arm-none-eabi/9.1.0/../../../../arm-none-eabi/lib/thumb/libsysbase.a(sbrk.o)
 .bss.fake_heap_end
                0x000000000300011c        0x4 /opt/devkitpro/devkitARM/bin/../lib/gcc/arm-none-eabi/9.1.0/../../../../arm-none-eabi/lib/thumb/libsysbase.a(malloc_vars.o)
                0x000000000300011c                fake_heap_end
 .bss.fake_heap_start
                0x0000000003000120        0x4 /opt/devkitpro/devkitARM/bin/../lib/gcc/arm-none-eabi/9.1.0/../../../../arm-none-eabi/lib/thumb/libsysbase.a(malloc_vars.o)
                0x0000000003000120                fake_heap_start
 .bss.__syscalls
                0x0000000003000124       0x48 /opt/devkitpro/devkitARM/bin/../lib/gcc/arm-none-eabi/9.1.0/../../../../arm-none-eabi/lib/thumb/libsysbase.a(syscall_support.o)
                0x0000000003000124                __syscalls
 *(COMMON)
 COMMON         0x000000000300016c        0x6 text.o
                0x000000000300016c                map
                0x0000000003000170                backGround
 *fill*         0x0000000003000172        0x2 
 COMMON         0x0000000003000174       0x20 timer.o
                0x0000000003000174                DefaultTimerCount
                0x0000000003000184                CurrentTimerCount
 COMMON         0x0000000003000194       0x78 /opt/devkitpro/libgba/lib/libgba.a(interrupt.o)
                0x0000000003000194                IntrTable
                0x000000000300020c                . = ALIGN (0x4)
                0x000000000300020c                __bss_end__ = ABSOLUTE (.)

.data           0x000000000300020c      0x9f4 load address 0x000000000800fc24
                0x000000000300020c                __data_start__ = ABSOLUTE (.)
 *(.data)
 .data          0x000000000300020c        0x4 text.o
                0x000000000300020c                charBase
 *(.data.*)
 .data.__global_locale
                0x0000000003000210      0x16c /opt/devkitpro/devkitARM/bin/../lib/gcc/arm-none-eabi/9.1.0/../../../../arm-none-eabi/lib/thumb/libg.a(lib_a-locale.o)
                0x0000000003000210                __global_locale
 .data.__malloc_av_
                0x000000000300037c      0x408 /opt/devkitpro/devkitARM/bin/../lib/gcc/arm-none-eabi/9.1.0/../../../../arm-none-eabi/lib/thumb/libg.a(lib_a-mallocr.o)
                0x000000000300037c                __malloc_av_
 .data.__malloc_sbrk_base
                0x0000000003000784        0x4 /opt/devkitpro/devkitARM/bin/../lib/gcc/arm-none-eabi/9.1.0/../../../../arm-none-eabi/lib/thumb/libg.a(lib_a-mallocr.o)
                0x0000000003000784                __malloc_sbrk_base
 .data.__malloc_trim_threshold
                0x0000000003000788        0x4 /opt/devkitpro/devkitARM/bin/../lib/gcc/arm-none-eabi/9.1.0/../../../../arm-none-eabi/lib/thumb/libg.a(lib_a-mallocr.o)
                0x0000000003000788                __malloc_trim_threshold
 .data.__malloc_recursive_mutex
                0x000000000300078c        0xc /opt/devkitpro/devkitARM/bin/../lib/gcc/arm-none-eabi/9.1.0/../../../../arm-none-eabi/lib/thumb/libg.a(lib_a-mlock.o)
 .data._impure_ptr
                0x0000000003000798        0x4 /opt/devkitpro/devkitARM/bin/../lib/gcc/arm-none-eabi/9.1.0/../../../../arm-none-eabi/lib/thumb/libg.a(lib_a-impure.o)
                0x0000000003000798                _impure_ptr
 *fill*         0x000000000300079c        0x4 ff
 .data.impure_data
                0x00000000030007a0      0x460 /opt/devkitpro/devkitARM/bin/../lib/gcc/arm-none-eabi/9.1.0/../../../../arm-none-eabi/lib/thumb/libg.a(lib_a-impure.o)
 *(.gnu.linkonce.d*)
                0x0000000003000c00                . = ALIGN (0x4)
                0x0000000008010618                __preinit_lma = (__data_lma + SIZEOF (.data))

.igot.plt       0x0000000003000c00        0x0 load address 0x0000000008010618
 .igot.plt      0x0000000003000c00        0x0 /opt/devkitpro/devkitARM/bin/../lib/gcc/arm-none-eabi/9.1.0/../../../../arm-none-eabi/lib/thumb/gba_crt0.o

.tm_clone_table
                0x0000000003000c00        0x0 load address 0x0000000008010618
 .tm_clone_table
                0x0000000003000c00        0x0 /opt/devkitpro/devkitARM/bin/../lib/gcc/arm-none-eabi/9.1.0/thumb/crtbegin.o
 .tm_clone_table
                0x0000000003000c00        0x0 /opt/devkitpro/devkitARM/bin/../lib/gcc/arm-none-eabi/9.1.0/thumb/crtend.o

.preinit_array  0x0000000003000c00        0x0 load address 0x0000000008010618
                0x0000000003000c00                __preinit_array_start = ABSOLUTE (.)
 *(.preinit_array)
                0x0000000003000c00                __preinit_array_end = ABSOLUTE (.)
                0x0000000008010618                __init_lma = (__preinit_lma + SIZEOF (.preinit_array))

.init_array     0x0000000003000c00        0x4 load address 0x0000000008010618
                0x0000000003000c00                __init_array_start = ABSOLUTE (.)
 *(SORT_BY_NAME(.init_array.*))
 *(.init_array)
 .init_array    0x0000000003000c00        0x4 /opt/devkitpro/devkitARM/bin/../lib/gcc/arm-none-eabi/9.1.0/thumb/crtbegin.o
                0x0000000003000c04                __init_array_end = ABSOLUTE (.)
                0x000000000801061c                __fini_lma = (__init_lma + SIZEOF (.init_array))

.fini_array     0x0000000003000c04        0x4 load address 0x000000000801061c
                0x0000000003000c04                __fini_array_start = ABSOLUTE (.)
 *(SORT_BY_NAME(.fini_array.*))
 *(.fini_array)
 .fini_array    0x0000000003000c04        0x4 /opt/devkitpro/devkitARM/bin/../lib/gcc/arm-none-eabi/9.1.0/thumb/crtbegin.o
                0x0000000003000c08                __fini_array_end = ABSOLUTE (.)
                0x0000000008010620                __jcr_lma = (__fini_lma + SIZEOF (.fini_array))

.jcr            0x0000000003000c08        0x0 load address 0x0000000008010620
 *(.jcr)
                0x0000000003000c08                __data_end__ = ABSOLUTE (.)
                0x0000000008010620                __iwram_overlay_lma = (__jcr_lma + SIZEOF (.jcr))
                0x0000000003000c08                __iwram_overlay_start = .

.iwram0         0x0000000003000c08        0x0 load address 0x0000000008010620
 *(.iwram0)
                0x0000000003000c08                . = ALIGN (0x4)
                0x0000000008010620                PROVIDE (__load_start_iwram0 = LOADADDR (.iwram0))
                0x0000000008010620                PROVIDE (__load_stop_iwram0 = (LOADADDR (.iwram0) + SIZEOF (.iwram0)))

.iwram1         0x0000000003000c08        0x0
 *(.iwram1)
                0x0000000003000c08                . = ALIGN (0x4)
                [!provide]                        PROVIDE (__load_start_iwram1 = LOADADDR (.iwram1))
                [!provide]                        PROVIDE (__load_stop_iwram1 = (LOADADDR (.iwram1) + SIZEOF (.iwram1)))

.iwram2         0x0000000003000c08        0x0
 *(.iwram2)
                0x0000000003000c08                . = ALIGN (0x4)
                [!provide]                        PROVIDE (__load_start_iwram2 = LOADADDR (.iwram2))
                [!provide]                        PROVIDE (__load_stop_iwram2 = (LOADADDR (.iwram2) + SIZEOF (.iwram2)))

.iwram3         0x0000000003000c08        0x0
 *(.iwram3)
                0x0000000003000c08                . = ALIGN (0x4)
                [!provide]                        PROVIDE (__load_start_iwram3 = LOADADDR (.iwram3))
                [!provide]                        PROVIDE (__load_stop_iwram3 = (LOADADDR (.iwram3) + SIZEOF (.iwram3)))

.iwram4         0x0000000003000c08        0x0
 *(.iwram4)
                0x0000000003000c08                . = ALIGN (0x4)
                [!provide]                        PROVIDE (__load_start_iwram4 = LOADADDR (.iwram4))
                [!provide]                        PROVIDE (__load_stop_iwram4 = (LOADADDR (.iwram4) + SIZEOF (.iwram4)))

.iwram5         0x0000000003000c08        0x0
 *(.iwram5)
                0x0000000003000c08                . = ALIGN (0x4)
                [!provide]                        PROVIDE (__load_start_iwram5 = LOADADDR (.iwram5))
                [!provide]                        PROVIDE (__load_stop_iwram5 = (LOADADDR (.iwram5) + SIZEOF (.iwram5)))

.iwram6         0x0000000003000c08        0x0
 *(.iwram6)
                0x0000000003000c08                . = ALIGN (0x4)
                [!provide]                        PROVIDE (__load_start_iwram6 = LOADADDR (.iwram6))
                [!provide]                        PROVIDE (__load_stop_iwram6 = (LOADADDR (.iwram6) + SIZEOF (.iwram6)))

.iwram7         0x0000000003000c08        0x0
 *(.iwram7)
                0x0000000003000c08                . = ALIGN (0x4)
                [!provide]                        PROVIDE (__load_start_iwram7 = LOADADDR (.iwram7))
                [!provide]                        PROVIDE (__load_stop_iwram7 = (LOADADDR (.iwram7) + SIZEOF (.iwram7)))

.iwram8         0x0000000003000c08        0x0
 *(.iwram8)
                0x0000000003000c08                . = ALIGN (0x4)
                [!provide]                        PROVIDE (__load_start_iwram8 = LOADADDR (.iwram8))
                [!provide]                        PROVIDE (__load_stop_iwram8 = (LOADADDR (.iwram8) + SIZEOF (.iwram8)))

.iwram9         0x0000000003000c08        0x0
 *(.iwram9)
                0x0000000003000c08                . = ALIGN (0x4)
                [!provide]                        PROVIDE (__load_start_iwram9 = LOADADDR (.iwram9))
                [!provide]                        PROVIDE (__load_stop_iwram9 = (LOADADDR (.iwram9) + SIZEOF (.iwram9)))
                0x0000000003000c08                __iwram_overlay_end = .
                0x0000000008010620                __ewram_lma = (__iwram_overlay_lma + (__iwram_overlay_end - __iwram_overlay_start))
                0x0000000003000c08                __iheap_start = .
                0x0000000002000000                __ewram_start = ORIGIN (ewram)

.ewram          0x0000000002000000        0x0 load address 0x0000000008010620
 *(.ewram)
                0x0000000002000000                . = ALIGN (0x4)
                0x0000000002000000                __ewram_end = ABSOLUTE (.)
                0x0000000008010620                __pad_lma = (__ewram_lma + SIZEOF (.ewram))

.sbss           0x0000000002000000        0x0
                0x0000000002000000                __sbss_start__ = ABSOLUTE (.)
 *(.sbss)
                0x0000000002000000                . = ALIGN (0x4)
                0x0000000002000000                __sbss_end__ = ABSOLUTE (.)
                0x0000000002000000                __end__ = ABSOLUTE (.)
                0x0000000002000000                __eheap_start = ABSOLUTE (.)

.pad            0x0000000002000000        0x8 load address 0x0000000008010620
                0x0000000002000000        0x4 LONG 0x52416b64
                0x0000000002000004        0x4 LONG 0x4d
                0x0000000002000008                . = ALIGN (0x4)
                0x0000000008010628                __rom_end__ = (__pad_lma + SIZEOF (.pad))

.stab
 *(.stab)

.stabstr
 *(.stabstr)

.stab.excl
 *(.stab.excl)

.stab.exclstr
 *(.stab.exclstr)

.stab.index
 *(.stab.index)

.stab.indexstr
 *(.stab.indexstr)

.comment        0x0000000000000000       0x44
 *(.comment)
 .comment       0x0000000000000000       0x22 /opt/devkitpro/devkitARM/bin/../lib/gcc/arm-none-eabi/9.1.0/thumb/crtbegin.o
                                         0x23 (size before relaxing)
 .comment       0x0000000000000022       0x23 font.o
 .comment       0x0000000000000022       0x23 main.arm.o
 .comment       0x0000000000000022       0x23 text.o
 .comment       0x0000000000000022       0x23 timer.o
 .comment       0x0000000000000022       0x22 /opt/devkitpro/libgba/lib/libgba.a(interrupt.o)
                                         0x23 (size before relaxing)
 .comment       0x0000000000000044       0x23 /opt/devkitpro/devkitARM/bin/../lib/gcc/arm-none-eabi/9.1.0/../../../../arm-none-eabi/lib/thumb/libg.a(lib_a-init.o)
 .comment       0x0000000000000044       0x23 /opt/devkitpro/devkitARM/bin/../lib/gcc/arm-none-eabi/9.1.0/../../../../arm-none-eabi/lib/thumb/libg.a(lib_a-memset.o)
 .comment       0x0000000000000044       0x23 /opt/devkitpro/devkitARM/bin/../lib/gcc/arm-none-eabi/9.1.0/../../../../arm-none-eabi/lib/thumb/libg.a(lib_a-vsnprintf.o)
 .comment       0x0000000000000044       0x23 /opt/devkitpro/devkitARM/bin/../lib/gcc/arm-none-eabi/9.1.0/../../../../arm-none-eabi/lib/thumb/libg.a(lib_a-svfprintf.o)
 .comment       0x0000000000000044       0x23 /opt/devkitpro/devkitARM/bin/../lib/gcc/arm-none-eabi/9.1.0/../../../../arm-none-eabi/lib/thumb/libg.a(lib_a-wcrtomb.o)
 .comment       0x0000000000000044       0x23 /opt/devkitpro/devkitARM/bin/../lib/gcc/arm-none-eabi/9.1.0/../../../../arm-none-eabi/lib/thumb/libg.a(lib_a-wcsrtombs.o)
 .comment       0x0000000000000044       0x23 /opt/devkitpro/devkitARM/bin/../lib/gcc/arm-none-eabi/9.1.0/../../../../arm-none-eabi/lib/thumb/libg.a(lib_a-dtoa.o)
 .comment       0x0000000000000044       0x23 /opt/devkitpro/devkitARM/bin/../lib/gcc/arm-none-eabi/9.1.0/../../../../arm-none-eabi/lib/thumb/libg.a(lib_a-freer.o)
 .comment       0x0000000000000044       0x23 /opt/devkitpro/devkitARM/bin/../lib/gcc/arm-none-eabi/9.1.0/../../../../arm-none-eabi/lib/thumb/libg.a(lib_a-localeconv.o)
 .comment       0x0000000000000044       0x23 /opt/devkitpro/devkitARM/bin/../lib/gcc/arm-none-eabi/9.1.0/../../../../arm-none-eabi/lib/thumb/libg.a(lib_a-locale.o)
 .comment       0x0000000000000044       0x23 /opt/devkitpro/devkitARM/bin/../lib/gcc/arm-none-eabi/9.1.0/../../../../arm-none-eabi/lib/thumb/libg.a(lib_a-mallocr.o)
 .comment       0x0000000000000044       0x23 /opt/devkitpro/devkitARM/bin/../lib/gcc/arm-none-eabi/9.1.0/../../../../arm-none-eabi/lib/thumb/libg.a(lib_a-mbtowc_r.o)
 .comment       0x0000000000000044       0x23 /opt/devkitpro/devkitARM/bin/../lib/gcc/arm-none-eabi/9.1.0/../../../../arm-none-eabi/lib/thumb/libg.a(lib_a-memchr-stub.o)
 .comment       0x0000000000000044       0x23 /opt/devkitpro/devkitARM/bin/../lib/gcc/arm-none-eabi/9.1.0/../../../../arm-none-eabi/lib/thumb/libg.a(lib_a-memcpy-stub.o)
 .comment       0x0000000000000044       0x23 /opt/devkitpro/devkitARM/bin/../lib/gcc/arm-none-eabi/9.1.0/../../../../arm-none-eabi/lib/thumb/libg.a(lib_a-mlock.o)
 .comment       0x0000000000000044       0x23 /opt/devkitpro/devkitARM/bin/../lib/gcc/arm-none-eabi/9.1.0/../../../../arm-none-eabi/lib/thumb/libg.a(lib_a-mprec.o)
 .comment       0x0000000000000044       0x23 /opt/devkitpro/devkitARM/bin/../lib/gcc/arm-none-eabi/9.1.0/../../../../arm-none-eabi/lib/thumb/libg.a(lib_a-s_frexp.o)
 .comment       0x0000000000000044       0x23 /opt/devkitpro/devkitARM/bin/../lib/gcc/arm-none-eabi/9.1.0/../../../../arm-none-eabi/lib/thumb/libg.a(lib_a-strlen-stub.o)
 .comment       0x0000000000000044       0x23 /opt/devkitpro/devkitARM/bin/../lib/gcc/arm-none-eabi/9.1.0/../../../../arm-none-eabi/lib/thumb/libg.a(lib_a-strncpy.o)
 .comment       0x0000000000000044       0x23 /opt/devkitpro/devkitARM/bin/../lib/gcc/arm-none-eabi/9.1.0/../../../../arm-none-eabi/lib/thumb/libg.a(lib_a-svfiprintf.o)
 .comment       0x0000000000000044       0x23 /opt/devkitpro/devkitARM/bin/../lib/gcc/arm-none-eabi/9.1.0/../../../../arm-none-eabi/lib/thumb/libg.a(lib_a-wcsnrtombs.o)
 .comment       0x0000000000000044       0x23 /opt/devkitpro/devkitARM/bin/../lib/gcc/arm-none-eabi/9.1.0/../../../../arm-none-eabi/lib/thumb/libg.a(lib_a-wctomb_r.o)
 .comment       0x0000000000000044       0x23 /opt/devkitpro/devkitARM/bin/../lib/gcc/arm-none-eabi/9.1.0/../../../../arm-none-eabi/lib/thumb/libg.a(lib_a-callocr.o)
 .comment       0x0000000000000044       0x23 /opt/devkitpro/devkitARM/bin/../lib/gcc/arm-none-eabi/9.1.0/../../../../arm-none-eabi/lib/thumb/libg.a(lib_a-ctype_.o)
 .comment       0x0000000000000044       0x23 /opt/devkitpro/devkitARM/bin/../lib/gcc/arm-none-eabi/9.1.0/../../../../arm-none-eabi/lib/thumb/libg.a(lib_a-memmove.o)
 .comment       0x0000000000000044       0x23 /opt/devkitpro/devkitARM/bin/../lib/gcc/arm-none-eabi/9.1.0/../../../../arm-none-eabi/lib/thumb/libg.a(lib_a-reallocr.o)
 .comment       0x0000000000000044       0x23 /opt/devkitpro/devkitARM/bin/../lib/gcc/arm-none-eabi/9.1.0/../../../../arm-none-eabi/lib/thumb/libsysbase.a(sbrk.o)
 .comment       0x0000000000000044       0x23 /opt/devkitpro/devkitARM/bin/../lib/gcc/arm-none-eabi/9.1.0/../../../../arm-none-eabi/lib/thumb/libsysbase.a(malloc_vars.o)
 .comment       0x0000000000000044       0x23 /opt/devkitpro/devkitARM/bin/../lib/gcc/arm-none-eabi/9.1.0/../../../../arm-none-eabi/lib/thumb/libsysbase.a(syscall_support.o)
 .comment       0x0000000000000044       0x23 /opt/devkitpro/devkitARM/bin/../lib/gcc/arm-none-eabi/9.1.0/../../../../arm-none-eabi/lib/thumb/libsysbase.a(getreent.o)
 .comment       0x0000000000000044       0x23 /opt/devkitpro/devkitARM/bin/../lib/gcc/arm-none-eabi/9.1.0/thumb/libgcc.a(_udivmoddi4.o)
 .comment       0x0000000000000044       0x23 /opt/devkitpro/devkitARM/bin/../lib/gcc/arm-none-eabi/9.1.0/../../../../arm-none-eabi/lib/thumb/libg.a(lib_a-impure.o)
 .comment       0x0000000000000044       0x23 /opt/devkitpro/devkitARM/bin/../lib/gcc/arm-none-eabi/9.1.0/thumb/crtend.o

.debug
 *(.debug)

.line
 *(.line)

.debug_srcinfo
 *(.debug_srcinfo)

.debug_sfnames
 *(.debug_sfnames)

.debug_aranges  0x0000000000000000       0xb8
 *(.debug_aranges)
 .debug_aranges
                0x0000000000000000       0x18 font.o
 .debug_aranges
                0x0000000000000018       0x20 main.arm.o
 .debug_aranges
                0x0000000000000038       0x20 text.o
 .debug_aranges
                0x0000000000000058       0x20 timer.o
 .debug_aranges
                0x0000000000000078       0x20 /opt/devkitpro/libgba/lib/libgba.a(interrupt.o)
 .debug_aranges
                0x0000000000000098       0x20 /opt/devkitpro/libgba/lib/libgba.a(InterruptDispatcher.o)

.debug_pubnames
 *(.debug_pubnames)

.debug_info     0x0000000000000000     0x1820
 *(.debug_info)
 .debug_info    0x0000000000000000       0x83 font.o
 .debug_info    0x0000000000000083      0x1f9 main.arm.o
 .debug_info    0x000000000000027c      0xe9c text.o
 .debug_info    0x0000000000001118      0x2c7 timer.o
 .debug_info    0x00000000000013df      0x41b /opt/devkitpro/libgba/lib/libgba.a(interrupt.o)
 .debug_info    0x00000000000017fa       0x26 /opt/devkitpro/libgba/lib/libgba.a(InterruptDispatcher.o)

.debug_abbrev   0x0000000000000000      0x83e
 *(.debug_abbrev)
 .debug_abbrev  0x0000000000000000       0x69 font.o
 .debug_abbrev  0x0000000000000069      0x140 main.arm.o
 .debug_abbrev  0x00000000000001a9      0x34c text.o
 .debug_abbrev  0x00000000000004f5      0x147 timer.o
 .debug_abbrev  0x000000000000063c      0x1ee /opt/devkitpro/libgba/lib/libgba.a(interrupt.o)
 .debug_abbrev  0x000000000000082a       0x14 /opt/devkitpro/libgba/lib/libgba.a(InterruptDispatcher.o)

.debug_line     0x0000000000000000      0xee2
 *(.debug_line)
 .debug_line    0x0000000000000000       0x6e font.o
 .debug_line    0x000000000000006e      0x1a8 main.arm.o
 .debug_line    0x0000000000000216      0x467 text.o
 .debug_line    0x000000000000067d      0x205 timer.o
 .debug_line    0x0000000000000882      0x5ae /opt/devkitpro/libgba/lib/libgba.a(interrupt.o)
 .debug_line    0x0000000000000e30       0xb2 /opt/devkitpro/libgba/lib/libgba.a(InterruptDispatcher.o)

.debug_frame    0x0000000000000000      0x308
 *(.debug_frame)
 .debug_frame   0x0000000000000000       0x8c main.arm.o
 .debug_frame   0x000000000000008c      0x11c text.o
 .debug_frame   0x00000000000001a8       0xb0 timer.o
 .debug_frame   0x0000000000000258       0xb0 /opt/devkitpro/libgba/lib/libgba.a(interrupt.o)

.debug_str      0x0000000000000000      0xcdd
 *(.debug_str)
 .debug_str     0x0000000000000000      0x136 font.o
                                        0x143 (size before relaxing)
 .debug_str     0x0000000000000136      0x213 main.arm.o
                                        0x2b7 (size before relaxing)
 .debug_str     0x0000000000000349      0x6be text.o
                                        0x89d (size before relaxing)
 .debug_str     0x0000000000000a07       0xd9 timer.o
                                        0x279 (size before relaxing)
 .debug_str     0x0000000000000ae0      0x19d /opt/devkitpro/libgba/lib/libgba.a(interrupt.o)
                                        0x310 (size before relaxing)
 .debug_str     0x0000000000000c7d       0x60 /opt/devkitpro/libgba/lib/libgba.a(InterruptDispatcher.o)
                                         0xa0 (size before relaxing)

.debug_loc      0x0000000000000000      0x446
 *(.debug_loc)
 .debug_loc     0x0000000000000000      0x446 /opt/devkitpro/libgba/lib/libgba.a(interrupt.o)

.debug_macinfo
 *(.debug_macinfo)

.debug_weaknames
 *(.debug_weaknames)

.debug_funcnames
 *(.debug_funcnames)

.debug_typenames
 *(.debug_typenames)

.debug_varnames
 *(.debug_varnames)

.stack          0x0000000000080000        0x0
                0x0000000000080000                _stack = .
 *(.stack)

.note.gnu.arm.ident
 *(.note.gnu.arm.ident)

.ARM.attributes
                0x0000000000000000       0x2c
 *(.ARM.attributes)
 .ARM.attributes
                0x0000000000000000       0x20 /opt/devkitpro/devkitARM/bin/../lib/gcc/arm-none-eabi/9.1.0/../../../../arm-none-eabi/lib/thumb/gba_crt0.o
 .ARM.attributes
                0x0000000000000020       0x1c /opt/devkitpro/devkitARM/bin/../lib/gcc/arm-none-eabi/9.1.0/thumb/crti.o
 .ARM.attributes
                0x000000000000003c       0x2a /opt/devkitpro/devkitARM/bin/../lib/gcc/arm-none-eabi/9.1.0/thumb/crtbegin.o
 .ARM.attributes
                0x0000000000000066       0x2c font.o
 .ARM.attributes
                0x0000000000000092       0x26 main.arm.o
 .ARM.attributes
                0x00000000000000b8       0x26 text.o
 .ARM.attributes
                0x00000000000000de       0x26 timer.o
 .ARM.attributes
                0x0000000000000104       0x2a /opt/devkitpro/libgba/lib/libgba.a(interrupt.o)
 .ARM.attributes
                0x000000000000012e       0x1a /opt/devkitpro/libgba/lib/libgba.a(InterruptDispatcher.o)
 .ARM.attributes
                0x0000000000000148       0x2a /opt/devkitpro/devkitARM/bin/../lib/gcc/arm-none-eabi/9.1.0/../../../../arm-none-eabi/lib/thumb/libg.a(lib_a-init.o)
 .ARM.attributes
                0x0000000000000172       0x2a /opt/devkitpro/devkitARM/bin/../lib/gcc/arm-none-eabi/9.1.0/../../../../arm-none-eabi/lib/thumb/libg.a(lib_a-memset.o)
 .ARM.attributes
                0x000000000000019c       0x2a /opt/devkitpro/devkitARM/bin/../lib/gcc/arm-none-eabi/9.1.0/../../../../arm-none-eabi/lib/thumb/libg.a(lib_a-vsnprintf.o)
 .ARM.attributes
                0x00000000000001c6       0x2a /opt/devkitpro/devkitARM/bin/../lib/gcc/arm-none-eabi/9.1.0/../../../../arm-none-eabi/lib/thumb/libg.a(lib_a-svfprintf.o)
 .ARM.attributes
                0x00000000000001f0       0x2a /opt/devkitpro/devkitARM/bin/../lib/gcc/arm-none-eabi/9.1.0/../../../../arm-none-eabi/lib/thumb/libg.a(lib_a-wcrtomb.o)
 .ARM.attributes
                0x000000000000021a       0x2a /opt/devkitpro/devkitARM/bin/../lib/gcc/arm-none-eabi/9.1.0/../../../../arm-none-eabi/lib/thumb/libg.a(lib_a-wcsrtombs.o)
 .ARM.attributes
                0x0000000000000244       0x2a /opt/devkitpro/devkitARM/bin/../lib/gcc/arm-none-eabi/9.1.0/../../../../arm-none-eabi/lib/thumb/libg.a(lib_a-dtoa.o)
 .ARM.attributes
                0x000000000000026e       0x2a /opt/devkitpro/devkitARM/bin/../lib/gcc/arm-none-eabi/9.1.0/../../../../arm-none-eabi/lib/thumb/libg.a(lib_a-freer.o)
 .ARM.attributes
                0x0000000000000298       0x2a /opt/devkitpro/devkitARM/bin/../lib/gcc/arm-none-eabi/9.1.0/../../../../arm-none-eabi/lib/thumb/libg.a(lib_a-localeconv.o)
 .ARM.attributes
                0x00000000000002c2       0x2a /opt/devkitpro/devkitARM/bin/../lib/gcc/arm-none-eabi/9.1.0/../../../../arm-none-eabi/lib/thumb/libg.a(lib_a-locale.o)
 .ARM.attributes
                0x00000000000002ec       0x2a /opt/devkitpro/devkitARM/bin/../lib/gcc/arm-none-eabi/9.1.0/../../../../arm-none-eabi/lib/thumb/libg.a(lib_a-mallocr.o)
 .ARM.attributes
                0x0000000000000316       0x2a /opt/devkitpro/devkitARM/bin/../lib/gcc/arm-none-eabi/9.1.0/../../../../arm-none-eabi/lib/thumb/libg.a(lib_a-mbtowc_r.o)
 .ARM.attributes
                0x0000000000000340       0x2a /opt/devkitpro/devkitARM/bin/../lib/gcc/arm-none-eabi/9.1.0/../../../../arm-none-eabi/lib/thumb/libg.a(lib_a-memchr-stub.o)
 .ARM.attributes
                0x000000000000036a       0x2a /opt/devkitpro/devkitARM/bin/../lib/gcc/arm-none-eabi/9.1.0/../../../../arm-none-eabi/lib/thumb/libg.a(lib_a-memcpy-stub.o)
 .ARM.attributes
                0x0000000000000394       0x2a /opt/devkitpro/devkitARM/bin/../lib/gcc/arm-none-eabi/9.1.0/../../../../arm-none-eabi/lib/thumb/libg.a(lib_a-mlock.o)
 .ARM.attributes
                0x00000000000003be       0x2a /opt/devkitpro/devkitARM/bin/../lib/gcc/arm-none-eabi/9.1.0/../../../../arm-none-eabi/lib/thumb/libg.a(lib_a-mprec.o)
 .ARM.attributes
                0x00000000000003e8       0x2a /opt/devkitpro/devkitARM/bin/../lib/gcc/arm-none-eabi/9.1.0/../../../../arm-none-eabi/lib/thumb/libg.a(lib_a-s_frexp.o)
 .ARM.attributes
                0x0000000000000412       0x2a /opt/devkitpro/devkitARM/bin/../lib/gcc/arm-none-eabi/9.1.0/../../../../arm-none-eabi/lib/thumb/libg.a(lib_a-strcasecmp.o)
 .ARM.attributes
                0x000000000000043c       0x2a /opt/devkitpro/devkitARM/bin/../lib/gcc/arm-none-eabi/9.1.0/../../../../arm-none-eabi/lib/thumb/libg.a(lib_a-strcat.o)
 .ARM.attributes
                0x0000000000000466       0x2a /opt/devkitpro/devkitARM/bin/../lib/gcc/arm-none-eabi/9.1.0/../../../../arm-none-eabi/lib/thumb/libg.a(lib_a-strchr.o)
 .ARM.attributes
                0x0000000000000490       0x1a /opt/devkitpro/devkitARM/bin/../lib/gcc/arm-none-eabi/9.1.0/../../../../arm-none-eabi/lib/thumb/libg.a(lib_a-strcmp.o)
 .ARM.attributes
                0x00000000000004aa       0x2a /opt/devkitpro/devkitARM/bin/../lib/gcc/arm-none-eabi/9.1.0/../../../../arm-none-eabi/lib/thumb/libg.a(lib_a-strcpy.o)
 .ARM.attributes
                0x00000000000004d4       0x2a /opt/devkitpro/devkitARM/bin/../lib/gcc/arm-none-eabi/9.1.0/../../../../arm-none-eabi/lib/thumb/libg.a(lib_a-strlcpy.o)
 .ARM.attributes
                0x00000000000004fe       0x2a /opt/devkitpro/devkitARM/bin/../lib/gcc/arm-none-eabi/9.1.0/../../../../arm-none-eabi/lib/thumb/libg.a(lib_a-strlen-stub.o)
 .ARM.attributes
                0x0000000000000528       0x2a /opt/devkitpro/devkitARM/bin/../lib/gcc/arm-none-eabi/9.1.0/../../../../arm-none-eabi/lib/thumb/libg.a(lib_a-strncasecmp.o)
 .ARM.attributes
                0x0000000000000552       0x2a /opt/devkitpro/devkitARM/bin/../lib/gcc/arm-none-eabi/9.1.0/../../../../arm-none-eabi/lib/thumb/libg.a(lib_a-strncmp.o)
 .ARM.attributes
                0x000000000000057c       0x2a /opt/devkitpro/devkitARM/bin/../lib/gcc/arm-none-eabi/9.1.0/../../../../arm-none-eabi/lib/thumb/libg.a(lib_a-strncpy.o)
 .ARM.attributes
                0x00000000000005a6       0x2a /opt/devkitpro/devkitARM/bin/../lib/gcc/arm-none-eabi/9.1.0/../../../../arm-none-eabi/lib/thumb/libg.a(lib_a-strtol.o)
 .ARM.attributes
                0x00000000000005d0       0x2a /opt/devkitpro/devkitARM/bin/../lib/gcc/arm-none-eabi/9.1.0/../../../../arm-none-eabi/lib/thumb/libg.a(lib_a-svfiprintf.o)
 .ARM.attributes
                0x00000000000005fa       0x2a /opt/devkitpro/devkitARM/bin/../lib/gcc/arm-none-eabi/9.1.0/../../../../arm-none-eabi/lib/thumb/libg.a(lib_a-wcsnrtombs.o)
 .ARM.attributes
                0x0000000000000624       0x2a /opt/devkitpro/devkitARM/bin/../lib/gcc/arm-none-eabi/9.1.0/../../../../arm-none-eabi/lib/thumb/libg.a(lib_a-wctomb_r.o)
 .ARM.attributes
                0x000000000000064e       0x2a /opt/devkitpro/devkitARM/bin/../lib/gcc/arm-none-eabi/9.1.0/../../../../arm-none-eabi/lib/thumb/libg.a(lib_a-callocr.o)
 .ARM.attributes
                0x0000000000000678       0x2a /opt/devkitpro/devkitARM/bin/../lib/gcc/arm-none-eabi/9.1.0/../../../../arm-none-eabi/lib/thumb/libg.a(lib_a-ctype_.o)
 .ARM.attributes
                0x00000000000006a2       0x2a /opt/devkitpro/devkitARM/bin/../lib/gcc/arm-none-eabi/9.1.0/../../../../arm-none-eabi/lib/thumb/libg.a(lib_a-getenv_r.o)
 .ARM.attributes
                0x00000000000006cc       0x2a /opt/devkitpro/devkitARM/bin/../lib/gcc/arm-none-eabi/9.1.0/../../../../arm-none-eabi/lib/thumb/libg.a(lib_a-memmove.o)
 .ARM.attributes
                0x00000000000006f6       0x2a /opt/devkitpro/devkitARM/bin/../lib/gcc/arm-none-eabi/9.1.0/../../../../arm-none-eabi/lib/thumb/libg.a(lib_a-reallocr.o)
 .ARM.attributes
                0x0000000000000720       0x30 /opt/devkitpro/devkitARM/bin/../lib/gcc/arm-none-eabi/9.1.0/../../../../arm-none-eabi/lib/thumb/libg.a(lib_a-environ.o)
 .ARM.attributes
                0x0000000000000750       0x2a /opt/devkitpro/devkitARM/bin/../lib/gcc/arm-none-eabi/9.1.0/../../../../arm-none-eabi/lib/thumb/libg.a(lib_a-envlock.o)
 .ARM.attributes
                0x000000000000077a       0x2a /opt/devkitpro/devkitARM/bin/../lib/gcc/arm-none-eabi/9.1.0/../../../../arm-none-eabi/lib/thumb/libsysbase.a(sbrk.o)
 .ARM.attributes
                0x00000000000007a4       0x30 /opt/devkitpro/devkitARM/bin/../lib/gcc/arm-none-eabi/9.1.0/../../../../arm-none-eabi/lib/thumb/libsysbase.a(malloc_vars.o)
 .ARM.attributes
                0x00000000000007d4       0x2a /opt/devkitpro/devkitARM/bin/../lib/gcc/arm-none-eabi/9.1.0/../../../../arm-none-eabi/lib/thumb/libsysbase.a(syscall_support.o)
 .ARM.attributes
                0x00000000000007fe       0x2a /opt/devkitpro/devkitARM/bin/../lib/gcc/arm-none-eabi/9.1.0/../../../../arm-none-eabi/lib/thumb/libsysbase.a(getreent.o)
 .ARM.attributes
                0x0000000000000828       0x1c /opt/devkitpro/devkitARM/bin/../lib/gcc/arm-none-eabi/9.1.0/thumb/libgcc.a(_thumb1_case_uqi.o)
 .ARM.attributes
                0x0000000000000844       0x1c /opt/devkitpro/devkitARM/bin/../lib/gcc/arm-none-eabi/9.1.0/thumb/libgcc.a(_thumb1_case_uhi.o)
 .ARM.attributes
                0x0000000000000860       0x1c /opt/devkitpro/devkitARM/bin/../lib/gcc/arm-none-eabi/9.1.0/thumb/libgcc.a(_arm_muldf3.o)
 .ARM.attributes
                0x000000000000087c       0x1c /opt/devkitpro/devkitARM/bin/../lib/gcc/arm-none-eabi/9.1.0/thumb/libgcc.a(_udivsi3.o)
 .ARM.attributes
                0x0000000000000898       0x1c /opt/devkitpro/devkitARM/bin/../lib/gcc/arm-none-eabi/9.1.0/thumb/libgcc.a(_divsi3.o)
 .ARM.attributes
                0x00000000000008b4       0x1c /opt/devkitpro/devkitARM/bin/../lib/gcc/arm-none-eabi/9.1.0/thumb/libgcc.a(_dvmd_tls.o)
 .ARM.attributes
                0x00000000000008d0       0x1c /opt/devkitpro/devkitARM/bin/../lib/gcc/arm-none-eabi/9.1.0/thumb/libgcc.a(_arm_addsubdf3.o)
 .ARM.attributes
                0x00000000000008ec       0x1c /opt/devkitpro/devkitARM/bin/../lib/gcc/arm-none-eabi/9.1.0/thumb/libgcc.a(_arm_muldivdf3.o)
 .ARM.attributes
                0x0000000000000908       0x1c /opt/devkitpro/devkitARM/bin/../lib/gcc/arm-none-eabi/9.1.0/thumb/libgcc.a(_arm_cmpdf2.o)
 .ARM.attributes
                0x0000000000000924       0x1c /opt/devkitpro/devkitARM/bin/../lib/gcc/arm-none-eabi/9.1.0/thumb/libgcc.a(_arm_unorddf2.o)
 .ARM.attributes
                0x0000000000000940       0x1c /opt/devkitpro/devkitARM/bin/../lib/gcc/arm-none-eabi/9.1.0/thumb/libgcc.a(_arm_fixdfsi.o)
 .ARM.attributes
                0x000000000000095c       0x1c /opt/devkitpro/devkitARM/bin/../lib/gcc/arm-none-eabi/9.1.0/thumb/libgcc.a(_aeabi_uldivmod.o)
 .ARM.attributes
                0x0000000000000978       0x2a /opt/devkitpro/devkitARM/bin/../lib/gcc/arm-none-eabi/9.1.0/thumb/libgcc.a(_udivmoddi4.o)
 .ARM.attributes
                0x00000000000009a2       0x1c /opt/devkitpro/devkitARM/bin/../lib/gcc/arm-none-eabi/9.1.0/thumb/libgcc.a(_clzdi2.o)
 .ARM.attributes
                0x00000000000009be       0x1c /opt/devkitpro/devkitARM/bin/../lib/gcc/arm-none-eabi/9.1.0/thumb/libgcc.a(_clzsi2.o)
 .ARM.attributes
                0x00000000000009da       0x30 /opt/devkitpro/devkitARM/bin/../lib/gcc/arm-none-eabi/9.1.0/../../../../arm-none-eabi/lib/thumb/libg.a(lib_a-impure.o)
 .ARM.attributes
                0x0000000000000a0a       0x30 /opt/devkitpro/devkitARM/bin/../lib/gcc/arm-none-eabi/9.1.0/thumb/crtend.o
 .ARM.attributes
                0x0000000000000a3a       0x1c /opt/devkitpro/devkitARM/bin/../lib/gcc/arm-none-eabi/9.1.0/thumb/crtn.o

/DISCARD/
 *(.note.GNU-stack)
LOAD /opt/devkitpro/devkitARM/bin/../lib/gcc/arm-none-eabi/9.1.0/../../../../arm-none-eabi/lib/thumb/gba_crt0.o
LOAD /opt/devkitpro/devkitARM/bin/../lib/gcc/arm-none-eabi/9.1.0/thumb/crti.o
LOAD /opt/devkitpro/devkitARM/bin/../lib/gcc/arm-none-eabi/9.1.0/thumb/crtbegin.o
LOAD font.o
LOAD main.arm.o
LOAD text.o
LOAD timer.o
LOAD /opt/devkitpro/devkitARM/bin/../lib/gcc/arm-none-eabi/9.1.0/../../../../arm-none-eabi/lib/thumb/libm.a
LOAD /opt/devkitpro/libgba/lib/libgba.a
START GROUP
LOAD /opt/devkitpro/devkitARM/bin/../lib/gcc/arm-none-eabi/9.1.0/thumb/libgcc.a
LOAD /opt/devkitpro/devkitARM/bin/../lib/gcc/arm-none-eabi/9.1.0/../../../../arm-none-eabi/lib/thumb/libg.a
LOAD /opt/devkitpro/devkitARM/bin/../lib/gcc/arm-none-eabi/9.1.0/../../../../arm-none-eabi/lib/thumb/libc.a
LOAD /opt/devkitpro/devkitARM/bin/../lib/gcc/arm-none-eabi/9.1.0/../../../../arm-none-eabi/lib/thumb/libsysbase.a
END GROUP
LOAD /opt/devkitpro/devkitARM/bin/../lib/gcc/arm-none-eabi/9.1.0/thumb/crtend.o
LOAD /opt/devkitpro/devkitARM/bin/../lib/gcc/arm-none-eabi/9.1.0/thumb/crtn.o
OUTPUT(/Users/shumon/src/techbook7/GBAonDocker2/chap04/sec03/multitask/multitask.elf elf32-littlearm)

.debug_ranges   0x0000000000000000       0x70
 .debug_ranges  0x0000000000000000       0x70 /opt/devkitpro/libgba/lib/libgba.a(interrupt.o)
