Archive member included to satisfy reference by file (symbol)

/opt/devkitpro/libgba/lib/libgba.a(AffineSet.o)
                              sprite.o (ObjAffineSet)
/opt/devkitpro/libgba/lib/libgba.a(Div.o)
                              sprite.o (Div)
/opt/devkitpro/devkitARM/bin/../lib/gcc/arm-none-eabi/9.1.0/../../../../arm-none-eabi/lib/thumb/libg.a(lib_a-init.o)
                              /opt/devkitpro/devkitARM/bin/../lib/gcc/arm-none-eabi/9.1.0/../../../../arm-none-eabi/lib/thumb/gba_crt0.o (__libc_init_array)
/opt/devkitpro/devkitARM/bin/../lib/gcc/arm-none-eabi/9.1.0/../../../../arm-none-eabi/lib/thumb/libg.a(lib_a-memset.o)
                              sprite.o (memset)
/opt/devkitpro/devkitARM/bin/../lib/gcc/arm-none-eabi/9.1.0/../../../../arm-none-eabi/lib/thumb/libg.a(lib_a-vsnprintf.o)
                              text.o (vsnprintf)
/opt/devkitpro/devkitARM/bin/../lib/gcc/arm-none-eabi/9.1.0/../../../../arm-none-eabi/lib/thumb/libg.a(lib_a-svfprintf.o)
                              /opt/devkitpro/devkitARM/bin/../lib/gcc/arm-none-eabi/9.1.0/../../../../arm-none-eabi/lib/thumb/libg.a(lib_a-vsnprintf.o) (_svfprintf_r)
/opt/devkitpro/devkitARM/bin/../lib/gcc/arm-none-eabi/9.1.0/../../../../arm-none-eabi/lib/thumb/libg.a(lib_a-wcrtomb.o)
                              /opt/devkitpro/devkitARM/bin/../lib/gcc/arm-none-eabi/9.1.0/../../../../arm-none-eabi/lib/thumb/libg.a(lib_a-svfprintf.o) (_wcrtomb_r)
/opt/devkitpro/devkitARM/bin/../lib/gcc/arm-none-eabi/9.1.0/../../../../arm-none-eabi/lib/thumb/libg.a(lib_a-wcsrtombs.o)
                              /opt/devkitpro/devkitARM/bin/../lib/gcc/arm-none-eabi/9.1.0/../../../../arm-none-eabi/lib/thumb/libg.a(lib_a-svfprintf.o) (_wcsrtombs_r)
/opt/devkitpro/devkitARM/bin/../lib/gcc/arm-none-eabi/9.1.0/../../../../arm-none-eabi/lib/thumb/libg.a(lib_a-dtoa.o)
                              /opt/devkitpro/devkitARM/bin/../lib/gcc/arm-none-eabi/9.1.0/../../../../arm-none-eabi/lib/thumb/libg.a(lib_a-svfprintf.o) (_dtoa_r)
/opt/devkitpro/devkitARM/bin/../lib/gcc/arm-none-eabi/9.1.0/../../../../arm-none-eabi/lib/thumb/libg.a(lib_a-freer.o)
                              /opt/devkitpro/devkitARM/bin/../lib/gcc/arm-none-eabi/9.1.0/../../../../arm-none-eabi/lib/thumb/libg.a(lib_a-svfprintf.o) (_free_r)
/opt/devkitpro/devkitARM/bin/../lib/gcc/arm-none-eabi/9.1.0/../../../../arm-none-eabi/lib/thumb/libg.a(lib_a-localeconv.o)
                              /opt/devkitpro/devkitARM/bin/../lib/gcc/arm-none-eabi/9.1.0/../../../../arm-none-eabi/lib/thumb/libg.a(lib_a-svfprintf.o) (_localeconv_r)
/opt/devkitpro/devkitARM/bin/../lib/gcc/arm-none-eabi/9.1.0/../../../../arm-none-eabi/lib/thumb/libg.a(lib_a-locale.o)
                              /opt/devkitpro/devkitARM/bin/../lib/gcc/arm-none-eabi/9.1.0/../../../../arm-none-eabi/lib/thumb/libg.a(lib_a-svfprintf.o) (__global_locale)
/opt/devkitpro/devkitARM/bin/../lib/gcc/arm-none-eabi/9.1.0/../../../../arm-none-eabi/lib/thumb/libg.a(lib_a-mallocr.o)
                              /opt/devkitpro/devkitARM/bin/../lib/gcc/arm-none-eabi/9.1.0/../../../../arm-none-eabi/lib/thumb/libg.a(lib_a-svfprintf.o) (_malloc_r)
/opt/devkitpro/devkitARM/bin/../lib/gcc/arm-none-eabi/9.1.0/../../../../arm-none-eabi/lib/thumb/libg.a(lib_a-mbtowc_r.o)
                              /opt/devkitpro/devkitARM/bin/../lib/gcc/arm-none-eabi/9.1.0/../../../../arm-none-eabi/lib/thumb/libg.a(lib_a-locale.o) (__ascii_mbtowc)
/opt/devkitpro/devkitARM/bin/../lib/gcc/arm-none-eabi/9.1.0/../../../../arm-none-eabi/lib/thumb/libg.a(lib_a-memchr-stub.o)
                              /opt/devkitpro/devkitARM/bin/../lib/gcc/arm-none-eabi/9.1.0/../../../../arm-none-eabi/lib/thumb/libg.a(lib_a-svfprintf.o) (memchr)
/opt/devkitpro/devkitARM/bin/../lib/gcc/arm-none-eabi/9.1.0/../../../../arm-none-eabi/lib/thumb/libg.a(lib_a-memcpy-stub.o)
                              /opt/devkitpro/devkitARM/bin/../lib/gcc/arm-none-eabi/9.1.0/../../../../arm-none-eabi/lib/thumb/libg.a(lib_a-dtoa.o) (memcpy)
/opt/devkitpro/devkitARM/bin/../lib/gcc/arm-none-eabi/9.1.0/../../../../arm-none-eabi/lib/thumb/libg.a(lib_a-mlock.o)
                              /opt/devkitpro/devkitARM/bin/../lib/gcc/arm-none-eabi/9.1.0/../../../../arm-none-eabi/lib/thumb/libg.a(lib_a-freer.o) (__malloc_lock)
/opt/devkitpro/devkitARM/bin/../lib/gcc/arm-none-eabi/9.1.0/../../../../arm-none-eabi/lib/thumb/libg.a(lib_a-mprec.o)
                              /opt/devkitpro/devkitARM/bin/../lib/gcc/arm-none-eabi/9.1.0/../../../../arm-none-eabi/lib/thumb/libg.a(lib_a-dtoa.o) (_Balloc)
/opt/devkitpro/devkitARM/bin/../lib/gcc/arm-none-eabi/9.1.0/../../../../arm-none-eabi/lib/thumb/libg.a(lib_a-s_frexp.o)
                              /opt/devkitpro/devkitARM/bin/../lib/gcc/arm-none-eabi/9.1.0/../../../../arm-none-eabi/lib/thumb/libg.a(lib_a-svfprintf.o) (frexp)
/opt/devkitpro/devkitARM/bin/../lib/gcc/arm-none-eabi/9.1.0/../../../../arm-none-eabi/lib/thumb/libg.a(lib_a-strcasecmp.o)
[...]
Memory Configuration

Name             Origin             Length             Attributes
rom              0x0000000008000000 0x0000000002000000
iwram            0x0000000003000000 0x0000000000008000
ewram            0x0000000002000000 0x0000000000040000
*default*        0x0000000000000000 0xffffffffffffffff

Linker script and memory map

                0x0000000008000000                __text_start = ORIGIN (rom)
                0x0000000002040000                __eheap_end = (ORIGIN (ewram) + LENGTH (ewram))
                0x0000000003000000                __iwram_start = ORIGIN (iwram)
                0x0000000003008000                __iwram_top = (ORIGIN (iwram) + LENGTH (iwram))
                0x0000000003007fa0                __sp_irq = (__iwram_top - 0x60)
                0x0000000003007f00                __sp_usr = (__sp_irq - 0xa0)
                0x0000000003007ff8                __irq_flags = 0x3007ff8
                0x0000000008000000                . = __text_start

.crt0           0x0000000008000000      0x210
 *(.crt0)
 .crt0          0x0000000008000000      0x210 /opt/devkitpro/devkitARM/bin/../lib/gcc/arm-none-eabi/9.1.0/../../../../arm-none-eabi/lib/thumb/gba_crt0.o
                0x0000000008000000                _start
                0x00000000080000c4                __boot_method
                0x00000000080000c5                __slave_number
                0x00000000080000e0                start_vector
                0x0000000008000210                . = ALIGN (0x4)

.init           0x0000000008000210        0xc
 *(SORT_NONE(.init))
 .init          0x0000000008000210        0x4 /opt/devkitpro/devkitARM/bin/../lib/gcc/arm-none-eabi/9.1.0/thumb/crti.o
                0x0000000008000210                _init
 .init          0x0000000008000214        0x8 /opt/devkitpro/devkitARM/bin/../lib/gcc/arm-none-eabi/9.1.0/thumb/crtn.o

.plt            0x000000000800021c        0x0
 *(.plt)
                0x000000000800021c                . = ALIGN (0x4)

.text           0x0000000008000220     0x7888
 *(EXCLUDE_FILE(*.iwram*) .text*)
 .text.deregister_tm_clones
                0x0000000008000220       0x2c /opt/devkitpro/devkitARM/bin/../lib/gcc/arm-none-eabi/9.1.0/thumb/crtbegin.o
 .text.register_tm_clones
                0x000000000800024c       0x34 /opt/devkitpro/devkitARM/bin/../lib/gcc/arm-none-eabi/9.1.0/thumb/crtbegin.o
 .text.__do_global_dtors_aux
                0x0000000008000280       0x30 /opt/devkitpro/devkitARM/bin/../lib/gcc/arm-none-eabi/9.1.0/thumb/crtbegin.o
 .text.frame_dummy
                0x00000000080002b0       0x28 /opt/devkitpro/devkitARM/bin/../lib/gcc/arm-none-eabi/9.1.0/thumb/crtbegin.o
 .text          0x00000000080002d8      0x21c input.o
                0x00000000080002d8                InputUpdate
                0x00000000080002fc                InputGetKeyState
                0x00000000080003a0                InputIsKeyNotPushed
                0x00000000080003ca                InputIsKeyPressed
                0x00000000080003f6                InputIsKeyReleased
                0x0000000008000422                InputIsKeyRepeat
                0x000000000800044e                InputGetDirection
 .text          0x00000000080004f4      0x1b8 main.o
                0x000000000800050a                WaitForVsync
                0x0000000008000530                Init
                0x000000000800060c                Update
                0x000000000800069c                main
 .text          0x00000000080006ac      0x7a0 sprite.o
                0x00000000080006ac                SpriteInit
                0x00000000080006d8                SpriteSetCoordinate
                0x0000000008000732                SpriteSetShape
                0x000000000800076c                SpriteSetSize
                0x00000000080007a6                SpriteSetForm
                0x00000000080007ea                SpriteSetCharacter
                0x000000000800081c                SpriteSetPalette
                0x000000000800087c                SpriteSetUp
                0x00000000080008e0                SpriteMove
                0x0000000008000976                SpriteHFlip
                0x00000000080009c4                SpriteVFlip
                0x0000000008000a14                SpriteGetWidth
                0x0000000008000a98                SpriteGetHeight
                0x0000000008000b1c                SpriteIsVisibleX
                0x0000000008000b5c                SpriteIsVisibleY
                0x0000000008000b98                SpriteIsVisible
                0x0000000008000bc4                SpriteEnableDoubleSize
                0x0000000008000be2                SpriteDisableDoubleSize
                0x0000000008000c04                SpriteEnableRotationScaling
                0x0000000008000c2e                SpriteDisableRotationScaling
                0x0000000008000c50                SpriteRocationScalingInit
                0x0000000008000c84                SpriteRotationScaling
                0x0000000008000d24                SpriteRotation
                0x0000000008000d4a                SpriteScaling
                0x0000000008000d80                affineMerge
 .text          0x0000000008000e4c      0x3e0 text.o
                0x0000000008000e62                TextClear
                0x0000000008000ea8                TextInit
                0x0000000008000f8c                TextSetCursor
                0x0000000008000fac                printAscii
                0x0000000008000ff4                TextPut
                0x000000000800111c                TextPrintf
                0x0000000008001178                TextHide
                0x0000000008001198                TextShow
                0x00000000080011b6                TextToggle
                0x00000000080011d4                TextHideBackGround
                0x00000000080011e8                TextShowBackGround
                0x0000000008001204                TextToggleBackGround
 .text          0x000000000800122c        0x8 /opt/devkitpro/libgba/lib/libgba.a(AffineSet.o)
                0x000000000800122c                ObjAffineSet
                0x0000000008001230                BgAffineSet
 .text          0x0000000008001234       0x10 /opt/devkitpro/libgba/lib/libgba.a(Div.o)
                0x0000000008001234                Div
                0x0000000008001238                DivMod
                0x000000000800123e                DivAbs
 .text.__libc_init_array
                0x0000000008001244       0x50 /opt/devkitpro/devkitARM/bin/../lib/gcc/arm-none-eabi/9.1.0/../../../../arm-none-eabi/lib/thumb/libg.a(lib_a-init.o)
                0x0000000008001244                __libc_init_array
 .text.memset   0x0000000008001294       0xb0 /opt/devkitpro/devkitARM/bin/../lib/gcc/arm-none-eabi/9.1.0/../../../../arm-none-eabi/lib/thumb/libg.a(lib_a-memset.o)
                0x0000000008001294                memset
 .text._vsnprintf_r
                0x0000000008001344       0x74 /opt/devkitpro/devkitARM/bin/../lib/gcc/arm-none-eabi/9.1.0/../../../../arm-none-eabi/lib/thumb/libg.a(lib_a-vsnprintf.o)
                0x0000000008001344                _vsnprintf_r
 .text.vsnprintf
                0x00000000080013b8       0x24 /opt/devkitpro/devkitARM/bin/../lib/gcc/arm-none-eabi/9.1.0/../../../../arm-none-eabi/lib/thumb/libg.a(lib_a-vsnprintf.o)
                0x00000000080013b8                vsnprintf
 .text.get_arg  0x00000000080013dc      0x3d8 /opt/devkitpro/devkitARM/bin/../lib/gcc/arm-none-eabi/9.1.0/../../../../arm-none-eabi/lib/thumb/libg.a(lib_a-svfprintf.o)
 .text._svfprintf_r
                0x00000000080017b4     0x2494 /opt/devkitpro/devkitARM/bin/../lib/gcc/arm-none-eabi/9.1.0/../../../../arm-none-eabi/lib/thumb/libg.a(lib_a-svfprintf.o)
                0x00000000080017b4                _svfprintf_r
 .text._wcrtomb_r
                0x0000000008003c48       0x5c /opt/devkitpro/devkitARM/bin/../lib/gcc/arm-none-eabi/9.1.0/../../../../arm-none-eabi/lib/thumb/libg.a(lib_a-wcrtomb.o)
                0x0000000008003c48                _wcrtomb_r
 .text._wcsrtombs_r
                0x0000000008003ca4       0x1c /opt/devkitpro/devkitARM/bin/../lib/gcc/arm-none-eabi/9.1.0/../../../../arm-none-eabi/lib/thumb/libg.a(lib_a-wcsrtombs.o)
                0x0000000008003ca4                _wcsrtombs_r
 .text.quorem   0x0000000008003cc0      0x14c /opt/devkitpro/devkitARM/bin/../lib/gcc/arm-none-eabi/9.1.0/../../../../arm-none-eabi/lib/thumb/libg.a(lib_a-dtoa.o)
 .text._dtoa_r  0x0000000008003e0c      0xf70 /opt/devkitpro/devkitARM/bin/../lib/gcc/arm-none-eabi/9.1.0/../../../../arm-none-eabi/lib/thumb/libg.a(lib_a-dtoa.o)
                0x0000000008003e0c                _dtoa_r
 .text._malloc_trim_r
                0x0000000008004d7c       0xa0 /opt/devkitpro/devkitARM/bin/../lib/gcc/arm-none-eabi/9.1.0/../../../../arm-none-eabi/lib/thumb/libg.a(lib_a-freer.o)
                0x0000000008004d7c                _malloc_trim_r
 .text._free_r  0x0000000008004e1c      0x1e0 /opt/devkitpro/devkitARM/bin/../lib/gcc/arm-none-eabi/9.1.0/../../../../arm-none-eabi/lib/thumb/libg.a(lib_a-freer.o)
                0x0000000008004e1c                _free_r
 .text._localeconv_r
                0x0000000008004ffc        0x8 /opt/devkitpro/devkitARM/bin/../lib/gcc/arm-none-eabi/9.1.0/../../../../arm-none-eabi/lib/thumb/libg.a(lib_a-localeconv.o)
                0x0000000008004ffc                _localeconv_r
 .text.__locale_mb_cur_max
                0x0000000008005004       0x10 /opt/devkitpro/devkitARM/bin/../lib/gcc/arm-none-eabi/9.1.0/../../../../arm-none-eabi/lib/thumb/libg.a(lib_a-locale.o)
                0x0000000008005004                __locale_mb_cur_max
 .text._malloc_r
                0x0000000008005014      0x59c /opt/devkitpro/devkitARM/bin/../lib/gcc/arm-none-eabi/9.1.0/../../../../arm-none-eabi/lib/thumb/libg.a(lib_a-mallocr.o)
                0x0000000008005014                _malloc_r
 .text.__utf8_mbtowc
                0x00000000080055b0      0x280 /opt/devkitpro/devkitARM/bin/../lib/gcc/arm-none-eabi/9.1.0/../../../../arm-none-eabi/lib/thumb/libg.a(lib_a-mbtowc_r.o)
                0x00000000080055b0                __utf8_mbtowc
 .text.memchr   0x0000000008005830       0x78 /opt/devkitpro/devkitARM/bin/../lib/gcc/arm-none-eabi/9.1.0/../../../../arm-none-eabi/lib/thumb/libg.a(lib_a-memchr-stub.o)
                0x0000000008005830                memchr
 .text.memcpy   0x00000000080058a8       0xa8 /opt/devkitpro/devkitARM/bin/../lib/gcc/arm-none-eabi/9.1.0/../../../../arm-none-eabi/lib/thumb/libg.a(lib_a-memcpy-stub.o)
                0x00000000080058a8                memcpy
 .text.__malloc_lock
                0x0000000008005950       0x14 /opt/devkitpro/devkitARM/bin/../lib/gcc/arm-none-eabi/9.1.0/../../../../arm-none-eabi/lib/thumb/libg.a(lib_a-mlock.o)
                0x0000000008005950                __malloc_lock
 .text.__malloc_unlock
                0x0000000008005964       0x14 /opt/devkitpro/devkitARM/bin/../lib/gcc/arm-none-eabi/9.1.0/../../../../arm-none-eabi/lib/thumb/libg.a(lib_a-mlock.o)
                0x0000000008005964                __malloc_unlock
 .text._Balloc  0x0000000008005978       0x54 /opt/devkitpro/devkitARM/bin/../lib/gcc/arm-none-eabi/9.1.0/../../../../arm-none-eabi/lib/thumb/libg.a(lib_a-mprec.o)
                0x0000000008005978                _Balloc
 .text._Bfree   0x00000000080059cc       0x14 /opt/devkitpro/devkitARM/bin/../lib/gcc/arm-none-eabi/9.1.0/../../../../arm-none-eabi/lib/thumb/libg.a(lib_a-mprec.o)
                0x00000000080059cc                _Bfree
 .text.__multadd
                0x00000000080059e0       0x88 /opt/devkitpro/devkitARM/bin/../lib/gcc/arm-none-eabi/9.1.0/../../../../arm-none-eabi/lib/thumb/libg.a(lib_a-mprec.o)
                0x00000000080059e0                __multadd
 .text.__hi0bits
                0x0000000008005a68       0x38 /opt/devkitpro/devkitARM/bin/../lib/gcc/arm-none-eabi/9.1.0/../../../../arm-none-eabi/lib/thumb/libg.a(lib_a-mprec.o)
                0x0000000008005a68                __hi0bits
 .text.__lo0bits
                0x0000000008005aa0       0x5c /opt/devkitpro/devkitARM/bin/../lib/gcc/arm-none-eabi/9.1.0/../../../../arm-none-eabi/lib/thumb/libg.a(lib_a-mprec.o)
                0x0000000008005aa0                __lo0bits
 .text.__i2b    0x0000000008005afc       0x18 /opt/devkitpro/devkitARM/bin/../lib/gcc/arm-none-eabi/9.1.0/../../../../arm-none-eabi/lib/thumb/libg.a(lib_a-mprec.o)
                0x0000000008005afc                __i2b
 .text.__multiply
                0x0000000008005b14      0x194 /opt/devkitpro/devkitARM/bin/../lib/gcc/arm-none-eabi/9.1.0/../../../../arm-none-eabi/lib/thumb/libg.a(lib_a-mprec.o)
                0x0000000008005b14                __multiply
 .text.__pow5mult
                0x0000000008005ca8       0xc4 /opt/devkitpro/devkitARM/bin/../lib/gcc/arm-none-eabi/9.1.0/../../../../arm-none-eabi/lib/thumb/libg.a(lib_a-mprec.o)
                0x0000000008005ca8                __pow5mult
 .text.__lshift
                0x0000000008005d6c       0xf0 /opt/devkitpro/devkitARM/bin/../lib/gcc/arm-none-eabi/9.1.0/../../../../arm-none-eabi/lib/thumb/libg.a(lib_a-mprec.o)
                0x0000000008005d6c                __lshift
 .text.__mcmp   0x0000000008005e5c       0x3c /opt/devkitpro/devkitARM/bin/../lib/gcc/arm-none-eabi/9.1.0/../../../../arm-none-eabi/lib/thumb/libg.a(lib_a-mprec.o)
                0x0000000008005e5c                __mcmp
 .text.__mdiff  0x0000000008005e98      0x148 /opt/devkitpro/devkitARM/bin/../lib/gcc/arm-none-eabi/9.1.0/../../../../arm-none-eabi/lib/thumb/libg.a(lib_a-mprec.o)
                0x0000000008005e98                __mdiff
 .text.__d2b    0x0000000008005fe0       0xc0 /opt/devkitpro/devkitARM/bin/../lib/gcc/arm-none-eabi/9.1.0/../../../../arm-none-eabi/lib/thumb/libg.a(lib_a-mprec.o)
                0x0000000008005fe0                __d2b
 .text.frexp    0x00000000080060a0       0x68 /opt/devkitpro/devkitARM/bin/../lib/gcc/arm-none-eabi/9.1.0/../../../../arm-none-eabi/lib/thumb/libg.a(lib_a-s_frexp.o)
                0x00000000080060a0                frexp
 .text.strlen   0x0000000008006108       0x60 /opt/devkitpro/devkitARM/bin/../lib/gcc/arm-none-eabi/9.1.0/../../../../arm-none-eabi/lib/thumb/libg.a(lib_a-strlen-stub.o)
                0x0000000008006108                strlen
 .text.strncpy  0x0000000008006168       0x74 /opt/devkitpro/devkitARM/bin/../lib/gcc/arm-none-eabi/9.1.0/../../../../arm-none-eabi/lib/thumb/libg.a(lib_a-strncpy.o)
                0x0000000008006168                strncpy
 .text.__ssprint_r
                0x00000000080061dc      0x124 /opt/devkitpro/devkitARM/bin/../lib/gcc/arm-none-eabi/9.1.0/../../../../arm-none-eabi/lib/thumb/libg.a(lib_a-svfiprintf.o)
                0x00000000080061dc                __ssprint_r
 .text._wcsnrtombs_l
                0x0000000008006300      0x138 /opt/devkitpro/devkitARM/bin/../lib/gcc/arm-none-eabi/9.1.0/../../../../arm-none-eabi/lib/thumb/libg.a(lib_a-wcsnrtombs.o)
                0x0000000008006300                _wcsnrtombs_l
 .text._wcsnrtombs_r
                0x0000000008006438       0x30 /opt/devkitpro/devkitARM/bin/../lib/gcc/arm-none-eabi/9.1.0/../../../../arm-none-eabi/lib/thumb/libg.a(lib_a-wcsnrtombs.o)
                0x0000000008006438                _wcsnrtombs_r
 .text.__utf8_wctomb
                0x0000000008006468       0xb4 /opt/devkitpro/devkitARM/bin/../lib/gcc/arm-none-eabi/9.1.0/../../../../arm-none-eabi/lib/thumb/libg.a(lib_a-wctomb_r.o)
                0x0000000008006468                __utf8_wctomb
 .text._calloc_r
                0x000000000800651c       0x60 /opt/devkitpro/devkitARM/bin/../lib/gcc/arm-none-eabi/9.1.0/../../../../arm-none-eabi/lib/thumb/libg.a(lib_a-callocr.o)
                0x000000000800651c                _calloc_r
 .text.memmove  0x000000000800657c       0xb0 /opt/devkitpro/devkitARM/bin/../lib/gcc/arm-none-eabi/9.1.0/../../../../arm-none-eabi/lib/thumb/libg.a(lib_a-memmove.o)
                0x000000000800657c                memmove
 .text._realloc_r
                0x000000000800662c      0x38c /opt/devkitpro/devkitARM/bin/../lib/gcc/arm-none-eabi/9.1.0/../../../../arm-none-eabi/lib/thumb/libg.a(lib_a-reallocr.o)
                0x000000000800662c                _realloc_r
 .text._sbrk_r  0x00000000080069b8       0x54 /opt/devkitpro/devkitARM/bin/../lib/gcc/arm-none-eabi/9.1.0/../../../../arm-none-eabi/lib/thumb/libsysbase.a(sbrk.o)
                0x00000000080069b8                _sbrk_r
 .text.__libc_lock_acquire_recursive
                0x0000000008006a0c       0x1c /opt/devkitpro/devkitARM/bin/../lib/gcc/arm-none-eabi/9.1.0/../../../../arm-none-eabi/lib/thumb/libsysbase.a(syscall_support.o)
                0x0000000008006a0c                __libc_lock_acquire_recursive
 .text.__libc_lock_release_recursive
                0x0000000008006a28       0x1c /opt/devkitpro/devkitARM/bin/../lib/gcc/arm-none-eabi/9.1.0/../../../../arm-none-eabi/lib/thumb/libsysbase.a(syscall_support.o)
                0x0000000008006a28                __libc_lock_release_recursive
 .text.__getreent
                0x0000000008006a44       0x28 /opt/devkitpro/devkitARM/bin/../lib/gcc/arm-none-eabi/9.1.0/../../../../arm-none-eabi/lib/thumb/libsysbase.a(getreent.o)
                0x0000000008006a44                __getreent
 .text          0x0000000008006a6c       0x14 /opt/devkitpro/devkitARM/bin/../lib/gcc/arm-none-eabi/9.1.0/thumb/libgcc.a(_thumb1_case_uqi.o)
                0x0000000008006a6c                __gnu_thumb1_case_uqi
 .text          0x0000000008006a80       0x14 /opt/devkitpro/devkitARM/bin/../lib/gcc/arm-none-eabi/9.1.0/thumb/libgcc.a(_thumb1_case_uhi.o)
                0x0000000008006a80                __gnu_thumb1_case_uhi
 .text          0x0000000008006a94      0x11c /opt/devkitpro/devkitARM/bin/../lib/gcc/arm-none-eabi/9.1.0/thumb/libgcc.a(_udivsi3.o)
                0x0000000008006a94                __udivsi3
                0x0000000008006a94                __aeabi_uidiv
                0x0000000008006b90                __aeabi_uidivmod
 .text          0x0000000008006bb0      0x150 /opt/devkitpro/devkitARM/bin/../lib/gcc/arm-none-eabi/9.1.0/thumb/libgcc.a(_divsi3.o)
                0x0000000008006bb0                __aeabi_idiv
                0x0000000008006bb0                __divsi3
                0x0000000008006ce0                __aeabi_idivmod
 .text          0x0000000008006d00        0x4 /opt/devkitpro/devkitARM/bin/../lib/gcc/arm-none-eabi/9.1.0/thumb/libgcc.a(_dvmd_tls.o)
                0x0000000008006d00                __aeabi_ldiv0
                0x0000000008006d00                __aeabi_idiv0
 .text          0x0000000008006d04      0x424 /opt/devkitpro/devkitARM/bin/../lib/gcc/arm-none-eabi/9.1.0/thumb/libgcc.a(_arm_addsubdf3.o)
                0x0000000008006d04                __aeabi_drsub
                0x0000000008006d0c                __subdf3
                0x0000000008006d0c                __aeabi_dsub
                0x0000000008006d10                __aeabi_dadd
                0x0000000008006d10                __adddf3
                0x0000000008007020                __aeabi_ui2d
                0x0000000008007020                __floatunsidf
                0x0000000008007044                __floatsidf
                0x0000000008007044                __aeabi_i2d
                0x000000000800706c                __extendsfdf2
                0x000000000800706c                __aeabi_f2d
                0x00000000080070b4                __aeabi_ul2d
                0x00000000080070b4                __floatundidf
                0x00000000080070c8                __aeabi_l2d
                0x00000000080070c8                __floatdidf
 .text          0x0000000008007128      0x49c /opt/devkitpro/devkitARM/bin/../lib/gcc/arm-none-eabi/9.1.0/thumb/libgcc.a(_arm_muldivdf3.o)
                0x0000000008007128                __aeabi_dmul
                0x0000000008007128                __muldf3
                0x00000000080073b8                __aeabi_ddiv
                0x00000000080073b8                __divdf3
 .text          0x00000000080075c4      0x144 /opt/devkitpro/devkitARM/bin/../lib/gcc/arm-none-eabi/9.1.0/thumb/libgcc.a(_arm_cmpdf2.o)
                0x00000000080075c4                __gedf2
                0x00000000080075c4                __gtdf2
                0x00000000080075cc                __ledf2
                0x00000000080075cc                __ltdf2
                0x00000000080075d4                __cmpdf2
                0x00000000080075d4                __eqdf2
                0x00000000080075d4                __nedf2
                0x000000000800765c                __aeabi_cdrcmple
                0x0000000008007678                __aeabi_cdcmple
                0x0000000008007678                __aeabi_cdcmpeq
                0x0000000008007690                __aeabi_dcmpeq
                0x00000000080076a8                __aeabi_dcmplt
                0x00000000080076c0                __aeabi_dcmple
                0x00000000080076d8                __aeabi_dcmpge
                0x00000000080076f0                __aeabi_dcmpgt
 .text          0x0000000008007708       0x38 /opt/devkitpro/devkitARM/bin/../lib/gcc/arm-none-eabi/9.1.0/thumb/libgcc.a(_arm_unorddf2.o)
                0x0000000008007708                __aeabi_dcmpun
                0x0000000008007708                __unorddf2
 .text          0x0000000008007740       0x5c /opt/devkitpro/devkitARM/bin/../lib/gcc/arm-none-eabi/9.1.0/thumb/libgcc.a(_arm_fixdfsi.o)
                0x0000000008007740                __fixdfsi
                0x0000000008007740                __aeabi_d2iz
 .text          0x000000000800779c       0x3c /opt/devkitpro/devkitARM/bin/../lib/gcc/arm-none-eabi/9.1.0/thumb/libgcc.a(_aeabi_uldivmod.o)
                0x000000000800779c                __aeabi_uldivmod
 .text.__udivmoddi4
                0x00000000080077d8      0x19c /opt/devkitpro/devkitARM/bin/../lib/gcc/arm-none-eabi/9.1.0/thumb/libgcc.a(_udivmoddi4.o)
                0x00000000080077d8                __udivmoddi4
 .text          0x0000000008007974       0x28 /opt/devkitpro/devkitARM/bin/../lib/gcc/arm-none-eabi/9.1.0/thumb/libgcc.a(_clzdi2.o)
                0x0000000008007974                __clzdi2
 .text          0x000000000800799c       0x48 /opt/devkitpro/devkitARM/bin/../lib/gcc/arm-none-eabi/9.1.0/thumb/libgcc.a(_clzsi2.o)
                0x000000000800799c                __clzsi2
 *fill*         0x00000000080079e4        0x4 ff
 .text.__stub   0x00000000080079e8       0xb4 linker stubs
 *(.gnu.linkonce.t.*)
 *(.text.*personality*)
 *(.gnu.warning)
 *(.glue_7t)
 .glue_7t       0x0000000008007aa8        0x0 linker stubs
 *(.glue_7)
 .glue_7        0x0000000008007aa8        0x0 linker stubs
 *(.vfp11_veneer)
 .vfp11_veneer  0x0000000008007aa8        0x0 linker stubs
                0x0000000008007aa8                . = ALIGN (0x4)
                0x0000000008007aa8                __text_end = .

.v4_bx          0x0000000008007aa8        0x0
 .v4_bx         0x0000000008007aa8        0x0 linker stubs

.iplt           0x0000000008007aa8        0x0
 .iplt          0x0000000008007aa8        0x0 /opt/devkitpro/devkitARM/bin/../lib/gcc/arm-none-eabi/9.1.0/../../../../arm-none-eabi/lib/thumb/gba_crt0.o

.fini           0x0000000008007aa8        0xc
 *(.fini)
 .fini          0x0000000008007aa8        0x4 /opt/devkitpro/devkitARM/bin/../lib/gcc/arm-none-eabi/9.1.0/thumb/crti.o
                0x0000000008007aa8                _fini
 .fini          0x0000000008007aac        0x8 /opt/devkitpro/devkitARM/bin/../lib/gcc/arm-none-eabi/9.1.0/thumb/crtn.o
                0x0000000008007ab4                . = ALIGN (0x4)

.rodata         0x0000000008007ab8     0x87e8
 *(.rodata)
 .rodata        0x0000000008007ab8     0x8020 font.o
                0x0000000008007ab8                fontTiles
                0x000000000800fab8                fontPal
 .rodata        0x000000000800fad8       0x57 main.o
 *fill*         0x000000000800fb2f        0x1 ff
 .rodata        0x000000000800fb30       0x60 sprite.o
 .rodata        0x000000000800fb90      0x280 sushi.o
                0x000000000800fb90                sushiTiles
                0x000000000800fc10                sushiPal
 *all.rodata*(*)
 *(.roda)
 *(.rodata.*)
 .rodata._svfprintf_r.str1.1
                0x000000000800fe10       0x3b /opt/devkitpro/devkitARM/bin/../lib/gcc/arm-none-eabi/9.1.0/../../../../arm-none-eabi/lib/thumb/libg.a(lib_a-svfprintf.o)
 *fill*         0x000000000800fe4b        0x1 ff
 .rodata.blanks.7413
                0x000000000800fe4c       0x10 /opt/devkitpro/devkitARM/bin/../lib/gcc/arm-none-eabi/9.1.0/../../../../arm-none-eabi/lib/thumb/libg.a(lib_a-svfprintf.o)
 .rodata.zeroes.7414
                0x000000000800fe5c       0x10 /opt/devkitpro/devkitARM/bin/../lib/gcc/arm-none-eabi/9.1.0/../../../../arm-none-eabi/lib/thumb/libg.a(lib_a-svfprintf.o)
 .rodata._dtoa_r.str1.4
                0x000000000800fe6c       0x12 /opt/devkitpro/devkitARM/bin/../lib/gcc/arm-none-eabi/9.1.0/../../../../arm-none-eabi/lib/thumb/libg.a(lib_a-dtoa.o)
 *fill*         0x000000000800fe7e        0x2 ff
 .rodata.str1.4
                0x000000000800fe80       0x48 /opt/devkitpro/devkitARM/bin/../lib/gcc/arm-none-eabi/9.1.0/../../../../arm-none-eabi/lib/thumb/libg.a(lib_a-locale.o)
                                         0x4c (size before relaxing)
 .rodata.__mprec_bigtens
                0x000000000800fec8       0x28 /opt/devkitpro/devkitARM/bin/../lib/gcc/arm-none-eabi/9.1.0/../../../../arm-none-eabi/lib/thumb/libg.a(lib_a-mprec.o)
                0x000000000800fec8                __mprec_bigtens
 .rodata.__mprec_tens
                0x000000000800fef0       0xc8 /opt/devkitpro/devkitARM/bin/../lib/gcc/arm-none-eabi/9.1.0/../../../../arm-none-eabi/lib/thumb/libg.a(lib_a-mprec.o)
                0x000000000800fef0                __mprec_tens
 .rodata.p05.6147
                0x000000000800ffb8        0xc /opt/devkitpro/devkitARM/bin/../lib/gcc/arm-none-eabi/9.1.0/../../../../arm-none-eabi/lib/thumb/libg.a(lib_a-mprec.o)
 .rodata.__action_table
                0x000000000800ffc4       0x6c /opt/devkitpro/devkitARM/bin/../lib/gcc/arm-none-eabi/9.1.0/../../../../arm-none-eabi/lib/thumb/libg.a(lib_a-svfiprintf.o)
                0x000000000800ffc4                __action_table
 .rodata.__chclass
                0x0000000008010030      0x100 /opt/devkitpro/devkitARM/bin/../lib/gcc/arm-none-eabi/9.1.0/../../../../arm-none-eabi/lib/thumb/libg.a(lib_a-svfiprintf.o)
                0x0000000008010030                __chclass
 .rodata.__state_table
                0x0000000008010130       0x6c /opt/devkitpro/devkitARM/bin/../lib/gcc/arm-none-eabi/9.1.0/../../../../arm-none-eabi/lib/thumb/libg.a(lib_a-svfiprintf.o)
                0x0000000008010130                __state_table
 .rodata._ctype_
                0x000000000801019c      0x101 /opt/devkitpro/devkitARM/bin/../lib/gcc/arm-none-eabi/9.1.0/../../../../arm-none-eabi/lib/thumb/libg.a(lib_a-ctype_.o)
                0x000000000801019c                _ctype_
 *(.gnu.linkonce.r*)
                0x00000000080102a0                . = ALIGN (0x4)
 *fill*         0x000000000801029d        0x3 ff

.ARM.extab
 *(.ARM.extab* .gnu.linkonce.armextab.*)
                0x00000000080102a0                __exidx_start = .

.ARM.exidx
 *(.ARM.exidx* .gnu.linkonce.armexidx.*)
                0x00000000080102a0                __exidx_end = .

.ctors          0x00000000080102a0        0x0
 *crtbegin.o(.ctors)
 *(EXCLUDE_FILE(*crtend.o) .ctors)
 *(SORT_BY_NAME(.ctors.*))
 *(.ctors)
                0x00000000080102a0                . = ALIGN (0x4)

.dtors          0x00000000080102a0        0x0
 *crtbegin.o(.dtors)
 *(EXCLUDE_FILE(*crtend.o) .dtors)
 *(SORT_BY_NAME(.dtors.*))
 *(.dtors)
                0x00000000080102a0                . = ALIGN (0x4)

.eh_frame       0x00000000080102a0        0x4
 *(.eh_frame)
 .eh_frame      0x00000000080102a0        0x0 /opt/devkitpro/devkitARM/bin/../lib/gcc/arm-none-eabi/9.1.0/thumb/crtbegin.o
 .eh_frame      0x00000000080102a0        0x4 /opt/devkitpro/devkitARM/bin/../lib/gcc/arm-none-eabi/9.1.0/thumb/crtend.o
                0x00000000080102a4                . = ALIGN (0x4)

.rel.dyn        0x00000000080102a4        0x0
 .rel.iplt      0x00000000080102a4        0x0 /opt/devkitpro/devkitARM/bin/../lib/gcc/arm-none-eabi/9.1.0/../../../../arm-none-eabi/lib/thumb/gba_crt0.o

.gcc_except_table
                0x00000000080102a4        0x0
 *(.gcc_except_table)
                0x00000000080102a4                . = ALIGN (0x4)
                0x00000000080102a4                __iwram_lma = .

.iwram          0x0000000003000000        0x0 load address 0x00000000080102a4
                0x0000000003000000                __iwram_start__ = ABSOLUTE (.)
 *(.iwram)
 *iwram.*(.text*)
                0x0000000003000000                . = ALIGN (0x4)
                0x0000000003000000                __iwram_end__ = ABSOLUTE (.)
                0x00000000080102a4                __data_lma = (__iwram_lma + SIZEOF (.iwram))

.bss            0x0000000003000000       0xc8
                0x0000000003000000                __bss_start = ABSOLUTE (.)
                0x0000000003000000                __bss_start__ = ABSOLUTE (.)
 *(.dynbss)
 *(.gnu.linkonce.b*)
 *(.bss*)
 .bss.completed.9071
                0x0000000003000000        0x1 /opt/devkitpro/devkitARM/bin/../lib/gcc/arm-none-eabi/9.1.0/thumb/crtbegin.o
 *fill*         0x0000000003000001        0x3 
 .bss.object.9076
                0x0000000003000004       0x18 /opt/devkitpro/devkitARM/bin/../lib/gcc/arm-none-eabi/9.1.0/thumb/crtbegin.o
 .bss           0x000000000300001c        0x8 main.o
                0x000000000300001c                angle
                0x0000000003000020                speed
 .bss           0x0000000003000024        0x4 sprite.o
 .bss           0x0000000003000028        0xc text.o
                0x0000000003000028                screenBase
                0x000000000300002c                column
                0x0000000003000030                line
 .bss.__malloc_current_mallinfo
                0x0000000003000034       0x28 /opt/devkitpro/devkitARM/bin/../lib/gcc/arm-none-eabi/9.1.0/../../../../arm-none-eabi/lib/thumb/libg.a(lib_a-mallocr.o)
                0x0000000003000034                __malloc_current_mallinfo
 .bss.__malloc_max_sbrked_mem
                0x000000000300005c        0x4 /opt/devkitpro/devkitARM/bin/../lib/gcc/arm-none-eabi/9.1.0/../../../../arm-none-eabi/lib/thumb/libg.a(lib_a-mallocr.o)
                0x000000000300005c                __malloc_max_sbrked_mem
 .bss.__malloc_max_total_mem
                0x0000000003000060        0x4 /opt/devkitpro/devkitARM/bin/../lib/gcc/arm-none-eabi/9.1.0/../../../../arm-none-eabi/lib/thumb/libg.a(lib_a-mallocr.o)
                0x0000000003000060                __malloc_max_total_mem
 .bss.__malloc_top_pad
                0x0000000003000064        0x4 /opt/devkitpro/devkitARM/bin/../lib/gcc/arm-none-eabi/9.1.0/../../../../arm-none-eabi/lib/thumb/libg.a(lib_a-mallocr.o)
                0x0000000003000064                __malloc_top_pad
 .bss.heap_start.6057
                0x0000000003000068        0x4 /opt/devkitpro/devkitARM/bin/../lib/gcc/arm-none-eabi/9.1.0/../../../../arm-none-eabi/lib/thumb/libsysbase.a(sbrk.o)
 .bss.fake_heap_end
                0x000000000300006c        0x4 /opt/devkitpro/devkitARM/bin/../lib/gcc/arm-none-eabi/9.1.0/../../../../arm-none-eabi/lib/thumb/libsysbase.a(malloc_vars.o)
                0x000000000300006c                fake_heap_end
 .bss.fake_heap_start
                0x0000000003000070        0x4 /opt/devkitpro/devkitARM/bin/../lib/gcc/arm-none-eabi/9.1.0/../../../../arm-none-eabi/lib/thumb/libsysbase.a(malloc_vars.o)
                0x0000000003000070                fake_heap_start
 .bss.__syscalls
                0x0000000003000074       0x48 /opt/devkitpro/devkitARM/bin/../lib/gcc/arm-none-eabi/9.1.0/../../../../arm-none-eabi/lib/thumb/libsysbase.a(syscall_support.o)
                0x0000000003000074                __syscalls
 *(COMMON)
 COMMON         0x00000000030000bc        0x4 input.o
                0x00000000030000bc                previousInput
                0x00000000030000be                currentInput
 COMMON         0x00000000030000c0        0x6 text.o
                0x00000000030000c0                map
                0x00000000030000c4                backGround
                0x00000000030000c8                . = ALIGN (0x4)
 *fill*         0x00000000030000c6        0x2 
                0x00000000030000c8                __bss_end__ = ABSOLUTE (.)

.data           0x00000000030000c8      0x9f0 load address 0x00000000080102a4
                0x00000000030000c8                __data_start__ = ABSOLUTE (.)
 *(.data)
 .data          0x00000000030000c8        0x4 text.o
                0x00000000030000c8                charBase
 *(.data.*)
 .data.__global_locale
                0x00000000030000cc      0x16c /opt/devkitpro/devkitARM/bin/../lib/gcc/arm-none-eabi/9.1.0/../../../../arm-none-eabi/lib/thumb/libg.a(lib_a-locale.o)
                0x00000000030000cc                __global_locale
 .data.__malloc_av_
                0x0000000003000238      0x408 /opt/devkitpro/devkitARM/bin/../lib/gcc/arm-none-eabi/9.1.0/../../../../arm-none-eabi/lib/thumb/libg.a(lib_a-mallocr.o)
                0x0000000003000238                __malloc_av_
 .data.__malloc_sbrk_base
                0x0000000003000640        0x4 /opt/devkitpro/devkitARM/bin/../lib/gcc/arm-none-eabi/9.1.0/../../../../arm-none-eabi/lib/thumb/libg.a(lib_a-mallocr.o)
                0x0000000003000640                __malloc_sbrk_base
 .data.__malloc_trim_threshold
                0x0000000003000644        0x4 /opt/devkitpro/devkitARM/bin/../lib/gcc/arm-none-eabi/9.1.0/../../../../arm-none-eabi/lib/thumb/libg.a(lib_a-mallocr.o)
                0x0000000003000644                __malloc_trim_threshold
 .data.__malloc_recursive_mutex
                0x0000000003000648        0xc /opt/devkitpro/devkitARM/bin/../lib/gcc/arm-none-eabi/9.1.0/../../../../arm-none-eabi/lib/thumb/libg.a(lib_a-mlock.o)
 .data._impure_ptr
                0x0000000003000654        0x4 /opt/devkitpro/devkitARM/bin/../lib/gcc/arm-none-eabi/9.1.0/../../../../arm-none-eabi/lib/thumb/libg.a(lib_a-impure.o)
                0x0000000003000654                _impure_ptr
 .data.impure_data
                0x0000000003000658      0x460 /opt/devkitpro/devkitARM/bin/../lib/gcc/arm-none-eabi/9.1.0/../../../../arm-none-eabi/lib/thumb/libg.a(lib_a-impure.o)
 *(.gnu.linkonce.d*)
                0x0000000003000ab8                . = ALIGN (0x4)
                0x0000000008010c94                __preinit_lma = (__data_lma + SIZEOF (.data))

.igot.plt       0x0000000003000ab8        0x0 load address 0x0000000008010c94
 .igot.plt      0x0000000003000ab8        0x0 /opt/devkitpro/devkitARM/bin/../lib/gcc/arm-none-eabi/9.1.0/../../../../arm-none-eabi/lib/thumb/gba_crt0.o

.tm_clone_table
                0x0000000003000ab8        0x0 load address 0x0000000008010c94
 .tm_clone_table
                0x0000000003000ab8        0x0 /opt/devkitpro/devkitARM/bin/../lib/gcc/arm-none-eabi/9.1.0/thumb/crtbegin.o
 .tm_clone_table
                0x0000000003000ab8        0x0 /opt/devkitpro/devkitARM/bin/../lib/gcc/arm-none-eabi/9.1.0/thumb/crtend.o

.preinit_array  0x0000000003000ab8        0x0 load address 0x0000000008010c94
                0x0000000003000ab8                __preinit_array_start = ABSOLUTE (.)
 *(.preinit_array)
                0x0000000003000ab8                __preinit_array_end = ABSOLUTE (.)
                0x0000000008010c94                __init_lma = (__preinit_lma + SIZEOF (.preinit_array))

.init_array     0x0000000003000ab8        0x4 load address 0x0000000008010c94
                0x0000000003000ab8                __init_array_start = ABSOLUTE (.)
 *(SORT_BY_NAME(.init_array.*))
 *(.init_array)
 .init_array    0x0000000003000ab8        0x4 /opt/devkitpro/devkitARM/bin/../lib/gcc/arm-none-eabi/9.1.0/thumb/crtbegin.o
                0x0000000003000abc                __init_array_end = ABSOLUTE (.)
                0x0000000008010c98                __fini_lma = (__init_lma + SIZEOF (.init_array))

.fini_array     0x0000000003000abc        0x4 load address 0x0000000008010c98
                0x0000000003000abc                __fini_array_start = ABSOLUTE (.)
 *(SORT_BY_NAME(.fini_array.*))
 *(.fini_array)
 .fini_array    0x0000000003000abc        0x4 /opt/devkitpro/devkitARM/bin/../lib/gcc/arm-none-eabi/9.1.0/thumb/crtbegin.o
                0x0000000003000ac0                __fini_array_end = ABSOLUTE (.)
                0x0000000008010c9c                __jcr_lma = (__fini_lma + SIZEOF (.fini_array))

.jcr            0x0000000003000ac0        0x0 load address 0x0000000008010c9c
 *(.jcr)
                0x0000000003000ac0                __data_end__ = ABSOLUTE (.)
                0x0000000008010c9c                __iwram_overlay_lma = (__jcr_lma + SIZEOF (.jcr))
                0x0000000003000ac0                __iwram_overlay_start = .

.iwram0         0x0000000003000ac0        0x0 load address 0x0000000008010c9c
 *(.iwram0)
                0x0000000003000ac0                . = ALIGN (0x4)
                0x0000000008010c9c                PROVIDE (__load_start_iwram0 = LOADADDR (.iwram0))
                0x0000000008010c9c                PROVIDE (__load_stop_iwram0 = (LOADADDR (.iwram0) + SIZEOF (.iwram0)))

.iwram1         0x0000000003000ac0        0x0
 *(.iwram1)
                0x0000000003000ac0                . = ALIGN (0x4)
                [!provide]                        PROVIDE (__load_start_iwram1 = LOADADDR (.iwram1))
                [!provide]                        PROVIDE (__load_stop_iwram1 = (LOADADDR (.iwram1) + SIZEOF (.iwram1)))

.iwram2         0x0000000003000ac0        0x0
 *(.iwram2)
                0x0000000003000ac0                . = ALIGN (0x4)
                [!provide]                        PROVIDE (__load_start_iwram2 = LOADADDR (.iwram2))
                [!provide]                        PROVIDE (__load_stop_iwram2 = (LOADADDR (.iwram2) + SIZEOF (.iwram2)))

.iwram3         0x0000000003000ac0        0x0
 *(.iwram3)
                0x0000000003000ac0                . = ALIGN (0x4)
                [!provide]                        PROVIDE (__load_start_iwram3 = LOADADDR (.iwram3))
                [!provide]                        PROVIDE (__load_stop_iwram3 = (LOADADDR (.iwram3) + SIZEOF (.iwram3)))

.iwram4         0x0000000003000ac0        0x0
 *(.iwram4)
                0x0000000003000ac0                . = ALIGN (0x4)
                [!provide]                        PROVIDE (__load_start_iwram4 = LOADADDR (.iwram4))
                [!provide]                        PROVIDE (__load_stop_iwram4 = (LOADADDR (.iwram4) + SIZEOF (.iwram4)))

.iwram5         0x0000000003000ac0        0x0
 *(.iwram5)
                0x0000000003000ac0                . = ALIGN (0x4)
                [!provide]                        PROVIDE (__load_start_iwram5 = LOADADDR (.iwram5))
                [!provide]                        PROVIDE (__load_stop_iwram5 = (LOADADDR (.iwram5) + SIZEOF (.iwram5)))

.iwram6         0x0000000003000ac0        0x0
 *(.iwram6)
                0x0000000003000ac0                . = ALIGN (0x4)
                [!provide]                        PROVIDE (__load_start_iwram6 = LOADADDR (.iwram6))
                [!provide]                        PROVIDE (__load_stop_iwram6 = (LOADADDR (.iwram6) + SIZEOF (.iwram6)))

.iwram7         0x0000000003000ac0        0x0
 *(.iwram7)
                0x0000000003000ac0                . = ALIGN (0x4)
                [!provide]                        PROVIDE (__load_start_iwram7 = LOADADDR (.iwram7))
                [!provide]                        PROVIDE (__load_stop_iwram7 = (LOADADDR (.iwram7) + SIZEOF (.iwram7)))

.iwram8         0x0000000003000ac0        0x0
 *(.iwram8)
                0x0000000003000ac0                . = ALIGN (0x4)
                [!provide]                        PROVIDE (__load_start_iwram8 = LOADADDR (.iwram8))
                [!provide]                        PROVIDE (__load_stop_iwram8 = (LOADADDR (.iwram8) + SIZEOF (.iwram8)))

.iwram9         0x0000000003000ac0        0x0
 *(.iwram9)
                0x0000000003000ac0                . = ALIGN (0x4)
                [!provide]                        PROVIDE (__load_start_iwram9 = LOADADDR (.iwram9))
                [!provide]                        PROVIDE (__load_stop_iwram9 = (LOADADDR (.iwram9) + SIZEOF (.iwram9)))
                0x0000000003000ac0                __iwram_overlay_end = .
                0x0000000008010c9c                __ewram_lma = (__iwram_overlay_lma + (__iwram_overlay_end - __iwram_overlay_start))
                0x0000000003000ac0                __iheap_start = .
                0x0000000002000000                __ewram_start = ORIGIN (ewram)

.ewram          0x0000000002000000        0x0 load address 0x0000000008010c9c
 *(.ewram)
                0x0000000002000000                . = ALIGN (0x4)
                0x0000000002000000                __ewram_end = ABSOLUTE (.)
                0x0000000008010c9c                __pad_lma = (__ewram_lma + SIZEOF (.ewram))

.sbss           0x0000000002000000        0x0
                0x0000000002000000                __sbss_start__ = ABSOLUTE (.)
 *(.sbss)
                0x0000000002000000                . = ALIGN (0x4)
                0x0000000002000000                __sbss_end__ = ABSOLUTE (.)
                0x0000000002000000                __end__ = ABSOLUTE (.)
                0x0000000002000000                __eheap_start = ABSOLUTE (.)

.pad            0x0000000002000000        0x8 load address 0x0000000008010c9c
                0x0000000002000000        0x4 LONG 0x52416b64
                0x0000000002000004        0x4 LONG 0x4d
                0x0000000002000008                . = ALIGN (0x4)
                0x0000000008010ca4                __rom_end__ = (__pad_lma + SIZEOF (.pad))

.stab
 *(.stab)

.stabstr
 *(.stabstr)

.stab.excl
 *(.stab.excl)

.stab.exclstr
 *(.stab.exclstr)

.stab.index
 *(.stab.index)

.stab.indexstr
 *(.stab.indexstr)

.comment        0x0000000000000000       0x44
 *(.comment)
 .comment       0x0000000000000000       0x22 /opt/devkitpro/devkitARM/bin/../lib/gcc/arm-none-eabi/9.1.0/thumb/crtbegin.o
                                         0x23 (size before relaxing)
 .comment       0x0000000000000022       0x23 font.o
 .comment       0x0000000000000022       0x23 input.o
 .comment       0x0000000000000022       0x23 main.o
 .comment       0x0000000000000022       0x23 sprite.o
 .comment       0x0000000000000022       0x23 sushi.o
 .comment       0x0000000000000022       0x23 text.o
 .comment       0x0000000000000022       0x22 /opt/devkitpro/libgba/lib/libgba.a(AffineSet.o)
                                         0x23 (size before relaxing)
 .comment       0x0000000000000044       0x23 /opt/devkitpro/devkitARM/bin/../lib/gcc/arm-none-eabi/9.1.0/../../../../arm-none-eabi/lib/thumb/libg.a(lib_a-init.o)
 .comment       0x0000000000000044       0x23 /opt/devkitpro/devkitARM/bin/../lib/gcc/arm-none-eabi/9.1.0/../../../../arm-none-eabi/lib/thumb/libg.a(lib_a-memset.o)
 .comment       0x0000000000000044       0x23 /opt/devkitpro/devkitARM/bin/../lib/gcc/arm-none-eabi/9.1.0/../../../../arm-none-eabi/lib/thumb/libg.a(lib_a-vsnprintf.o)
 .comment       0x0000000000000044       0x23 /opt/devkitpro/devkitARM/bin/../lib/gcc/arm-none-eabi/9.1.0/../../../../arm-none-eabi/lib/thumb/libg.a(lib_a-svfprintf.o)
 .comment       0x0000000000000044       0x23 /opt/devkitpro/devkitARM/bin/../lib/gcc/arm-none-eabi/9.1.0/../../../../arm-none-eabi/lib/thumb/libg.a(lib_a-wcrtomb.o)
 .comment       0x0000000000000044       0x23 /opt/devkitpro/devkitARM/bin/../lib/gcc/arm-none-eabi/9.1.0/../../../../arm-none-eabi/lib/thumb/libg.a(lib_a-wcsrtombs.o)
 .comment       0x0000000000000044       0x23 /opt/devkitpro/devkitARM/bin/../lib/gcc/arm-none-eabi/9.1.0/../../../../arm-none-eabi/lib/thumb/libg.a(lib_a-dtoa.o)
 .comment       0x0000000000000044       0x23 /opt/devkitpro/devkitARM/bin/../lib/gcc/arm-none-eabi/9.1.0/../../../../arm-none-eabi/lib/thumb/libg.a(lib_a-freer.o)
 .comment       0x0000000000000044       0x23 /opt/devkitpro/devkitARM/bin/../lib/gcc/arm-none-eabi/9.1.0/../../../../arm-none-eabi/lib/thumb/libg.a(lib_a-localeconv.o)
 .comment       0x0000000000000044       0x23 /opt/devkitpro/devkitARM/bin/../lib/gcc/arm-none-eabi/9.1.0/../../../../arm-none-eabi/lib/thumb/libg.a(lib_a-locale.o)
 .comment       0x0000000000000044       0x23 /opt/devkitpro/devkitARM/bin/../lib/gcc/arm-none-eabi/9.1.0/../../../../arm-none-eabi/lib/thumb/libg.a(lib_a-mallocr.o)
 .comment       0x0000000000000044       0x23 /opt/devkitpro/devkitARM/bin/../lib/gcc/arm-none-eabi/9.1.0/../../../../arm-none-eabi/lib/thumb/libg.a(lib_a-mbtowc_r.o)
 .comment       0x0000000000000044       0x23 /opt/devkitpro/devkitARM/bin/../lib/gcc/arm-none-eabi/9.1.0/../../../../arm-none-eabi/lib/thumb/libg.a(lib_a-memchr-stub.o)
 .comment       0x0000000000000044       0x23 /opt/devkitpro/devkitARM/bin/../lib/gcc/arm-none-eabi/9.1.0/../../../../arm-none-eabi/lib/thumb/libg.a(lib_a-memcpy-stub.o)
 .comment       0x0000000000000044       0x23 /opt/devkitpro/devkitARM/bin/../lib/gcc/arm-none-eabi/9.1.0/../../../../arm-none-eabi/lib/thumb/libg.a(lib_a-mlock.o)
 .comment       0x0000000000000044       0x23 /opt/devkitpro/devkitARM/bin/../lib/gcc/arm-none-eabi/9.1.0/../../../../arm-none-eabi/lib/thumb/libg.a(lib_a-mprec.o)
 .comment       0x0000000000000044       0x23 /opt/devkitpro/devkitARM/bin/../lib/gcc/arm-none-eabi/9.1.0/../../../../arm-none-eabi/lib/thumb/libg.a(lib_a-s_frexp.o)
 .comment       0x0000000000000044       0x23 /opt/devkitpro/devkitARM/bin/../lib/gcc/arm-none-eabi/9.1.0/../../../../arm-none-eabi/lib/thumb/libg.a(lib_a-strlen-stub.o)
 .comment       0x0000000000000044       0x23 /opt/devkitpro/devkitARM/bin/../lib/gcc/arm-none-eabi/9.1.0/../../../../arm-none-eabi/lib/thumb/libg.a(lib_a-strncpy.o)
 .comment       0x0000000000000044       0x23 /opt/devkitpro/devkitARM/bin/../lib/gcc/arm-none-eabi/9.1.0/../../../../arm-none-eabi/lib/thumb/libg.a(lib_a-svfiprintf.o)
 .comment       0x0000000000000044       0x23 /opt/devkitpro/devkitARM/bin/../lib/gcc/arm-none-eabi/9.1.0/../../../../arm-none-eabi/lib/thumb/libg.a(lib_a-wcsnrtombs.o)
 .comment       0x0000000000000044       0x23 /opt/devkitpro/devkitARM/bin/../lib/gcc/arm-none-eabi/9.1.0/../../../../arm-none-eabi/lib/thumb/libg.a(lib_a-wctomb_r.o)
 .comment       0x0000000000000044       0x23 /opt/devkitpro/devkitARM/bin/../lib/gcc/arm-none-eabi/9.1.0/../../../../arm-none-eabi/lib/thumb/libg.a(lib_a-callocr.o)
 .comment       0x0000000000000044       0x23 /opt/devkitpro/devkitARM/bin/../lib/gcc/arm-none-eabi/9.1.0/../../../../arm-none-eabi/lib/thumb/libg.a(lib_a-ctype_.o)
 .comment       0x0000000000000044       0x23 /opt/devkitpro/devkitARM/bin/../lib/gcc/arm-none-eabi/9.1.0/../../../../arm-none-eabi/lib/thumb/libg.a(lib_a-memmove.o)
 .comment       0x0000000000000044       0x23 /opt/devkitpro/devkitARM/bin/../lib/gcc/arm-none-eabi/9.1.0/../../../../arm-none-eabi/lib/thumb/libg.a(lib_a-reallocr.o)
 .comment       0x0000000000000044       0x23 /opt/devkitpro/devkitARM/bin/../lib/gcc/arm-none-eabi/9.1.0/../../../../arm-none-eabi/lib/thumb/libsysbase.a(sbrk.o)
 .comment       0x0000000000000044       0x23 /opt/devkitpro/devkitARM/bin/../lib/gcc/arm-none-eabi/9.1.0/../../../../arm-none-eabi/lib/thumb/libsysbase.a(malloc_vars.o)
 .comment       0x0000000000000044       0x23 /opt/devkitpro/devkitARM/bin/../lib/gcc/arm-none-eabi/9.1.0/../../../../arm-none-eabi/lib/thumb/libsysbase.a(syscall_support.o)
 .comment       0x0000000000000044       0x23 /opt/devkitpro/devkitARM/bin/../lib/gcc/arm-none-eabi/9.1.0/../../../../arm-none-eabi/lib/thumb/libsysbase.a(getreent.o)
 .comment       0x0000000000000044       0x23 /opt/devkitpro/devkitARM/bin/../lib/gcc/arm-none-eabi/9.1.0/thumb/libgcc.a(_udivmoddi4.o)
 .comment       0x0000000000000044       0x23 /opt/devkitpro/devkitARM/bin/../lib/gcc/arm-none-eabi/9.1.0/../../../../arm-none-eabi/lib/thumb/libg.a(lib_a-impure.o)
 .comment       0x0000000000000044       0x23 /opt/devkitpro/devkitARM/bin/../lib/gcc/arm-none-eabi/9.1.0/thumb/crtend.o

.debug
 *(.debug)

.line
 *(.line)

.debug_srcinfo
 *(.debug_srcinfo)

.debug_sfnames
 *(.debug_sfnames)

.debug_aranges  0x0000000000000000       0xf0
 *(.debug_aranges)
 .debug_aranges
                0x0000000000000000       0x18 font.o
 .debug_aranges
                0x0000000000000018       0x20 input.o
 .debug_aranges
                0x0000000000000038       0x20 main.o
 .debug_aranges
                0x0000000000000058       0x20 sprite.o
 .debug_aranges
                0x0000000000000078       0x18 sushi.o
 .debug_aranges
                0x0000000000000090       0x20 text.o
 .debug_aranges
                0x00000000000000b0       0x20 /opt/devkitpro/libgba/lib/libgba.a(AffineSet.o)
 .debug_aranges
                0x00000000000000d0       0x20 /opt/devkitpro/libgba/lib/libgba.a(Div.o)

.debug_pubnames
 *(.debug_pubnames)

.debug_info     0x0000000000000000     0x2431
 *(.debug_info)
 .debug_info    0x0000000000000000       0x83 font.o
 .debug_info    0x0000000000000083      0x379 input.o
 .debug_info    0x00000000000003fc      0x3da main.o
 .debug_info    0x00000000000007d6      0xa66 sprite.o
 .debug_info    0x000000000000123c       0x81 sushi.o
 .debug_info    0x00000000000012bd      0xe9c text.o
 .debug_info    0x0000000000002159      0x2b2 /opt/devkitpro/libgba/lib/libgba.a(AffineSet.o)
 .debug_info    0x000000000000240b       0x26 /opt/devkitpro/libgba/lib/libgba.a(Div.o)

.debug_abbrev   0x0000000000000000      0xa7e
 *(.debug_abbrev)
 .debug_abbrev  0x0000000000000000       0x69 font.o
 .debug_abbrev  0x0000000000000069      0x17f input.o
 .debug_abbrev  0x00000000000001e8      0x1a0 main.o
 .debug_abbrev  0x0000000000000388      0x27d sprite.o
 .debug_abbrev  0x0000000000000605       0x4a sushi.o
 .debug_abbrev  0x000000000000064f      0x34c text.o
 .debug_abbrev  0x000000000000099b       0xcf /opt/devkitpro/libgba/lib/libgba.a(AffineSet.o)
 .debug_abbrev  0x0000000000000a6a       0x14 /opt/devkitpro/libgba/lib/libgba.a(Div.o)

.debug_line     0x0000000000000000      0xfcf
 *(.debug_line)
 .debug_line    0x0000000000000000       0x5e font.o
 .debug_line    0x000000000000005e      0x233 input.o
 .debug_line    0x0000000000000291      0x296 main.o
 .debug_line    0x0000000000000527      0x411 sprite.o
 .debug_line    0x0000000000000938       0x5f sushi.o
 .debug_line    0x0000000000000997      0x447 text.o
 .debug_line    0x0000000000000dde      0x177 /opt/devkitpro/libgba/lib/libgba.a(AffineSet.o)
 .debug_line    0x0000000000000f55       0x7a /opt/devkitpro/libgba/lib/libgba.a(Div.o)

.debug_frame    0x0000000000000000      0x4b0
 *(.debug_frame)
 .debug_frame   0x0000000000000000       0xa8 input.o
 .debug_frame   0x00000000000000a8       0x7c main.o
 .debug_frame   0x0000000000000124      0x240 sprite.o
 .debug_frame   0x0000000000000364      0x11c text.o
 .debug_frame   0x0000000000000480       0x30 /opt/devkitpro/libgba/lib/libgba.a(AffineSet.o)

.debug_str      0x0000000000000000     0x101d
 *(.debug_str)
 .debug_str     0x0000000000000000      0x116 font.o
                                        0x123 (size before relaxing)
 .debug_str     0x0000000000000116      0x250 input.o
                                        0x35c (size before relaxing)
 .debug_str     0x0000000000000366      0x22a main.o
                                        0x444 (size before relaxing)
 .debug_str     0x0000000000000590      0x353 sprite.o
                                        0x600 (size before relaxing)
 .debug_str     0x00000000000008e3       0x3f sushi.o
                                        0x126 (size before relaxing)
 .debug_str     0x0000000000000922      0x590 text.o
                                        0x87d (size before relaxing)
 .debug_str     0x0000000000000eb2      0x11b /opt/devkitpro/libgba/lib/libgba.a(AffineSet.o)
                                        0x222 (size before relaxing)
 .debug_str     0x0000000000000fcd       0x50 /opt/devkitpro/libgba/lib/libgba.a(Div.o)
                                         0x90 (size before relaxing)

.debug_loc      0x0000000000000000      0x103
 *(.debug_loc)
 .debug_loc     0x0000000000000000      0x103 /opt/devkitpro/libgba/lib/libgba.a(AffineSet.o)

.debug_macinfo
 *(.debug_macinfo)

.debug_weaknames
 *(.debug_weaknames)

.debug_funcnames
 *(.debug_funcnames)

.debug_typenames
 *(.debug_typenames)

.debug_varnames
 *(.debug_varnames)

.stack          0x0000000000080000        0x0
                0x0000000000080000                _stack = .
 *(.stack)

.note.gnu.arm.ident
 *(.note.gnu.arm.ident)

.ARM.attributes
                0x0000000000000000       0x2c
 *(.ARM.attributes)
 .ARM.attributes
                0x0000000000000000       0x20 /opt/devkitpro/devkitARM/bin/../lib/gcc/arm-none-eabi/9.1.0/../../../../arm-none-eabi/lib/thumb/gba_crt0.o
 .ARM.attributes
                0x0000000000000020       0x1c /opt/devkitpro/devkitARM/bin/../lib/gcc/arm-none-eabi/9.1.0/thumb/crti.o
 .ARM.attributes
                0x000000000000003c       0x2a /opt/devkitpro/devkitARM/bin/../lib/gcc/arm-none-eabi/9.1.0/thumb/crtbegin.o
 .ARM.attributes
                0x0000000000000066       0x2c font.o
 .ARM.attributes
                0x0000000000000092       0x26 input.o
 .ARM.attributes
                0x00000000000000b8       0x26 main.o
 .ARM.attributes
                0x00000000000000de       0x26 sprite.o
 .ARM.attributes
                0x0000000000000104       0x2c sushi.o
 .ARM.attributes
                0x0000000000000130       0x26 text.o
 .ARM.attributes
                0x0000000000000156       0x2a /opt/devkitpro/libgba/lib/libgba.a(AffineSet.o)
 .ARM.attributes
                0x0000000000000180       0x1a /opt/devkitpro/libgba/lib/libgba.a(Div.o)
 .ARM.attributes
                0x000000000000019a       0x2a /opt/devkitpro/devkitARM/bin/../lib/gcc/arm-none-eabi/9.1.0/../../../../arm-none-eabi/lib/thumb/libg.a(lib_a-init.o)
 .ARM.attributes
                0x00000000000001c4       0x2a /opt/devkitpro/devkitARM/bin/../lib/gcc/arm-none-eabi/9.1.0/../../../../arm-none-eabi/lib/thumb/libg.a(lib_a-memset.o)
 .ARM.attributes
                0x00000000000001ee       0x2a /opt/devkitpro/devkitARM/bin/../lib/gcc/arm-none-eabi/9.1.0/../../../../arm-none-eabi/lib/thumb/libg.a(lib_a-vsnprintf.o)
 .ARM.attributes
                0x0000000000000218       0x2a /opt/devkitpro/devkitARM/bin/../lib/gcc/arm-none-eabi/9.1.0/../../../../arm-none-eabi/lib/thumb/libg.a(lib_a-svfprintf.o)
 .ARM.attributes
                0x0000000000000242       0x2a /opt/devkitpro/devkitARM/bin/../lib/gcc/arm-none-eabi/9.1.0/../../../../arm-none-eabi/lib/thumb/libg.a(lib_a-wcrtomb.o)
 .ARM.attributes
                0x000000000000026c       0x2a /opt/devkitpro/devkitARM/bin/../lib/gcc/arm-none-eabi/9.1.0/../../../../arm-none-eabi/lib/thumb/libg.a(lib_a-wcsrtombs.o)
 .ARM.attributes
                0x0000000000000296       0x2a /opt/devkitpro/devkitARM/bin/../lib/gcc/arm-none-eabi/9.1.0/../../../../arm-none-eabi/lib/thumb/libg.a(lib_a-dtoa.o)
 .ARM.attributes
                0x00000000000002c0       0x2a /opt/devkitpro/devkitARM/bin/../lib/gcc/arm-none-eabi/9.1.0/../../../../arm-none-eabi/lib/thumb/libg.a(lib_a-freer.o)
 .ARM.attributes
                0x00000000000002ea       0x2a /opt/devkitpro/devkitARM/bin/../lib/gcc/arm-none-eabi/9.1.0/../../../../arm-none-eabi/lib/thumb/libg.a(lib_a-localeconv.o)
 .ARM.attributes
                0x0000000000000314       0x2a /opt/devkitpro/devkitARM/bin/../lib/gcc/arm-none-eabi/9.1.0/../../../../arm-none-eabi/lib/thumb/libg.a(lib_a-locale.o)
 .ARM.attributes
                0x000000000000033e       0x2a /opt/devkitpro/devkitARM/bin/../lib/gcc/arm-none-eabi/9.1.0/../../../../arm-none-eabi/lib/thumb/libg.a(lib_a-mallocr.o)
 .ARM.attributes
                0x0000000000000368       0x2a /opt/devkitpro/devkitARM/bin/../lib/gcc/arm-none-eabi/9.1.0/../../../../arm-none-eabi/lib/thumb/libg.a(lib_a-mbtowc_r.o)
 .ARM.attributes
                0x0000000000000392       0x2a /opt/devkitpro/devkitARM/bin/../lib/gcc/arm-none-eabi/9.1.0/../../../../arm-none-eabi/lib/thumb/libg.a(lib_a-memchr-stub.o)
 .ARM.attributes
                0x00000000000003bc       0x2a /opt/devkitpro/devkitARM/bin/../lib/gcc/arm-none-eabi/9.1.0/../../../../arm-none-eabi/lib/thumb/libg.a(lib_a-memcpy-stub.o)
 .ARM.attributes
                0x00000000000003e6       0x2a /opt/devkitpro/devkitARM/bin/../lib/gcc/arm-none-eabi/9.1.0/../../../../arm-none-eabi/lib/thumb/libg.a(lib_a-mlock.o)
 .ARM.attributes
                0x0000000000000410       0x2a /opt/devkitpro/devkitARM/bin/../lib/gcc/arm-none-eabi/9.1.0/../../../../arm-none-eabi/lib/thumb/libg.a(lib_a-mprec.o)
 .ARM.attributes
                0x000000000000043a       0x2a /opt/devkitpro/devkitARM/bin/../lib/gcc/arm-none-eabi/9.1.0/../../../../arm-none-eabi/lib/thumb/libg.a(lib_a-s_frexp.o)
 .ARM.attributes
                0x0000000000000464       0x2a /opt/devkitpro/devkitARM/bin/../lib/gcc/arm-none-eabi/9.1.0/../../../../arm-none-eabi/lib/thumb/libg.a(lib_a-strcasecmp.o)
 .ARM.attributes
                0x000000000000048e       0x2a /opt/devkitpro/devkitARM/bin/../lib/gcc/arm-none-eabi/9.1.0/../../../../arm-none-eabi/lib/thumb/libg.a(lib_a-strcat.o)
 .ARM.attributes
                0x00000000000004b8       0x2a /opt/devkitpro/devkitARM/bin/../lib/gcc/arm-none-eabi/9.1.0/../../../../arm-none-eabi/lib/thumb/libg.a(lib_a-strchr.o)
 .ARM.attributes
                0x00000000000004e2       0x1a /opt/devkitpro/devkitARM/bin/../lib/gcc/arm-none-eabi/9.1.0/../../../../arm-none-eabi/lib/thumb/libg.a(lib_a-strcmp.o)
 .ARM.attributes
                0x00000000000004fc       0x2a /opt/devkitpro/devkitARM/bin/../lib/gcc/arm-none-eabi/9.1.0/../../../../arm-none-eabi/lib/thumb/libg.a(lib_a-strcpy.o)
 .ARM.attributes
                0x0000000000000526       0x2a /opt/devkitpro/devkitARM/bin/../lib/gcc/arm-none-eabi/9.1.0/../../../../arm-none-eabi/lib/thumb/libg.a(lib_a-strlcpy.o)
 .ARM.attributes
                0x0000000000000550       0x2a /opt/devkitpro/devkitARM/bin/../lib/gcc/arm-none-eabi/9.1.0/../../../../arm-none-eabi/lib/thumb/libg.a(lib_a-strlen-stub.o)
 .ARM.attributes
                0x000000000000057a       0x2a /opt/devkitpro/devkitARM/bin/../lib/gcc/arm-none-eabi/9.1.0/../../../../arm-none-eabi/lib/thumb/libg.a(lib_a-strncasecmp.o)
 .ARM.attributes
                0x00000000000005a4       0x2a /opt/devkitpro/devkitARM/bin/../lib/gcc/arm-none-eabi/9.1.0/../../../../arm-none-eabi/lib/thumb/libg.a(lib_a-strncmp.o)
 .ARM.attributes
                0x00000000000005ce       0x2a /opt/devkitpro/devkitARM/bin/../lib/gcc/arm-none-eabi/9.1.0/../../../../arm-none-eabi/lib/thumb/libg.a(lib_a-strncpy.o)
 .ARM.attributes
                0x00000000000005f8       0x2a /opt/devkitpro/devkitARM/bin/../lib/gcc/arm-none-eabi/9.1.0/../../../../arm-none-eabi/lib/thumb/libg.a(lib_a-strtol.o)
 .ARM.attributes
                0x0000000000000622       0x2a /opt/devkitpro/devkitARM/bin/../lib/gcc/arm-none-eabi/9.1.0/../../../../arm-none-eabi/lib/thumb/libg.a(lib_a-svfiprintf.o)
 .ARM.attributes
                0x000000000000064c       0x2a /opt/devkitpro/devkitARM/bin/../lib/gcc/arm-none-eabi/9.1.0/../../../../arm-none-eabi/lib/thumb/libg.a(lib_a-wcsnrtombs.o)
 .ARM.attributes
                0x0000000000000676       0x2a /opt/devkitpro/devkitARM/bin/../lib/gcc/arm-none-eabi/9.1.0/../../../../arm-none-eabi/lib/thumb/libg.a(lib_a-wctomb_r.o)
 .ARM.attributes
                0x00000000000006a0       0x2a /opt/devkitpro/devkitARM/bin/../lib/gcc/arm-none-eabi/9.1.0/../../../../arm-none-eabi/lib/thumb/libg.a(lib_a-callocr.o)
 .ARM.attributes
                0x00000000000006ca       0x2a /opt/devkitpro/devkitARM/bin/../lib/gcc/arm-none-eabi/9.1.0/../../../../arm-none-eabi/lib/thumb/libg.a(lib_a-ctype_.o)
 .ARM.attributes
                0x00000000000006f4       0x2a /opt/devkitpro/devkitARM/bin/../lib/gcc/arm-none-eabi/9.1.0/../../../../arm-none-eabi/lib/thumb/libg.a(lib_a-getenv_r.o)
 .ARM.attributes
                0x000000000000071e       0x2a /opt/devkitpro/devkitARM/bin/../lib/gcc/arm-none-eabi/9.1.0/../../../../arm-none-eabi/lib/thumb/libg.a(lib_a-memmove.o)
 .ARM.attributes
                0x0000000000000748       0x2a /opt/devkitpro/devkitARM/bin/../lib/gcc/arm-none-eabi/9.1.0/../../../../arm-none-eabi/lib/thumb/libg.a(lib_a-reallocr.o)
 .ARM.attributes
                0x0000000000000772       0x30 /opt/devkitpro/devkitARM/bin/../lib/gcc/arm-none-eabi/9.1.0/../../../../arm-none-eabi/lib/thumb/libg.a(lib_a-environ.o)
 .ARM.attributes
                0x00000000000007a2       0x2a /opt/devkitpro/devkitARM/bin/../lib/gcc/arm-none-eabi/9.1.0/../../../../arm-none-eabi/lib/thumb/libg.a(lib_a-envlock.o)
 .ARM.attributes
                0x00000000000007cc       0x2a /opt/devkitpro/devkitARM/bin/../lib/gcc/arm-none-eabi/9.1.0/../../../../arm-none-eabi/lib/thumb/libsysbase.a(sbrk.o)
 .ARM.attributes
                0x00000000000007f6       0x30 /opt/devkitpro/devkitARM/bin/../lib/gcc/arm-none-eabi/9.1.0/../../../../arm-none-eabi/lib/thumb/libsysbase.a(malloc_vars.o)
 .ARM.attributes
                0x0000000000000826       0x2a /opt/devkitpro/devkitARM/bin/../lib/gcc/arm-none-eabi/9.1.0/../../../../arm-none-eabi/lib/thumb/libsysbase.a(syscall_support.o)
 .ARM.attributes
                0x0000000000000850       0x2a /opt/devkitpro/devkitARM/bin/../lib/gcc/arm-none-eabi/9.1.0/../../../../arm-none-eabi/lib/thumb/libsysbase.a(getreent.o)
 .ARM.attributes
                0x000000000000087a       0x1c /opt/devkitpro/devkitARM/bin/../lib/gcc/arm-none-eabi/9.1.0/thumb/libgcc.a(_thumb1_case_uqi.o)
 .ARM.attributes
                0x0000000000000896       0x1c /opt/devkitpro/devkitARM/bin/../lib/gcc/arm-none-eabi/9.1.0/thumb/libgcc.a(_thumb1_case_uhi.o)
 .ARM.attributes
                0x00000000000008b2       0x1c /opt/devkitpro/devkitARM/bin/../lib/gcc/arm-none-eabi/9.1.0/thumb/libgcc.a(_arm_muldf3.o)
 .ARM.attributes
                0x00000000000008ce       0x1c /opt/devkitpro/devkitARM/bin/../lib/gcc/arm-none-eabi/9.1.0/thumb/libgcc.a(_udivsi3.o)
 .ARM.attributes
                0x00000000000008ea       0x1c /opt/devkitpro/devkitARM/bin/../lib/gcc/arm-none-eabi/9.1.0/thumb/libgcc.a(_divsi3.o)
 .ARM.attributes
                0x0000000000000906       0x1c /opt/devkitpro/devkitARM/bin/../lib/gcc/arm-none-eabi/9.1.0/thumb/libgcc.a(_dvmd_tls.o)
 .ARM.attributes
                0x0000000000000922       0x1c /opt/devkitpro/devkitARM/bin/../lib/gcc/arm-none-eabi/9.1.0/thumb/libgcc.a(_arm_addsubdf3.o)
 .ARM.attributes
                0x000000000000093e       0x1c /opt/devkitpro/devkitARM/bin/../lib/gcc/arm-none-eabi/9.1.0/thumb/libgcc.a(_arm_muldivdf3.o)
 .ARM.attributes
                0x000000000000095a       0x1c /opt/devkitpro/devkitARM/bin/../lib/gcc/arm-none-eabi/9.1.0/thumb/libgcc.a(_arm_cmpdf2.o)
 .ARM.attributes
                0x0000000000000976       0x1c /opt/devkitpro/devkitARM/bin/../lib/gcc/arm-none-eabi/9.1.0/thumb/libgcc.a(_arm_unorddf2.o)
 .ARM.attributes
                0x0000000000000992       0x1c /opt/devkitpro/devkitARM/bin/../lib/gcc/arm-none-eabi/9.1.0/thumb/libgcc.a(_arm_fixdfsi.o)
 .ARM.attributes
                0x00000000000009ae       0x1c /opt/devkitpro/devkitARM/bin/../lib/gcc/arm-none-eabi/9.1.0/thumb/libgcc.a(_aeabi_uldivmod.o)
 .ARM.attributes
                0x00000000000009ca       0x2a /opt/devkitpro/devkitARM/bin/../lib/gcc/arm-none-eabi/9.1.0/thumb/libgcc.a(_udivmoddi4.o)
 .ARM.attributes
                0x00000000000009f4       0x1c /opt/devkitpro/devkitARM/bin/../lib/gcc/arm-none-eabi/9.1.0/thumb/libgcc.a(_clzdi2.o)
 .ARM.attributes
                0x0000000000000a10       0x1c /opt/devkitpro/devkitARM/bin/../lib/gcc/arm-none-eabi/9.1.0/thumb/libgcc.a(_clzsi2.o)
 .ARM.attributes
                0x0000000000000a2c       0x30 /opt/devkitpro/devkitARM/bin/../lib/gcc/arm-none-eabi/9.1.0/../../../../arm-none-eabi/lib/thumb/libg.a(lib_a-impure.o)
 .ARM.attributes
                0x0000000000000a5c       0x30 /opt/devkitpro/devkitARM/bin/../lib/gcc/arm-none-eabi/9.1.0/thumb/crtend.o
 .ARM.attributes
                0x0000000000000a8c       0x1c /opt/devkitpro/devkitARM/bin/../lib/gcc/arm-none-eabi/9.1.0/thumb/crtn.o

/DISCARD/
 *(.note.GNU-stack)
LOAD /opt/devkitpro/devkitARM/bin/../lib/gcc/arm-none-eabi/9.1.0/../../../../arm-none-eabi/lib/thumb/gba_crt0.o
LOAD /opt/devkitpro/devkitARM/bin/../lib/gcc/arm-none-eabi/9.1.0/thumb/crti.o
LOAD /opt/devkitpro/devkitARM/bin/../lib/gcc/arm-none-eabi/9.1.0/thumb/crtbegin.o
LOAD font.o
LOAD input.o
LOAD main.o
LOAD sprite.o
LOAD sushi.o
LOAD text.o
LOAD /opt/devkitpro/devkitARM/bin/../lib/gcc/arm-none-eabi/9.1.0/../../../../arm-none-eabi/lib/thumb/libm.a
LOAD /opt/devkitpro/libgba/lib/libgba.a
START GROUP
LOAD /opt/devkitpro/devkitARM/bin/../lib/gcc/arm-none-eabi/9.1.0/thumb/libgcc.a
LOAD /opt/devkitpro/devkitARM/bin/../lib/gcc/arm-none-eabi/9.1.0/../../../../arm-none-eabi/lib/thumb/libg.a
LOAD /opt/devkitpro/devkitARM/bin/../lib/gcc/arm-none-eabi/9.1.0/../../../../arm-none-eabi/lib/thumb/libc.a
LOAD /opt/devkitpro/devkitARM/bin/../lib/gcc/arm-none-eabi/9.1.0/../../../../arm-none-eabi/lib/thumb/libsysbase.a
END GROUP
LOAD /opt/devkitpro/devkitARM/bin/../lib/gcc/arm-none-eabi/9.1.0/thumb/crtend.o
LOAD /opt/devkitpro/devkitARM/bin/../lib/gcc/arm-none-eabi/9.1.0/thumb/crtn.o
OUTPUT(/Users/shumon/src/techbook7/GBAonDocker2/affine/affine.elf elf32-littlearm)

.debug_ranges   0x0000000000000000       0x10
 .debug_ranges  0x0000000000000000       0x10 /opt/devkitpro/libgba/lib/libgba.a(AffineSet.o)
